Component: ARM Compiler 5.06 update 5 (build 528) Tool: armlink [4d35e2]

==============================================================================

Section Cross References

    startup_stm32f10x_md.o(RESET) refers to startup_stm32f10x_md.o(STACK) for __initial_sp
    startup_stm32f10x_md.o(RESET) refers to startup_stm32f10x_md.o(.text) for Reset_Handler
    startup_stm32f10x_md.o(RESET) refers to stm32f10x_it.o(i.NMI_Handler) for NMI_Handler
    startup_stm32f10x_md.o(RESET) refers to stm32f10x_it.o(i.HardFault_Handler) for HardFault_Handler
    startup_stm32f10x_md.o(RESET) refers to stm32f10x_it.o(i.MemManage_Handler) for MemManage_Handler
    startup_stm32f10x_md.o(RESET) refers to stm32f10x_it.o(i.BusFault_Handler) for BusFault_Handler
    startup_stm32f10x_md.o(RESET) refers to stm32f10x_it.o(i.UsageFault_Handler) for UsageFault_Handler
    startup_stm32f10x_md.o(RESET) refers to stm32f10x_it.o(i.SVC_Handler) for SVC_Handler
    startup_stm32f10x_md.o(RESET) refers to stm32f10x_it.o(i.DebugMon_Handler) for DebugMon_Handler
    startup_stm32f10x_md.o(RESET) refers to stm32f10x_it.o(i.PendSV_Handler) for PendSV_Handler
    startup_stm32f10x_md.o(RESET) refers to stm32f10x_it.o(i.SysTick_Handler) for SysTick_Handler
    startup_stm32f10x_md.o(RESET) refers to tim.o(i.TIM3_IRQHandler) for TIM3_IRQHandler
    startup_stm32f10x_md.o(RESET) refers to uart.o(i.USART1_IRQHandler) for USART1_IRQHandler
    startup_stm32f10x_md.o(RESET) refers to esp_8266.o(i.USART2_IRQHandler) for USART2_IRQHandler
    startup_stm32f10x_md.o(.text) refers to system_stm32f10x.o(i.SystemInit) for SystemInit
    startup_stm32f10x_md.o(.text) refers to entry.o(.ARM.Collect$$$$00000000) for __main
    system_stm32f10x.o(i.SetSysClock) refers to system_stm32f10x.o(i.SetSysClockTo72) for SetSysClockTo72
    system_stm32f10x.o(i.SystemCoreClockUpdate) refers to system_stm32f10x.o(.data) for SystemCoreClock
    system_stm32f10x.o(i.SystemInit) refers to system_stm32f10x.o(i.SetSysClock) for SetSysClock
    stm32f10x_adc.o(i.ADC_DeInit) refers to stm32f10x_rcc.o(i.RCC_APB2PeriphResetCmd) for RCC_APB2PeriphResetCmd
    stm32f10x_bkp.o(i.BKP_DeInit) refers to stm32f10x_rcc.o(i.RCC_BackupResetCmd) for RCC_BackupResetCmd
    stm32f10x_can.o(i.CAN_DeInit) refers to stm32f10x_rcc.o(i.RCC_APB1PeriphResetCmd) for RCC_APB1PeriphResetCmd
    stm32f10x_can.o(i.CAN_GetITStatus) refers to stm32f10x_can.o(i.CheckITStatus) for CheckITStatus
    stm32f10x_cec.o(i.CEC_DeInit) refers to stm32f10x_rcc.o(i.RCC_APB1PeriphResetCmd) for RCC_APB1PeriphResetCmd
    stm32f10x_dac.o(i.DAC_DeInit) refers to stm32f10x_rcc.o(i.RCC_APB1PeriphResetCmd) for RCC_APB1PeriphResetCmd
    stm32f10x_flash.o(i.FLASH_EnableWriteProtection) refers to stm32f10x_flash.o(i.FLASH_WaitForLastOperation) for FLASH_WaitForLastOperation
    stm32f10x_flash.o(i.FLASH_EraseAllBank1Pages) refers to stm32f10x_flash.o(i.FLASH_WaitForLastBank1Operation) for FLASH_WaitForLastBank1Operation
    stm32f10x_flash.o(i.FLASH_EraseAllPages) refers to stm32f10x_flash.o(i.FLASH_WaitForLastOperation) for FLASH_WaitForLastOperation
    stm32f10x_flash.o(i.FLASH_EraseOptionBytes) refers to stm32f10x_flash.o(i.FLASH_GetReadOutProtectionStatus) for FLASH_GetReadOutProtectionStatus
    stm32f10x_flash.o(i.FLASH_EraseOptionBytes) refers to stm32f10x_flash.o(i.FLASH_WaitForLastOperation) for FLASH_WaitForLastOperation
    stm32f10x_flash.o(i.FLASH_ErasePage) refers to stm32f10x_flash.o(i.FLASH_WaitForLastOperation) for FLASH_WaitForLastOperation
    stm32f10x_flash.o(i.FLASH_ProgramHalfWord) refers to stm32f10x_flash.o(i.FLASH_WaitForLastOperation) for FLASH_WaitForLastOperation
    stm32f10x_flash.o(i.FLASH_ProgramOptionByteData) refers to stm32f10x_flash.o(i.FLASH_WaitForLastOperation) for FLASH_WaitForLastOperation
    stm32f10x_flash.o(i.FLASH_ProgramWord) refers to stm32f10x_flash.o(i.FLASH_WaitForLastOperation) for FLASH_WaitForLastOperation
    stm32f10x_flash.o(i.FLASH_ReadOutProtection) refers to stm32f10x_flash.o(i.FLASH_WaitForLastOperation) for FLASH_WaitForLastOperation
    stm32f10x_flash.o(i.FLASH_UserOptionByteConfig) refers to stm32f10x_flash.o(i.FLASH_WaitForLastOperation) for FLASH_WaitForLastOperation
    stm32f10x_flash.o(i.FLASH_WaitForLastBank1Operation) refers to stm32f10x_flash.o(i.FLASH_GetBank1Status) for FLASH_GetBank1Status
    stm32f10x_flash.o(i.FLASH_WaitForLastOperation) refers to stm32f10x_flash.o(i.FLASH_GetBank1Status) for FLASH_GetBank1Status
    stm32f10x_gpio.o(i.GPIO_AFIODeInit) refers to stm32f10x_rcc.o(i.RCC_APB2PeriphResetCmd) for RCC_APB2PeriphResetCmd
    stm32f10x_gpio.o(i.GPIO_DeInit) refers to stm32f10x_rcc.o(i.RCC_APB2PeriphResetCmd) for RCC_APB2PeriphResetCmd
    stm32f10x_i2c.o(i.I2C_DeInit) refers to stm32f10x_rcc.o(i.RCC_APB1PeriphResetCmd) for RCC_APB1PeriphResetCmd
    stm32f10x_i2c.o(i.I2C_Init) refers to stm32f10x_rcc.o(i.RCC_GetClocksFreq) for RCC_GetClocksFreq
[...]
    ../clib/microlib/ctype/ctype.c           0x00000000   Number         0  isdigit_o.o ABSOLUTE
    ../clib/microlib/ctype/ctype.c           0x00000000   Number         0  isgraph_o.o ABSOLUTE
    ../clib/microlib/ctype/ctype.c           0x00000000   Number         0  isxdigit_o.o ABSOLUTE
    ../clib/microlib/ctype/ctype.c           0x00000000   Number         0  ctype_c.o ABSOLUTE
    ../clib/microlib/ctype/ctype.c           0x00000000   Number         0  isblank_o.o ABSOLUTE
    ../clib/microlib/ctype/ctype.c           0x00000000   Number         0  isspace_c.o ABSOLUTE
    ../clib/microlib/ctype/ctype.c           0x00000000   Number         0  ctype_o.o ABSOLUTE
    ../clib/microlib/ctype/ctype.c           0x00000000   Number         0  isalnum_o.o ABSOLUTE
    ../clib/microlib/ctype/ctype.c           0x00000000   Number         0  isalpha_o.o ABSOLUTE
    ../clib/microlib/ctype/tolower.c         0x00000000   Number         0  tolower.o ABSOLUTE
    ../clib/microlib/division.c              0x00000000   Number         0  uidiv.o ABSOLUTE
    ../clib/microlib/division.c              0x00000000   Number         0  uldiv.o ABSOLUTE
    ../clib/microlib/errno.c                 0x00000000   Number         0  errno.o ABSOLUTE
    ../clib/microlib/init/entry.s            0x00000000   Number         0  entry.o ABSOLUTE
    ../clib/microlib/init/entry.s            0x00000000   Number         0  entry10b.o ABSOLUTE
    ../clib/microlib/init/entry.s            0x00000000   Number         0  entry2.o ABSOLUTE
    ../clib/microlib/init/entry.s            0x00000000   Number         0  entry5.o ABSOLUTE
    ../clib/microlib/init/entry.s            0x00000000   Number         0  entry9a.o ABSOLUTE
    ../clib/microlib/init/entry.s            0x00000000   Number         0  entry7a.o ABSOLUTE
    ../clib/microlib/init/entry.s            0x00000000   Number         0  entry11b.o ABSOLUTE
    ../clib/microlib/init/entry.s            0x00000000   Number         0  entry7b.o ABSOLUTE
    ../clib/microlib/init/entry.s            0x00000000   Number         0  entry8a.o ABSOLUTE
    ../clib/microlib/init/entry.s            0x00000000   Number         0  entry8b.o ABSOLUTE
    ../clib/microlib/init/entry.s            0x00000000   Number         0  entry9b.o ABSOLUTE
    ../clib/microlib/init/entry.s            0x00000000   Number         0  entry10a.o ABSOLUTE
    ../clib/microlib/init/entry.s            0x00000000   Number         0  entry11a.o ABSOLUTE
    ../clib/microlib/longlong.c              0x00000000   Number         0  llshl.o ABSOLUTE
    ../clib/microlib/longlong.c              0x00000000   Number         0  llushr.o ABSOLUTE
    ../clib/microlib/longlong.c              0x00000000   Number         0  llsshr.o ABSOLUTE
    ../clib/microlib/malloc/malloc.c         0x00000000   Number         0  mallocra.o ABSOLUTE
    ../clib/microlib/malloc/malloc.c         0x00000000   Number         0  mallocr.o ABSOLUTE
    ../clib/microlib/malloc/malloc.c         0x00000000   Number         0  malloc.o ABSOLUTE
    ../clib/microlib/malloc/malloc.c         0x00000000   Number         0  malloca.o ABSOLUTE
    ../clib/microlib/malloc/mvars.c          0x00000000   Number         0  mvars.o ABSOLUTE
    ../clib/microlib/printf/printf.c         0x00000000   Number         0  printf2.o ABSOLUTE
    ../clib/microlib/printf/printf.c         0x00000000   Number         0  printf1.o ABSOLUTE
    ../clib/microlib/printf/printf.c         0x00000000   Number         0  printf0.o ABSOLUTE
    ../clib/microlib/printf/printf.c         0x00000000   Number         0  printfa.o ABSOLUTE
    ../clib/microlib/printf/printf.c         0x00000000   Number         0  printf8.o ABSOLUTE
    ../clib/microlib/printf/printf.c         0x00000000   Number         0  printf7.o ABSOLUTE
    ../clib/microlib/printf/printf.c         0x00000000   Number         0  printf6.o ABSOLUTE
    ../clib/microlib/printf/printf.c         0x00000000   Number         0  printfb.o ABSOLUTE
    ../clib/microlib/printf/printf.c         0x00000000   Number         0  printf5.o ABSOLUTE
    ../clib/microlib/printf/printf.c         0x00000000   Number         0  printf4.o ABSOLUTE
    ../clib/microlib/printf/printf.c         0x00000000   Number         0  printf3.o ABSOLUTE
    ../clib/microlib/printf/stubs.s          0x00000000   Number         0  stubs.o ABSOLUTE
    ../clib/microlib/stdio/streams.c         0x00000000   Number         0  stdout.o ABSOLUTE
    ../clib/microlib/string/memcpy.c         0x00000000   Number         0  memcpya.o ABSOLUTE
    ../clib/microlib/string/memcpy.c         0x00000000   Number         0  memcpyb.o ABSOLUTE
    ../clib/microlib/string/memset.c         0x00000000   Number         0  memseta.o ABSOLUTE
    ../clib/microlib/string/strchr.c         0x00000000   Number         0  strchr.o ABSOLUTE
    ../clib/microlib/string/strcmp.c         0x00000000   Number         0  strcmp.o ABSOLUTE
    ../clib/microlib/string/strcpy.c         0x00000000   Number         0  strcpy.o ABSOLUTE
    ../clib/microlib/string/strlen.c         0x00000000   Number         0  strlen.o ABSOLUTE
    ../clib/microlib/string/strncat.c        0x00000000   Number         0  strncat.o ABSOLUTE
    ../clib/microlib/string/strncmp.c        0x00000000   Number         0  strncmp.o ABSOLUTE
    ../clib/microlib/string/strstr.c         0x00000000   Number         0  strstr.o ABSOLUTE
    ../clib/microlib/stubs.s                 0x00000000   Number         0  iusefp.o ABSOLUTE
    ../clib/scanf.c                          0x00000000   Number         0  atoi.o ABSOLUTE
    ../clib/scanf.c                          0x00000000   Number         0  strtod.o ABSOLUTE
    ../clib/scanf.c                          0x00000000   Number         0  _strtoul.o ABSOLUTE
    ../clib/scanf.c                          0x00000000   Number         0  _scanf.o ABSOLUTE
    ../clib/scanf.c                          0x00000000   Number         0  _sgetc.o ABSOLUTE
    ../clib/scanf.c                          0x00000000   Number         0  scanf_char.o ABSOLUTE
    ../clib/scanf.c                          0x00000000   Number         0  strtol.o ABSOLUTE
    ../clib/scanf.c                          0x00000000   Number         0  _chval.o ABSOLUTE
    ../clib/scanf.c                          0x00000000   Number         0  __0sscanf.o ABSOLUTE
    ../clib/scanf.c                          0x00000000   Number         0  scanf_fp.o ABSOLUTE
    ../fplib/microlib/d2f.c                  0x00000000   Number         0  d2f.o ABSOLUTE
    ../fplib/microlib/f2d.c                  0x00000000   Number         0  f2d.o ABSOLUTE
    ../fplib/microlib/fpadd.c                0x00000000   Number         0  dadd.o ABSOLUTE
    ../fplib/microlib/fpdiv.c                0x00000000   Number         0  ddiv.o ABSOLUTE
    ../fplib/microlib/fpepilogue.c           0x00000000   Number         0  fepilogue.o ABSOLUTE
    ../fplib/microlib/fpepilogue.c           0x00000000   Number         0  depilogue.o ABSOLUTE
    ../fplib/microlib/fpfix.c                0x00000000   Number         0  dfixi.o ABSOLUTE
    ../fplib/microlib/fpfix.c                0x00000000   Number         0  dfixul.o ABSOLUTE
    ../fplib/microlib/fpflt.c                0x00000000   Number         0  dflti.o ABSOLUTE
    ../fplib/microlib/fpflt.c                0x00000000   Number         0  dfltul.o ABSOLUTE
    ../fplib/microlib/fpmul.c                0x00000000   Number         0  dmul.o ABSOLUTE
    ../mathlib/strtod.c                      0x00000000   Number         0  strtod.o ABSOLUTE
    CJSON\cJSON.c                            0x00000000   Number         0  cjson.o ABSOLUTE
    Library\misc.c                           0x00000000   Number         0  misc.o ABSOLUTE
    Library\stm32f10x_adc.c                  0x00000000   Number         0  stm32f10x_adc.o ABSOLUTE
    Library\stm32f10x_bkp.c                  0x00000000   Number         0  stm32f10x_bkp.o ABSOLUTE
    Library\stm32f10x_can.c                  0x00000000   Number         0  stm32f10x_can.o ABSOLUTE
    Library\stm32f10x_cec.c                  0x00000000   Number         0  stm32f10x_cec.o ABSOLUTE
    Library\stm32f10x_crc.c                  0x00000000   Number         0  stm32f10x_crc.o ABSOLUTE
    Library\stm32f10x_dac.c                  0x00000000   Number         0  stm32f10x_dac.o ABSOLUTE
    Library\stm32f10x_dbgmcu.c               0x00000000   Number         0  stm32f10x_dbgmcu.o ABSOLUTE
    Library\stm32f10x_dma.c                  0x00000000   Number         0  stm32f10x_dma.o ABSOLUTE
    Library\stm32f10x_exti.c                 0x00000000   Number         0  stm32f10x_exti.o ABSOLUTE
    Library\stm32f10x_flash.c                0x00000000   Number         0  stm32f10x_flash.o ABSOLUTE
    Library\stm32f10x_fsmc.c                 0x00000000   Number         0  stm32f10x_fsmc.o ABSOLUTE
    Library\stm32f10x_gpio.c                 0x00000000   Number         0  stm32f10x_gpio.o ABSOLUTE
    Library\stm32f10x_i2c.c                  0x00000000   Number         0  stm32f10x_i2c.o ABSOLUTE
    Library\stm32f10x_iwdg.c                 0x00000000   Number         0  stm32f10x_iwdg.o ABSOLUTE
    Library\stm32f10x_pwr.c                  0x00000000   Number         0  stm32f10x_pwr.o ABSOLUTE
    Library\stm32f10x_rcc.c                  0x00000000   Number         0  stm32f10x_rcc.o ABSOLUTE
    Library\stm32f10x_rtc.c                  0x00000000   Number         0  stm32f10x_rtc.o ABSOLUTE
    Library\stm32f10x_sdio.c                 0x00000000   Number         0  stm32f10x_sdio.o ABSOLUTE
    Library\stm32f10x_spi.c                  0x00000000   Number         0  stm32f10x_spi.o ABSOLUTE
    Library\stm32f10x_tim.c                  0x00000000   Number         0  stm32f10x_tim.o ABSOLUTE
    Library\stm32f10x_usart.c                0x00000000   Number         0  stm32f10x_usart.o ABSOLUTE
    Library\stm32f10x_wwdg.c                 0x00000000   Number         0  stm32f10x_wwdg.o ABSOLUTE
    Net\Mqtt.c                               0x00000000   Number         0  mqtt.o ABSOLUTE
    Net\MqttKit.c                            0x00000000   Number         0  mqttkit.o ABSOLUTE
    Net\esp_8266.c                           0x00000000   Number         0  esp_8266.o ABSOLUTE
    Start\\core_cm3.c                        0x00000000   Number         0  core_cm3.o ABSOLUTE
    Start\core_cm3.c                         0x00000000   Number         0  core_cm3.o ABSOLUTE
    Start\startup_stm32f10x_md.s             0x00000000   Number         0  startup_stm32f10x_md.o ABSOLUTE
    Start\system_stm32f10x.c                 0x00000000   Number         0  system_stm32f10x.o ABSOLUTE
    System\Delay.c                           0x00000000   Number         0  delay.o ABSOLUTE
    System\IWDG.c                            0x00000000   Number         0  iwdg.o ABSOLUTE
    System\TIM.c                             0x00000000   Number         0  tim.o ABSOLUTE
    User\main.c                              0x00000000   Number         0  main.o ABSOLUTE
    User\stm32f10x_it.c                      0x00000000   Number         0  stm32f10x_it.o ABSOLUTE
    cdcmple.s                                0x00000000   Number         0  cdcmple.o ABSOLUTE
    cdrcmple.s                               0x00000000   Number         0  cdrcmple.o ABSOLUTE
    dc.s                                     0x00000000   Number         0  dc.o ABSOLUTE
    handlers.s                               0x00000000   Number         0  handlers.o ABSOLUTE
    hardware\Beep.c                          0x00000000   Number         0  beep.o ABSOLUTE
    hardware\Led.c                           0x00000000   Number         0  led.o ABSOLUTE
    hardware\touch.c                         0x00000000   Number         0  touch.o ABSOLUTE
    hardware\uart.c                          0x00000000   Number         0  uart.o ABSOLUTE
    init.s                                   0x00000000   Number         0  init.o ABSOLUTE
    RESET                                    0x08000000   Section      236  startup_stm32f10x_md.o(RESET)
    .ARM.Collect$$$$00000000                 0x080000ec   Section        0  entry.o(.ARM.Collect$$$$00000000)
    .ARM.Collect$$$$00000001                 0x080000ec   Section        4  entry2.o(.ARM.Collect$$$$00000001)
    .ARM.Collect$$$$00000004                 0x080000f0   Section        4  entry5.o(.ARM.Collect$$$$00000004)
    .ARM.Collect$$$$00000008                 0x080000f4   Section        0  entry7b.o(.ARM.Collect$$$$00000008)
    .ARM.Collect$$$$0000000A                 0x080000f4   Section        0  entry8b.o(.ARM.Collect$$$$0000000A)
    .ARM.Collect$$$$0000000B                 0x080000f4   Section        8  entry9a.o(.ARM.Collect$$$$0000000B)
    .ARM.Collect$$$$0000000D                 0x080000fc   Section        0  entry10a.o(.ARM.Collect$$$$0000000D)
    .ARM.Collect$$$$0000000F                 0x080000fc   Section        0  entry11a.o(.ARM.Collect$$$$0000000F)
    .ARM.Collect$$$$00002712                 0x080000fc   Section        4  entry2.o(.ARM.Collect$$$$00002712)
    __lit__00000000                          0x080000fc   Data           4  entry2.o(.ARM.Collect$$$$00002712)
    .text                                    0x08000100   Section       36  startup_stm32f10x_md.o(.text)
    .text                                    0x08000124   Section        0  tolower.o(.text)
    .text                                    0x08000130   Section        0  memcpya.o(.text)
    .text                                    0x08000154   Section        0  memseta.o(.text)
    .text                                    0x08000178   Section        0  strstr.o(.text)
    .text                                    0x0800019c   Section        0  strchr.o(.text)
    .text                                    0x080001b0   Section        0  strlen.o(.text)
    .text                                    0x080001be   Section        0  strcmp.o(.text)
    .text                                    0x080001da   Section        0  strncat.o(.text)
    .text                                    0x08000202   Section        0  strncmp.o(.text)
    .text                                    0x08000220   Section        0  scanf_fp.o(.text)
    _fp_value                                0x08000221   Thumb Code   296  scanf_fp.o(.text)
    .text                                    0x08000580   Section        0  atoi.o(.text)
    .text                                    0x0800059a   Section        0  dadd.o(.text)
    .text                                    0x080006e8   Section        0  dmul.o(.text)
    .text                                    0x080007cc   Section        0  dfixi.o(.text)
    .text                                    0x0800080c   Section       48  cdcmple.o(.text)
    .text                                    0x0800083c   Section       48  cdrcmple.o(.text)
    .text                                    0x0800086c   Section        0  uidiv.o(.text)
    .text                                    0x08000898   Section        0  uldiv.o(.text)
    .text                                    0x080008fa   Section        0  llshl.o(.text)
    .text                                    0x08000918   Section        0  llushr.o(.text)
    .text                                    0x08000938   Section        0  llsshr.o(.text)
    .text                                    0x0800095c   Section        0  _sgetc.o(.text)
    .text                                    0x0800099c   Section        0  strtod.o(.text)
    _local_sscanf                            0x0800099d   Thumb Code    54  strtod.o(.text)
    .text                                    0x08000a38   Section        0  strtol.o(.text)
    .text                                    0x08000aa8   Section        0  iusefp.o(.text)
    .text                                    0x08000aa8   Section        0  depilogue.o(.text)
    .text                                    0x08000b62   Section        0  ddiv.o(.text)
    .text                                    0x08000c40   Section        0  dfltul.o(.text)
    .text                                    0x08000c58   Section        0  dfixul.o(.text)
    .text                                    0x08000c88   Section        0  d2f.o(.text)
    .text                                    0x08000cc0   Section       36  init.o(.text)
    .text                                    0x08000ce4   Section        0  ctype_o.o(.text)
    .text                                    0x08000cec   Section        0  isspace_o.o(.text)
    .text                                    0x08000cfe   Section        0  _strtoul.o(.text)
    .text                                    0x08000d9c   Section        0  fepilogue.o(.text)
    .text                                    0x08000e0a   Section        0  _chval.o(.text)
    i.ALiYun_DevLink                         0x08000e28   Section        0  mqtt.o(i.ALiYun_DevLink)
    i.ALiYun_HeartBeat                       0x08001094   Section        0  mqttkit.o(i.ALiYun_HeartBeat)
    i.ALiYun_Publish                         0x08001124   Section        0  mqtt.o(i.ALiYun_Publish)
    i.ALiYun_RevPro                          0x08001190   Section        0  mqtt.o(i.ALiYun_RevPro)
    i.ALiYun_Subscribe                       0x0800160c   Section        0  mqtt.o(i.ALiYun_Subscribe)
    i.Beep_Flag                              0x08001678   Section        0  beep.o(i.Beep_Flag)
    i.Beep_Init                              0x0800169c   Section        0  beep.o(i.Beep_Init)
    i.Beep_OFF                               0x080016d0   Section        0  beep.o(i.Beep_OFF)
    i.Beep_ON                                0x080016e4   Section        0  beep.o(i.Beep_ON)
    i.BusFault_Handler                       0x080016f8   Section        0  stm32f10x_it.o(i.BusFault_Handler)
    i.DebugMon_Handler                       0x080016fc   Section        0  stm32f10x_it.o(i.DebugMon_Handler)
    i.DelayMs                                0x080016fe   Section        0  delay.o(i.DelayMs)
    i.DelayXms                               0x0800173c   Section        0  delay.o(i.DelayXms)
    i.Delay_Init                             0x08001784   Section        0  delay.o(i.Delay_Init)
    i.ESP8266_Clear                          0x080017bc   Section        0  esp_8266.o(i.ESP8266_Clear)
    i.ESP8266_GetIPD                         0x080017d8   Section        0  esp_8266.o(i.ESP8266_GetIPD)
    i.ESP8266_Init                           0x08001828   Section        0  esp_8266.o(i.ESP8266_Init)
    i.ESP8266_SendCmd                        0x08001a4c   Section        0  esp_8266.o(i.ESP8266_SendCmd)
    i.ESP8266_SendData                       0x08001aa0   Section        0  esp_8266.o(i.ESP8266_SendData)
    i.ESP8266_WaitRecive                     0x08001ae8   Section        0  esp_8266.o(i.ESP8266_WaitRecive)
    i.Feed_Dog                               0x08001b1c   Section        0  iwdg.o(i.Feed_Dog)
    i.GPIO_Init                              0x08001b24   Section        0  stm32f10x_gpio.o(i.GPIO_Init)
    i.GPIO_ReadInputDataBit                  0x08001c3a   Section        0  stm32f10x_gpio.o(i.GPIO_ReadInputDataBit)
    i.GPIO_ReadOutputDataBit                 0x08001c4c   Section        0  stm32f10x_gpio.o(i.GPIO_ReadOutputDataBit)
    i.GPIO_ResetBits                         0x08001c5e   Section        0  stm32f10x_gpio.o(i.GPIO_ResetBits)
    i.GPIO_SetBits                           0x08001c62   Section        0  stm32f10x_gpio.o(i.GPIO_SetBits)
    i.GPIO_WriteBit                          0x08001c66   Section        0  stm32f10x_gpio.o(i.GPIO_WriteBit)
    i.HardFault_Handler                      0x08001c70   Section        0  stm32f10x_it.o(i.HardFault_Handler)
    i.Hardware_Init                          0x08001c74   Section        0  main.o(i.Hardware_Init)
    i.IWDG_Enable                            0x08001cbc   Section        0  stm32f10x_iwdg.o(i.IWDG_Enable)
    i.IWDG_Init                              0x08001ccc   Section        0  iwdg.o(i.IWDG_Init)
    i.IWDG_ReloadCounter                     0x08001cf4   Section        0  stm32f10x_iwdg.o(i.IWDG_ReloadCounter)
    i.IWDG_SetPrescaler                      0x08001d04   Section        0  stm32f10x_iwdg.o(i.IWDG_SetPrescaler)
    i.IWDG_SetReload                         0x08001d10   Section        0  stm32f10x_iwdg.o(i.IWDG_SetReload)
    i.IWDG_WriteAccessCmd                    0x08001d1c   Section        0  stm32f10x_iwdg.o(i.IWDG_WriteAccessCmd)
    i.LED2_Flag                              0x08001d28   Section        0  led.o(i.LED2_Flag)
    i.LED2_OFF                               0x08001d4c   Section        0  led.o(i.LED2_OFF)
    i.LED2_ON                                0x08001d5c   Section        0  led.o(i.LED2_ON)
    i.LED2_Turn                              0x08001d6c   Section        0  led.o(i.LED2_Turn)
    i.LED_Init                               0x08001d88   Section        0  led.o(i.LED_Init)
    i.MQTT_DeleteBuffer                      0x08001dbc   Section        0  mqttkit.o(i.MQTT_DeleteBuffer)
    i.MQTT_DumpLength                        0x08001dd8   Section        0  mqttkit.o(i.MQTT_DumpLength)
    i.MQTT_NewBuffer                         0x08001e06   Section        0  mqttkit.o(i.MQTT_NewBuffer)
    i.MQTT_PacketCmdResp                     0x08001e60   Section        0  mqttkit.o(i.MQTT_PacketCmdResp)
    i.MQTT_PacketConnect                     0x08001eec   Section        0  mqttkit.o(i.MQTT_PacketConnect)
    i.MQTT_PacketPing                        0x0800218c   Section        0  mqttkit.o(i.MQTT_PacketPing)
    i.MQTT_PacketPublish                     0x080021bc   Section        0  mqttkit.o(i.MQTT_PacketPublish)
    i.MQTT_PacketPublishAck                  0x08002374   Section        0  mqttkit.o(i.MQTT_PacketPublishAck)
    i.MQTT_PacketPublishComp                 0x080023bc   Section        0  mqttkit.o(i.MQTT_PacketPublishComp)
    i.MQTT_PacketPublishRec                  0x08002404   Section        0  mqttkit.o(i.MQTT_PacketPublishRec)
    i.MQTT_PacketPublishRel                  0x0800244c   Section        0  mqttkit.o(i.MQTT_PacketPublishRel)
    i.MQTT_PacketSubscribe                   0x08002494   Section        0  mqttkit.o(i.MQTT_PacketSubscribe)
    i.MQTT_ReadLength                        0x08002592   Section        0  mqttkit.o(i.MQTT_ReadLength)
    i.MQTT_UnPacketCmd                       0x080025d8   Section        0  mqttkit.o(i.MQTT_UnPacketCmd)
    i.MQTT_UnPacketConnectAck                0x08002664   Section        0  mqttkit.o(i.MQTT_UnPacketConnectAck)
    i.MQTT_UnPacketPublish                   0x08002684   Section        0  mqttkit.o(i.MQTT_UnPacketPublish)
    i.MQTT_UnPacketPublishAck                0x08002844   Section        0  mqttkit.o(i.MQTT_UnPacketPublishAck)
    i.MQTT_UnPacketPublishComp               0x08002862   Section        0  mqttkit.o(i.MQTT_UnPacketPublishComp)
    i.MQTT_UnPacketPublishRec                0x08002880   Section        0  mqttkit.o(i.MQTT_UnPacketPublishRec)
    i.MQTT_UnPacketPublishRel                0x0800289e   Section        0  mqttkit.o(i.MQTT_UnPacketPublishRel)
    i.MQTT_UnPacketRecv                      0x080028c4   Section        0  mqttkit.o(i.MQTT_UnPacketRecv)
    i.MQTT_UnPacketSubscribe                 0x08002938   Section        0  mqttkit.o(i.MQTT_UnPacketSubscribe)
    i.MQTT_UnPacketUnSubscribe               0x0800296c   Section        0  mqttkit.o(i.MQTT_UnPacketUnSubscribe)
    i.MemManage_Handler                      0x0800297e   Section        0  stm32f10x_it.o(i.MemManage_Handler)
    i.NMI_Handler                            0x08002982   Section        0  stm32f10x_it.o(i.NMI_Handler)
    i.NVIC_Init                              0x08002984   Section        0  misc.o(i.NVIC_Init)
    i.NVIC_PriorityGroupConfig               0x080029f4   Section        0  misc.o(i.NVIC_PriorityGroupConfig)
    i.PendSV_Handler                         0x08002a08   Section        0  stm32f10x_it.o(i.PendSV_Handler)
    i.RCC_APB1PeriphClockCmd                 0x08002a0c   Section        0  stm32f10x_rcc.o(i.RCC_APB1PeriphClockCmd)
    i.RCC_APB2PeriphClockCmd                 0x08002a2c   Section        0  stm32f10x_rcc.o(i.RCC_APB2PeriphClockCmd)
    i.RCC_GetClocksFreq                      0x08002a4c   Section        0  stm32f10x_rcc.o(i.RCC_GetClocksFreq)
    i.SVC_Handler                            0x08002bd8   Section        0  stm32f10x_it.o(i.SVC_Handler)
    i.SetSysClock                            0x08002bda   Section        0  system_stm32f10x.o(i.SetSysClock)
    SetSysClock                              0x08002bdb   Thumb Code     8  system_stm32f10x.o(i.SetSysClock)
    i.SetSysClockTo72                        0x08002be4   Section        0  system_stm32f10x.o(i.SetSysClockTo72)
    SetSysClockTo72                          0x08002be5   Thumb Code   264  system_stm32f10x.o(i.SetSysClockTo72)
    i.SysTick_Handler                        0x08002cfc   Section        0  stm32f10x_it.o(i.SysTick_Handler)
    i.SystemInit                             0x08002d00   Section        0  system_stm32f10x.o(i.SystemInit)
    i.TIM3_IRQHandler                        0x08002d6c   Section        0  tim.o(i.TIM3_IRQHandler)
    i.TIM_ClearITPendingBit                  0x08002da8   Section        0  stm32f10x_tim.o(i.TIM_ClearITPendingBit)
    i.TIM_GetITStatus                        0x08002dae   Section        0  stm32f10x_tim.o(i.TIM_GetITStatus)
    i.Touch_GetStatus                        0x08002dd0   Section        0  touch.o(i.Touch_GetStatus)
    i.USART1_IRQHandler                      0x08002df0   Section        0  uart.o(i.USART1_IRQHandler)
    i.USART2_IRQHandler                      0x08002e0c   Section        0  esp_8266.o(i.USART2_IRQHandler)
    i.USART_ClearFlag                        0x08002e58   Section        0  stm32f10x_usart.o(i.USART_ClearFlag)
    i.USART_Cmd                              0x08002e6a   Section        0  stm32f10x_usart.o(i.USART_Cmd)
    i.USART_GetFlagStatus                    0x08002e82   Section        0  stm32f10x_usart.o(i.USART_GetFlagStatus)
    i.USART_GetITStatus                      0x08002e9c   Section        0  stm32f10x_usart.o(i.USART_GetITStatus)
    i.USART_ITConfig                         0x08002ef0   Section        0  stm32f10x_usart.o(i.USART_ITConfig)
    i.USART_Init                             0x08002f3c   Section        0  stm32f10x_usart.o(i.USART_Init)
    i.USART_SendData                         0x08003014   Section        0  stm32f10x_usart.o(i.USART_SendData)
    i.UsageFault_Handler                     0x0800301c   Section        0  stm32f10x_it.o(i.UsageFault_Handler)
    i.Usart1_Init                            0x08003020   Section        0  uart.o(i.Usart1_Init)
    i.Usart2_Init                            0x080030c4   Section        0  uart.o(i.Usart2_Init)
    i.UsartPrintf                            0x08003170   Section        0  uart.o(i.UsartPrintf)
    i.Usart_SendString                       0x080031b8   Section        0  uart.o(i.Usart_SendString)
    i.__0sprintf                             0x080031ec   Section        0  printfa.o(i.__0sprintf)
    i.__0vsnprintf                           0x08003214   Section        0  printfa.o(i.__0vsnprintf)
    i.__aeabi_errno_addr                     0x08003240   Section        0  errno.o(i.__aeabi_errno_addr)
    i.__free$realloc                         0x08003248   Section        0  mallocr.o(i.__free$realloc)
    i.__malloc$realloc                       0x080032a4   Section        0  mallocr.o(i.__malloc$realloc)
    i.__scatterload_copy                     0x080032f4   Section       14  handlers.o(i.__scatterload_copy)
    i.__scatterload_null                     0x08003302   Section        2  handlers.o(i.__scatterload_null)
    i.__scatterload_zeroinit                 0x08003304   Section       14  handlers.o(i.__scatterload_zeroinit)
    i._fp_digits                             0x08003314   Section        0  printfa.o(i._fp_digits)
    _fp_digits                               0x08003315   Thumb Code   366  printfa.o(i._fp_digits)
    i._is_digit                              0x08003498   Section        0  scanf_fp.o(i._is_digit)
    i._printf_core                           0x080034a8   Section        0  printfa.o(i._printf_core)
    _printf_core                             0x080034a9   Thumb Code  1744  printfa.o(i._printf_core)
    i._printf_post_padding                   0x08003b84   Section        0  printfa.o(i._printf_post_padding)
    _printf_post_padding                     0x08003b85   Thumb Code    36  printfa.o(i._printf_post_padding)
    i._printf_pre_padding                    0x08003ba8   Section        0  printfa.o(i._printf_pre_padding)
    _printf_pre_padding                      0x08003ba9   Thumb Code    46  printfa.o(i._printf_pre_padding)
    i._snputc                                0x08003bd6   Section        0  printfa.o(i._snputc)
    _snputc                                  0x08003bd7   Thumb Code    22  printfa.o(i._snputc)
    i._sputc                                 0x08003bec   Section        0  printfa.o(i._sputc)
    _sputc                                   0x08003bed   Thumb Code    10  printfa.o(i._sputc)
    i.buffer_skip_whitespace                 0x08003bf6   Section        0  cjson.o(i.buffer_skip_whitespace)
    buffer_skip_whitespace                   0x08003bf7   Thumb Code    72  cjson.o(i.buffer_skip_whitespace)
    i.cJSON_Delete                           0x08003c40   Section        0  cjson.o(i.cJSON_Delete)
    i.cJSON_GetObjectItem                    0x08003c98   Section        0  cjson.o(i.cJSON_GetObjectItem)
    i.cJSON_New_Item                         0x08003caa   Section        0  cjson.o(i.cJSON_New_Item)
    cJSON_New_Item                           0x08003cab   Thumb Code    26  cjson.o(i.cJSON_New_Item)
    i.cJSON_Parse                            0x08003cc4   Section        0  cjson.o(i.cJSON_Parse)
    i.cJSON_ParseWithLengthOpts              0x08003cd4   Section        0  cjson.o(i.cJSON_ParseWithLengthOpts)
    i.cJSON_ParseWithOpts                    0x08003da8   Section        0  cjson.o(i.cJSON_ParseWithOpts)
    i.case_insensitive_strcmp                0x08003dd0   Section        0  cjson.o(i.case_insensitive_strcmp)
    case_insensitive_strcmp                  0x08003dd1   Thumb Code    72  cjson.o(i.case_insensitive_strcmp)
    i.get_decimal_point                      0x08003e18   Section        0  cjson.o(i.get_decimal_point)
    get_decimal_point                        0x08003e19   Thumb Code     4  cjson.o(i.get_decimal_point)
    i.get_object_item                        0x08003e1c   Section        0  cjson.o(i.get_object_item)
    get_object_item                          0x08003e1d   Thumb Code    82  cjson.o(i.get_object_item)
    i.internal_alloc                         0x08003e70   Section        0  mallocr.o(i.internal_alloc)
    internal_alloc                           0x08003e71   Thumb Code    76  mallocr.o(i.internal_alloc)
    i.main                                   0x08003ec0   Section        0  main.o(i.main)
    i.parse_array                            0x0800407c   Section        0  cjson.o(i.parse_array)
    parse_array                              0x0800407d   Thumb Code   248  cjson.o(i.parse_array)
    i.parse_hex4                             0x08004174   Section        0  cjson.o(i.parse_hex4)
    parse_hex4                               0x08004175   Thumb Code    90  cjson.o(i.parse_hex4)
    i.parse_number                           0x080041d0   Section        0  cjson.o(i.parse_number)
    parse_number                             0x080041d1   Thumb Code   298  cjson.o(i.parse_number)
    i.parse_object                           0x08004308   Section        0  cjson.o(i.parse_object)
    parse_object                             0x08004309   Thumb Code   318  cjson.o(i.parse_object)
    i.parse_string                           0x08004446   Section        0  cjson.o(i.parse_string)
    parse_string                             0x08004447   Thumb Code   396  cjson.o(i.parse_string)
    i.parse_value                            0x080045d4   Section        0  cjson.o(i.parse_value)
    parse_value                              0x080045d5   Thumb Code   290  cjson.o(i.parse_value)
    i.realloc                                0x08004710   Section        0  mallocr.o(i.realloc)
    i.skip_utf8_bom                          0x0800477c   Section        0  cjson.o(i.skip_utf8_bom)
    skip_utf8_bom                            0x0800477d   Thumb Code    56  cjson.o(i.skip_utf8_bom)
    i.strtod                                 0x080047b8   Section        0  strtod.o(i.strtod)
    i.utf16_literal_to_utf8                  0x080047d4   Section        0  cjson.o(i.utf16_literal_to_utf8)
    utf16_literal_to_utf8                    0x080047d5   Thumb Code   300  cjson.o(i.utf16_literal_to_utf8)
    .constdata                               0x08004900   Section        4  main.o(.constdata)
    .constdata                               0x08004904   Section      129  ctype_o.o(.constdata)
    .constdata                               0x08004988   Section        4  ctype_o.o(.constdata)
    table                                    0x08004988   Data           4  ctype_o.o(.constdata)
    .conststring                             0x0800498c   Section       44  main.o(.conststring)
    .conststring                             0x080049b8   Section       76  esp_8266.o(.conststring)
    .conststring                             0x08004a04   Section       71  mqtt.o(.conststring)
    .data                                    0x20000000   Section       20  stm32f10x_rcc.o(.data)
    APBAHBPrescTable                         0x20000000   Data          16  stm32f10x_rcc.o(.data)
    ADCPrescTable                            0x20000010   Data           4  stm32f10x_rcc.o(.data)
    .data                                    0x20000014   Section        4  delay.o(.data)
    .data                                    0x20000018   Section        4  main.o(.data)
    .data                                    0x2000001c   Section        4  esp_8266.o(.data)
    .data                                    0x20000020   Section        2  mqtt.o(.data)
    pkt_id                                   0x20000020   Data           2  mqtt.o(.data)
    .data                                    0x20000024   Section       20  cjson.o(.data)
    global_error                             0x20000024   Data           8  cjson.o(.data)
    global_hooks                             0x2000002c   Data          12  cjson.o(.data)
    .data                                    0x20000038   Section        4  mvars.o(.data)
    .data                                    0x2000003c   Section        4  mvars.o(.data)
    .data                                    0x20000040   Section        4  errno.o(.data)
    _errno                                   0x20000040   Data           4  errno.o(.data)
    .bss                                     0x20000044   Section      128  esp_8266.o(.bss)
    HEAP                                     0x200000c8   Section      512  startup_stm32f10x_md.o(HEAP)
    STACK                                    0x200002c8   Section     1024  startup_stm32f10x_md.o(STACK)

    Global Symbols

    Symbol Name                              Value     Ov Type        Size  Object(Section)

    BuildAttributes$$THM_ISAv4$P$D$K$B$S$PE$A:L22UL41UL21$X:L11$S22US41US21$IEEE1$IW$USESV6$~STKCKD$USESV7$~SHL$OTIME$ROPI$IEEEJ$EBA8$MICROLIB$REQ8$PRES8$EABIv2 0x00000000   Number         0  anon$$obj.o ABSOLUTE
    __ARM_use_no_argv                        0x00000000   Number         0  main.o ABSOLUTE
    _printf_a                                0x00000000   Number         0  stubs.o ABSOLUTE
    _printf_c                                0x00000000   Number         0  stubs.o ABSOLUTE
    _printf_charcount                        0x00000000   Number         0  stubs.o ABSOLUTE
    _printf_d                                0x00000000   Number         0  stubs.o ABSOLUTE
    _printf_e                                0x00000000   Number         0  stubs.o ABSOLUTE
    _printf_f                                0x00000000   Number         0  stubs.o ABSOLUTE
    _printf_flags                            0x00000000   Number         0  stubs.o ABSOLUTE
    _printf_fp_dec                           0x00000000   Number         0  stubs.o ABSOLUTE
    _printf_fp_hex                           0x00000000   Number         0  stubs.o ABSOLUTE
    _printf_g                                0x00000000   Number         0  stubs.o ABSOLUTE
    _printf_i                                0x00000000   Number         0  stubs.o ABSOLUTE
    _printf_int_dec                          0x00000000   Number         0  stubs.o ABSOLUTE
    _printf_l                                0x00000000   Number         0  stubs.o ABSOLUTE
    _printf_lc                               0x00000000   Number         0  stubs.o ABSOLUTE
    _printf_ll                               0x00000000   Number         0  stubs.o ABSOLUTE
    _printf_lld                              0x00000000   Number         0  stubs.o ABSOLUTE
    _printf_lli                              0x00000000   Number         0  stubs.o ABSOLUTE
    _printf_llo                              0x00000000   Number         0  stubs.o ABSOLUTE
    _printf_llu                              0x00000000   Number         0  stubs.o ABSOLUTE
    _printf_llx                              0x00000000   Number         0  stubs.o ABSOLUTE
    _printf_longlong_dec                     0x00000000   Number         0  stubs.o ABSOLUTE
    _printf_longlong_hex                     0x00000000   Number         0  stubs.o ABSOLUTE
    _printf_longlong_oct                     0x00000000   Number         0  stubs.o ABSOLUTE
    _printf_ls                               0x00000000   Number         0  stubs.o ABSOLUTE
    _printf_mbtowc                           0x00000000   Number         0  stubs.o ABSOLUTE
    _printf_n                                0x00000000   Number         0  stubs.o ABSOLUTE
    _printf_o                                0x00000000   Number         0  stubs.o ABSOLUTE
    _printf_p                                0x00000000   Number         0  stubs.o ABSOLUTE
    _printf_percent                          0x00000000   Number         0  stubs.o ABSOLUTE
    _printf_pre_padding                      0x00000000   Number         0  stubs.o ABSOLUTE
    _printf_return_value                     0x00000000   Number         0  stubs.o ABSOLUTE
    _printf_s                                0x00000000   Number         0  stubs.o ABSOLUTE
    _printf_sizespec                         0x00000000   Number         0  stubs.o ABSOLUTE
    _printf_str                              0x00000000   Number         0  stubs.o ABSOLUTE
    _printf_truncate_signed                  0x00000000   Number         0  stubs.o ABSOLUTE
    _printf_truncate_unsigned                0x00000000   Number         0  stubs.o ABSOLUTE
    _printf_u                                0x00000000   Number         0  stubs.o ABSOLUTE
    _printf_wc                               0x00000000   Number         0  stubs.o ABSOLUTE
    _printf_wctomb                           0x00000000   Number         0  stubs.o ABSOLUTE
    _printf_widthprec                        0x00000000   Number         0  stubs.o ABSOLUTE
    _printf_x                                0x00000000   Number         0  stubs.o ABSOLUTE
    __cpp_initialize__aeabi_                  - Undefined Weak Reference
    __cxa_finalize                            - Undefined Weak Reference
    __decompress                              - Undefined Weak Reference
    _clock_init                               - Undefined Weak Reference
    _microlib_exit                            - Undefined Weak Reference
    _scanf_int                                - Undefined Weak Reference
    _scanf_longlong                           - Undefined Weak Reference
    _scanf_string                             - Undefined Weak Reference
    __Vectors_Size                           0x000000ec   Number         0  startup_stm32f10x_md.o ABSOLUTE
    __Vectors                                0x08000000   Data           4  startup_stm32f10x_md.o(RESET)
    __Vectors_End                            0x080000ec   Data           0  startup_stm32f10x_md.o(RESET)
    __main                                   0x080000ed   Thumb Code     0  entry.o(.ARM.Collect$$$$00000000)
    _main_stk                                0x080000ed   Thumb Code     0  entry2.o(.ARM.Collect$$$$00000001)
    _main_scatterload                        0x080000f1   Thumb Code     0  entry5.o(.ARM.Collect$$$$00000004)
    __main_after_scatterload                 0x080000f5   Thumb Code     0  entry5.o(.ARM.Collect$$$$00000004)
    _main_clock                              0x080000f5   Thumb Code     0  entry7b.o(.ARM.Collect$$$$00000008)
    _main_cpp_init                           0x080000f5   Thumb Code     0  entry8b.o(.ARM.Collect$$$$0000000A)
    _main_init                               0x080000f5   Thumb Code     0  entry9a.o(.ARM.Collect$$$$0000000B)
    __rt_final_cpp                           0x080000fd   Thumb Code     0  entry10a.o(.ARM.Collect$$$$0000000D)
    __rt_final_exit                          0x080000fd   Thumb Code     0  entry11a.o(.ARM.Collect$$$$0000000F)
    Reset_Handler                            0x08000101   Thumb Code     8  startup_stm32f10x_md.o(.text)
    ADC1_2_IRQHandler                        0x0800011b   Thumb Code     0  startup_stm32f10x_md.o(.text)
    CAN1_RX1_IRQHandler                      0x0800011b   Thumb Code     0  startup_stm32f10x_md.o(.text)
    CAN1_SCE_IRQHandler                      0x0800011b   Thumb Code     0  startup_stm32f10x_md.o(.text)
    DMA1_Channel1_IRQHandler                 0x0800011b   Thumb Code     0  startup_stm32f10x_md.o(.text)
    DMA1_Channel2_IRQHandler                 0x0800011b   Thumb Code     0  startup_stm32f10x_md.o(.text)
    DMA1_Channel3_IRQHandler                 0x0800011b   Thumb Code     0  startup_stm32f10x_md.o(.text)
    DMA1_Channel4_IRQHandler                 0x0800011b   Thumb Code     0  startup_stm32f10x_md.o(.text)
    DMA1_Channel5_IRQHandler                 0x0800011b   Thumb Code     0  startup_stm32f10x_md.o(.text)
    DMA1_Channel6_IRQHandler                 0x0800011b   Thumb Code     0  startup_stm32f10x_md.o(.text)
    DMA1_Channel7_IRQHandler                 0x0800011b   Thumb Code     0  startup_stm32f10x_md.o(.text)
    EXTI0_IRQHandler                         0x0800011b   Thumb Code     0  startup_stm32f10x_md.o(.text)
    EXTI15_10_IRQHandler                     0x0800011b   Thumb Code     0  startup_stm32f10x_md.o(.text)
    EXTI1_IRQHandler                         0x0800011b   Thumb Code     0  startup_stm32f10x_md.o(.text)
    EXTI2_IRQHandler                         0x0800011b   Thumb Code     0  startup_stm32f10x_md.o(.text)
    EXTI3_IRQHandler                         0x0800011b   Thumb Code     0  startup_stm32f10x_md.o(.text)
    EXTI4_IRQHandler                         0x0800011b   Thumb Code     0  startup_stm32f10x_md.o(.text)
    EXTI9_5_IRQHandler                       0x0800011b   Thumb Code     0  startup_stm32f10x_md.o(.text)
    FLASH_IRQHandler                         0x0800011b   Thumb Code     0  startup_stm32f10x_md.o(.text)
    I2C1_ER_IRQHandler                       0x0800011b   Thumb Code     0  startup_stm32f10x_md.o(.text)
    I2C1_EV_IRQHandler                       0x0800011b   Thumb Code     0  startup_stm32f10x_md.o(.text)
    I2C2_ER_IRQHandler                       0x0800011b   Thumb Code     0  startup_stm32f10x_md.o(.text)
    I2C2_EV_IRQHandler                       0x0800011b   Thumb Code     0  startup_stm32f10x_md.o(.text)
    PVD_IRQHandler                           0x0800011b   Thumb Code     0  startup_stm32f10x_md.o(.text)
    RCC_IRQHandler                           0x0800011b   Thumb Code     0  startup_stm32f10x_md.o(.text)
    RTCAlarm_IRQHandler                      0x0800011b   Thumb Code     0  startup_stm32f10x_md.o(.text)
    RTC_IRQHandler                           0x0800011b   Thumb Code     0  startup_stm32f10x_md.o(.text)
    SPI1_IRQHandler                          0x0800011b   Thumb Code     0  startup_stm32f10x_md.o(.text)
    SPI2_IRQHandler                          0x0800011b   Thumb Code     0  startup_stm32f10x_md.o(.text)
    TAMPER_IRQHandler                        0x0800011b   Thumb Code     0  startup_stm32f10x_md.o(.text)
    TIM1_BRK_IRQHandler                      0x0800011b   Thumb Code     0  startup_stm32f10x_md.o(.text)
    TIM1_CC_IRQHandler                       0x0800011b   Thumb Code     0  startup_stm32f10x_md.o(.text)
    TIM1_TRG_COM_IRQHandler                  0x0800011b   Thumb Code     0  startup_stm32f10x_md.o(.text)
    TIM1_UP_IRQHandler                       0x0800011b   Thumb Code     0  startup_stm32f10x_md.o(.text)
    TIM2_IRQHandler                          0x0800011b   Thumb Code     0  startup_stm32f10x_md.o(.text)
    TIM4_IRQHandler                          0x0800011b   Thumb Code     0  startup_stm32f10x_md.o(.text)
    USART3_IRQHandler                        0x0800011b   Thumb Code     0  startup_stm32f10x_md.o(.text)
    USBWakeUp_IRQHandler                     0x0800011b   Thumb Code     0  startup_stm32f10x_md.o(.text)
    USB_HP_CAN1_TX_IRQHandler                0x0800011b   Thumb Code     0  startup_stm32f10x_md.o(.text)
    USB_LP_CAN1_RX0_IRQHandler               0x0800011b   Thumb Code     0  startup_stm32f10x_md.o(.text)
    WWDG_IRQHandler                          0x0800011b   Thumb Code     0  startup_stm32f10x_md.o(.text)
    tolower                                  0x08000125   Thumb Code    12  tolower.o(.text)
    __aeabi_memcpy                           0x08000131   Thumb Code    36  memcpya.o(.text)
    __aeabi_memcpy4                          0x08000131   Thumb Code     0  memcpya.o(.text)
    __aeabi_memcpy8                          0x08000131   Thumb Code     0  memcpya.o(.text)
    __aeabi_memset                           0x08000155   Thumb Code    14  memseta.o(.text)
    __aeabi_memset4                          0x08000155   Thumb Code     0  memseta.o(.text)
    __aeabi_memset8                          0x08000155   Thumb Code     0  memseta.o(.text)
    __aeabi_memclr                           0x08000163   Thumb Code     4  memseta.o(.text)
    __aeabi_memclr4                          0x08000163   Thumb Code     0  memseta.o(.text)
    __aeabi_memclr8                          0x08000163   Thumb Code     0  memseta.o(.text)
    _memset$wrapper                          0x08000167   Thumb Code    18  memseta.o(.text)
    strstr                                   0x08000179   Thumb Code    36  strstr.o(.text)
    strchr                                   0x0800019d   Thumb Code    20  strchr.o(.text)
    strlen                                   0x080001b1   Thumb Code    14  strlen.o(.text)
    strcmp                                   0x080001bf   Thumb Code    28  strcmp.o(.text)
    strncat                                  0x080001db   Thumb Code    40  strncat.o(.text)
    strncmp                                  0x08000203   Thumb Code    30  strncmp.o(.text)
    _scanf_real                              0x08000349   Thumb Code     0  scanf_fp.o(.text)
    _scanf_really_real                       0x08000349   Thumb Code   556  scanf_fp.o(.text)
    atoi                                     0x08000581   Thumb Code    26  atoi.o(.text)
    __aeabi_dadd                             0x0800059b   Thumb Code   322  dadd.o(.text)
    __aeabi_dsub                             0x080006dd   Thumb Code     6  dadd.o(.text)
    __aeabi_drsub                            0x080006e3   Thumb Code     6  dadd.o(.text)
    __aeabi_dmul                             0x080006e9   Thumb Code   228  dmul.o(.text)
    __aeabi_d2iz                             0x080007cd   Thumb Code    62  dfixi.o(.text)
    __aeabi_cdcmpeq                          0x0800080d   Thumb Code     0  cdcmple.o(.text)
    __aeabi_cdcmple                          0x0800080d   Thumb Code    48  cdcmple.o(.text)
    __aeabi_cdrcmple                         0x0800083d   Thumb Code    48  cdrcmple.o(.text)
    __aeabi_uidiv                            0x0800086d   Thumb Code     0  uidiv.o(.text)
    __aeabi_uidivmod                         0x0800086d   Thumb Code    44  uidiv.o(.text)
    __aeabi_uldivmod                         0x08000899   Thumb Code    98  uldiv.o(.text)
    __aeabi_llsl                             0x080008fb   Thumb Code    30  llshl.o(.text)
    _ll_shift_l                              0x080008fb   Thumb Code     0  llshl.o(.text)
    __aeabi_llsr                             0x08000919   Thumb Code    32  llushr.o(.text)
    _ll_ushift_r                             0x08000919   Thumb Code     0  llushr.o(.text)
    __aeabi_lasr                             0x08000939   Thumb Code    36  llsshr.o(.text)
    _ll_sshift_r                             0x08000939   Thumb Code     0  llsshr.o(.text)
    _sgetc                                   0x0800095d   Thumb Code    30  _sgetc.o(.text)
    _sbackspace                              0x0800097b   Thumb Code    34  _sgetc.o(.text)
    __strtod_int                             0x080009d3   Thumb Code    90  strtod.o(.text)
    strtol                                   0x08000a39   Thumb Code   112  strtol.o(.text)
    __I$use$fp                               0x08000aa9   Thumb Code     0  iusefp.o(.text)
    _double_round                            0x08000aa9   Thumb Code    30  depilogue.o(.text)
    _double_epilogue                         0x08000ac7   Thumb Code   156  depilogue.o(.text)
    __aeabi_ddiv                             0x08000b63   Thumb Code   222  ddiv.o(.text)
    __aeabi_ul2d                             0x08000c41   Thumb Code    24  dfltul.o(.text)
    __aeabi_d2ulz                            0x08000c59   Thumb Code    48  dfixul.o(.text)
    __aeabi_d2f                              0x08000c89   Thumb Code    56  d2f.o(.text)
    __scatterload                            0x08000cc1   Thumb Code    28  init.o(.text)
    __scatterload_rt2                        0x08000cc1   Thumb Code     0  init.o(.text)
    __rt_ctype_table                         0x08000ce5   Thumb Code     4  ctype_o.o(.text)
    isspace                                  0x08000ced   Thumb Code    18  isspace_o.o(.text)
    _strtoul                                 0x08000cff   Thumb Code   158  _strtoul.o(.text)
    _float_round                             0x08000d9d   Thumb Code    18  fepilogue.o(.text)
    _float_epilogue                          0x08000daf   Thumb Code    92  fepilogue.o(.text)
    _chval                                   0x08000e0b   Thumb Code    28  _chval.o(.text)
    ALiYun_DevLink                           0x08000e29   Thumb Code   214  mqtt.o(i.ALiYun_DevLink)
    ALiYun_HeartBeat                         0x08001095   Thumb Code    76  mqttkit.o(i.ALiYun_HeartBeat)
    ALiYun_Publish                           0x08001125   Thumb Code    84  mqtt.o(i.ALiYun_Publish)
    ALiYun_RevPro                            0x08001191   Thumb Code   674  mqtt.o(i.ALiYun_RevPro)
    ALiYun_Subscribe                         0x0800160d   Thumb Code    80  mqtt.o(i.ALiYun_Subscribe)
    Beep_Flag                                0x08001679   Thumb Code    36  beep.o(i.Beep_Flag)
    Beep_Init                                0x0800169d   Thumb Code    48  beep.o(i.Beep_Init)
    Beep_OFF                                 0x080016d1   Thumb Code    14  beep.o(i.Beep_OFF)
    Beep_ON                                  0x080016e5   Thumb Code    14  beep.o(i.Beep_ON)
    BusFault_Handler                         0x080016f9   Thumb Code     4  stm32f10x_it.o(i.BusFault_Handler)
    DebugMon_Handler                         0x080016fd   Thumb Code     2  stm32f10x_it.o(i.DebugMon_Handler)
    DelayMs                                  0x080016ff   Thumb Code    60  delay.o(i.DelayMs)
    DelayXms                                 0x0800173d   Thumb Code    66  delay.o(i.DelayXms)
    Delay_Init                               0x08001785   Thumb Code    48  delay.o(i.Delay_Init)
    ESP8266_Clear                            0x080017bd   Thumb Code    18  esp_8266.o(i.ESP8266_Clear)
    ESP8266_GetIPD                           0x080017d9   Thumb Code    68  esp_8266.o(i.ESP8266_GetIPD)
    ESP8266_Init                             0x08001829   Thumb Code   288  esp_8266.o(i.ESP8266_Init)
    ESP8266_SendCmd                          0x08001a4d   Thumb Code    76  esp_8266.o(i.ESP8266_SendCmd)
    ESP8266_SendData                         0x08001aa1   Thumb Code    46  esp_8266.o(i.ESP8266_SendData)
    ESP8266_WaitRecive                       0x08001ae9   Thumb Code    42  esp_8266.o(i.ESP8266_WaitRecive)
    Feed_Dog                                 0x08001b1d   Thumb Code     8  iwdg.o(i.Feed_Dog)
    GPIO_Init                                0x08001b25   Thumb Code   278  stm32f10x_gpio.o(i.GPIO_Init)
    GPIO_ReadInputDataBit                    0x08001c3b   Thumb Code    18  stm32f10x_gpio.o(i.GPIO_ReadInputDataBit)
    GPIO_ReadOutputDataBit                   0x08001c4d   Thumb Code    18  stm32f10x_gpio.o(i.GPIO_ReadOutputDataBit)
    GPIO_ResetBits                           0x08001c5f   Thumb Code     4  stm32f10x_gpio.o(i.GPIO_ResetBits)
    GPIO_SetBits                             0x08001c63   Thumb Code     4  stm32f10x_gpio.o(i.GPIO_SetBits)
    GPIO_WriteBit                            0x08001c67   Thumb Code    10  stm32f10x_gpio.o(i.GPIO_WriteBit)
    HardFault_Handler                        0x08001c71   Thumb Code     4  stm32f10x_it.o(i.HardFault_Handler)
    Hardware_Init                            0x08001c75   Thumb Code    48  main.o(i.Hardware_Init)
    IWDG_Enable                              0x08001cbd   Thumb Code    10  stm32f10x_iwdg.o(i.IWDG_Enable)
    IWDG_Init                                0x08001ccd   Thumb Code    38  iwdg.o(i.IWDG_Init)
    IWDG_ReloadCounter                       0x08001cf5   Thumb Code    10  stm32f10x_iwdg.o(i.IWDG_ReloadCounter)
    IWDG_SetPrescaler                        0x08001d05   Thumb Code     6  stm32f10x_iwdg.o(i.IWDG_SetPrescaler)
    IWDG_SetReload                           0x08001d11   Thumb Code     6  stm32f10x_iwdg.o(i.IWDG_SetReload)
    IWDG_WriteAccessCmd                      0x08001d1d   Thumb Code     6  stm32f10x_iwdg.o(i.IWDG_WriteAccessCmd)
    LED2_Flag                                0x08001d29   Thumb Code    36  led.o(i.LED2_Flag)
    LED2_OFF                                 0x08001d4d   Thumb Code    12  led.o(i.LED2_OFF)
    LED2_ON                                  0x08001d5d   Thumb Code    12  led.o(i.LED2_ON)
    LED2_Turn                                0x08001d6d   Thumb Code    24  led.o(i.LED2_Turn)
    LED_Init                                 0x08001d89   Thumb Code    46  led.o(i.LED_Init)
    MQTT_DeleteBuffer                        0x08001dbd   Thumb Code    28  mqttkit.o(i.MQTT_DeleteBuffer)
    MQTT_DumpLength                          0x08001dd9   Thumb Code    46  mqttkit.o(i.MQTT_DumpLength)
    MQTT_NewBuffer                           0x08001e07   Thumb Code    88  mqttkit.o(i.MQTT_NewBuffer)
    MQTT_PacketCmdResp                       0x08001e61   Thumb Code   132  mqttkit.o(i.MQTT_PacketCmdResp)
    MQTT_PacketConnect                       0x08001eed   Thumb Code   666  mqttkit.o(i.MQTT_PacketConnect)
    MQTT_PacketPing                          0x0800218d   Thumb Code    48  mqttkit.o(i.MQTT_PacketPing)
    MQTT_PacketPublish                       0x080021bd   Thumb Code   440  mqttkit.o(i.MQTT_PacketPublish)
    MQTT_PacketPublishAck                    0x08002375   Thumb Code    72  mqttkit.o(i.MQTT_PacketPublishAck)
    MQTT_PacketPublishComp                   0x080023bd   Thumb Code    72  mqttkit.o(i.MQTT_PacketPublishComp)
    MQTT_PacketPublishRec                    0x08002405   Thumb Code    72  mqttkit.o(i.MQTT_PacketPublishRec)
    MQTT_PacketPublishRel                    0x0800244d   Thumb Code    72  mqttkit.o(i.MQTT_PacketPublishRel)
    MQTT_PacketSubscribe                     0x08002495   Thumb Code   254  mqttkit.o(i.MQTT_PacketSubscribe)
    MQTT_ReadLength                          0x08002593   Thumb Code    70  mqttkit.o(i.MQTT_ReadLength)
    MQTT_UnPacketCmd                         0x080025d9   Thumb Code   140  mqttkit.o(i.MQTT_UnPacketCmd)
    MQTT_UnPacketConnectAck                  0x08002665   Thumb Code    30  mqttkit.o(i.MQTT_UnPacketConnectAck)
    MQTT_UnPacketPublish                     0x08002685   Thumb Code   438  mqttkit.o(i.MQTT_UnPacketPublish)
    MQTT_UnPacketPublishAck                  0x08002845   Thumb Code    30  mqttkit.o(i.MQTT_UnPacketPublishAck)
    MQTT_UnPacketPublishComp                 0x08002863   Thumb Code    30  mqttkit.o(i.MQTT_UnPacketPublishComp)
    MQTT_UnPacketPublishRec                  0x08002881   Thumb Code    30  mqttkit.o(i.MQTT_UnPacketPublishRec)
    MQTT_UnPacketPublishRel                  0x0800289f   Thumb Code    36  mqttkit.o(i.MQTT_UnPacketPublishRel)
    MQTT_UnPacketRecv                        0x080028c5   Thumb Code   106  mqttkit.o(i.MQTT_UnPacketRecv)
    MQTT_UnPacketSubscribe                   0x08002939   Thumb Code    52  mqttkit.o(i.MQTT_UnPacketSubscribe)
    MQTT_UnPacketUnSubscribe                 0x0800296d   Thumb Code    18  mqttkit.o(i.MQTT_UnPacketUnSubscribe)
    MemManage_Handler                        0x0800297f   Thumb Code     4  stm32f10x_it.o(i.MemManage_Handler)
    NMI_Handler                              0x08002983   Thumb Code     2  stm32f10x_it.o(i.NMI_Handler)
    NVIC_Init                                0x08002985   Thumb Code   100  misc.o(i.NVIC_Init)
    NVIC_PriorityGroupConfig                 0x080029f5   Thumb Code    10  misc.o(i.NVIC_PriorityGroupConfig)
    PendSV_Handler                           0x08002a09   Thumb Code     2  stm32f10x_it.o(i.PendSV_Handler)
    RCC_APB1PeriphClockCmd                   0x08002a0d   Thumb Code    26  stm32f10x_rcc.o(i.RCC_APB1PeriphClockCmd)
    RCC_APB2PeriphClockCmd                   0x08002a2d   Thumb Code    26  stm32f10x_rcc.o(i.RCC_APB2PeriphClockCmd)
    RCC_GetClocksFreq                        0x08002a4d   Thumb Code   374  stm32f10x_rcc.o(i.RCC_GetClocksFreq)
    SVC_Handler                              0x08002bd9   Thumb Code     2  stm32f10x_it.o(i.SVC_Handler)
    SysTick_Handler                          0x08002cfd   Thumb Code     2  stm32f10x_it.o(i.SysTick_Handler)
    SystemInit                               0x08002d01   Thumb Code    92  system_stm32f10x.o(i.SystemInit)
    TIM3_IRQHandler                          0x08002d6d   Thumb Code    30  tim.o(i.TIM3_IRQHandler)
    TIM_ClearITPendingBit                    0x08002da9   Thumb Code     6  stm32f10x_tim.o(i.TIM_ClearITPendingBit)
    TIM_GetITStatus                          0x08002daf   Thumb Code    34  stm32f10x_tim.o(i.TIM_GetITStatus)
    Touch_GetStatus                          0x08002dd1   Thumb Code    28  touch.o(i.Touch_GetStatus)
    USART1_IRQHandler                        0x08002df1   Thumb Code    24  uart.o(i.USART1_IRQHandler)
    USART2_IRQHandler                        0x08002e0d   Thumb Code    62  esp_8266.o(i.USART2_IRQHandler)
    USART_ClearFlag                          0x08002e59   Thumb Code    18  stm32f10x_usart.o(i.USART_ClearFlag)
    USART_Cmd                                0x08002e6b   Thumb Code    24  stm32f10x_usart.o(i.USART_Cmd)
    USART_GetFlagStatus                      0x08002e83   Thumb Code    26  stm32f10x_usart.o(i.USART_GetFlagStatus)
    USART_GetITStatus                        0x08002e9d   Thumb Code    84  stm32f10x_usart.o(i.USART_GetITStatus)
    USART_ITConfig                           0x08002ef1   Thumb Code    74  stm32f10x_usart.o(i.USART_ITConfig)
    USART_Init                               0x08002f3d   Thumb Code   210  stm32f10x_usart.o(i.USART_Init)
    USART_SendData                           0x08003015   Thumb Code     8  stm32f10x_usart.o(i.USART_SendData)
    UsageFault_Handler                       0x0800301d   Thumb Code     4  stm32f10x_it.o(i.UsageFault_Handler)
    Usart1_Init                              0x08003021   Thumb Code   156  uart.o(i.Usart1_Init)
    Usart2_Init                              0x080030c5   Thumb Code   162  uart.o(i.Usart2_Init)
    UsartPrintf                              0x08003171   Thumb Code    72  uart.o(i.UsartPrintf)
    Usart_SendString                         0x080031b9   Thumb Code    50  uart.o(i.Usart_SendString)
    __0sprintf                               0x080031ed   Thumb Code    34  printfa.o(i.__0sprintf)
    __1sprintf                               0x080031ed   Thumb Code     0  printfa.o(i.__0sprintf)
    __2sprintf                               0x080031ed   Thumb Code     0  printfa.o(i.__0sprintf)
    __c89sprintf                             0x080031ed   Thumb Code     0  printfa.o(i.__0sprintf)
    sprintf                                  0x080031ed   Thumb Code     0  printfa.o(i.__0sprintf)
    __0vsnprintf                             0x08003215   Thumb Code    40  printfa.o(i.__0vsnprintf)
    __1vsnprintf                             0x08003215   Thumb Code     0  printfa.o(i.__0vsnprintf)
    __2vsnprintf                             0x08003215   Thumb Code     0  printfa.o(i.__0vsnprintf)
    __c89vsnprintf                           0x08003215   Thumb Code     0  printfa.o(i.__0vsnprintf)
    vsnprintf                                0x08003215   Thumb Code     0  printfa.o(i.__0vsnprintf)
    __aeabi_errno_addr                       0x08003241   Thumb Code     4  errno.o(i.__aeabi_errno_addr)
    __rt_errno_addr                          0x08003241   Thumb Code     0  errno.o(i.__aeabi_errno_addr)
    free                                     0x08003249   Thumb Code    88  mallocr.o(i.__free$realloc)
    malloc                                   0x080032a5   Thumb Code    64  mallocr.o(i.__malloc$realloc)
    __scatterload_copy                       0x080032f5   Thumb Code    14  handlers.o(i.__scatterload_copy)
    __scatterload_null                       0x08003303   Thumb Code     2  handlers.o(i.__scatterload_null)
    __scatterload_zeroinit                   0x08003305   Thumb Code    14  handlers.o(i.__scatterload_zeroinit)
    _is_digit                                0x08003499   Thumb Code    14  scanf_fp.o(i._is_digit)
    cJSON_Delete                             0x08003c41   Thumb Code    84  cjson.o(i.cJSON_Delete)
    cJSON_GetObjectItem                      0x08003c99   Thumb Code    18  cjson.o(i.cJSON_GetObjectItem)
    cJSON_Parse                              0x08003cc5   Thumb Code    16  cjson.o(i.cJSON_Parse)
    cJSON_ParseWithLengthOpts                0x08003cd5   Thumb Code   204  cjson.o(i.cJSON_ParseWithLengthOpts)
    cJSON_ParseWithOpts                      0x08003da9   Thumb Code    40  cjson.o(i.cJSON_ParseWithOpts)
    main                                     0x08003ec1   Thumb Code   308  main.o(i.main)
    realloc                                  0x08004711   Thumb Code   102  mallocr.o(i.realloc)
    strtod                                   0x080047b9   Thumb Code    28  strtod.o(i.strtod)
    __ctype_table                            0x08004904   Data         129  ctype_o.o(.constdata)
    Region$$Table$$Base                      0x08004a4c   Number         0  anon$$obj.o(Region$$Table)
    Region$$Table$$Limit                     0x08004a6c   Number         0  anon$$obj.o(Region$$Table)
    UsCount                                  0x20000014   Data           1  delay.o(.data)
    MsCount                                  0x20000016   Data           2  delay.o(.data)
    Beat_fail_num                            0x20000018   Data           4  main.o(.data)
    esp8266_cnt                              0x2000001c   Data           2  esp_8266.o(.data)
    esp8266_cntPre                           0x2000001e   Data           2  esp_8266.o(.data)
    __microlib_freelist                      0x20000038   Data           4  mvars.o(.data)
    __microlib_freelist_initialised          0x2000003c   Data           4  mvars.o(.data)
    esp8266_buf                              0x20000044   Data         128  esp_8266.o(.bss)
    __heap_base                              0x200000c8   Data           0  startup_stm32f10x_md.o(HEAP)
    __heap_limit                             0x200002c8   Data           0  startup_stm32f10x_md.o(HEAP)
    __initial_sp                             0x200006c8   Data           0  startup_stm32f10x_md.o(STACK)



==============================================================================

Memory Map of the image

  Image Entry point : 0x080000ed

  Load Region LR_IROM1 (Base: 0x08000000, Size: 0x00004ab0, Max: 0x00020000, ABSOLUTE)

    Execution Region ER_IROM1 (Exec base: 0x08000000, Load base: 0x08000000, Size: 0x00004a6c, Max: 0x00020000, ABSOLUTE)

    Exec Addr    Load Addr    Size         Type   Attr      Idx    E Section Name        Object

    0x08000000   0x08000000   0x000000ec   Data   RO            3    RESET               startup_stm32f10x_md.o
    0x080000ec   0x080000ec   0x00000000   Code   RO         4601  * .ARM.Collect$$$$00000000  mc_w.l(entry.o)
    0x080000ec   0x080000ec   0x00000004   Code   RO         4937    .ARM.Collect$$$$00000001  mc_w.l(entry2.o)
    0x080000f0   0x080000f0   0x00000004   Code   RO         4940    .ARM.Collect$$$$00000004  mc_w.l(entry5.o)
    0x080000f4   0x080000f4   0x00000000   Code   RO         4942    .ARM.Collect$$$$00000008  mc_w.l(entry7b.o)
    0x080000f4   0x080000f4   0x00000000   Code   RO         4944    .ARM.Collect$$$$0000000A  mc_w.l(entry8b.o)
    0x080000f4   0x080000f4   0x00000008   Code   RO         4945    .ARM.Collect$$$$0000000B  mc_w.l(entry9a.o)
    0x080000fc   0x080000fc   0x00000000   Code   RO         4947    .ARM.Collect$$$$0000000D  mc_w.l(entry10a.o)
    0x080000fc   0x080000fc   0x00000000   Code   RO         4949    .ARM.Collect$$$$0000000F  mc_w.l(entry11a.o)
    0x080000fc   0x080000fc   0x00000004   Code   RO         4938    .ARM.Collect$$$$00002712  mc_w.l(entry2.o)
    0x08000100   0x08000100   0x00000024   Code   RO            4    .text               startup_stm32f10x_md.o
    0x08000124   0x08000124   0x0000000c   Code   RO         4604    .text               mc_w.l(tolower.o)
    0x08000130   0x08000130   0x00000024   Code   RO         4606    .text               mc_w.l(memcpya.o)
    0x08000154   0x08000154   0x00000024   Code   RO         4608    .text               mc_w.l(memseta.o)
    0x08000178   0x08000178   0x00000024   Code   RO         4610    .text               mc_w.l(strstr.o)
    0x0800019c   0x0800019c   0x00000014   Code   RO         4612    .text               mc_w.l(strchr.o)
    0x080001b0   0x080001b0   0x0000000e   Code   RO         4614    .text               mc_w.l(strlen.o)
    0x080001be   0x080001be   0x0000001c   Code   RO         4616    .text               mc_w.l(strcmp.o)
    0x080001da   0x080001da   0x00000028   Code   RO         4618    .text               mc_w.l(strncat.o)
    0x08000202   0x08000202   0x0000001e   Code   RO         4622    .text               mc_w.l(strncmp.o)
    0x08000220   0x08000220   0x00000360   Code   RO         4917    .text               mc_w.l(scanf_fp.o)
    0x08000580   0x08000580   0x0000001a   Code   RO         4921    .text               mc_w.l(atoi.o)
    0x0800059a   0x0800059a   0x0000014e   Code   RO         4923    .text               mf_w.l(dadd.o)
    0x080006e8   0x080006e8   0x000000e4   Code   RO         4925    .text               mf_w.l(dmul.o)
    0x080007cc   0x080007cc   0x0000003e   Code   RO         4929    .text               mf_w.l(dfixi.o)
    0x0800080a   0x0800080a   0x00000002   PAD
    0x0800080c   0x0800080c   0x00000030   Code   RO         4933    .text               mf_w.l(cdcmple.o)
    0x0800083c   0x0800083c   0x00000030   Code   RO         4935    .text               mf_w.l(cdrcmple.o)
    0x0800086c   0x0800086c   0x0000002c   Code   RO         4952    .text               mc_w.l(uidiv.o)
    0x08000898   0x08000898   0x00000062   Code   RO         4954    .text               mc_w.l(uldiv.o)
    0x080008fa   0x080008fa   0x0000001e   Code   RO         4956    .text               mc_w.l(llshl.o)
    0x08000918   0x08000918   0x00000020   Code   RO         4958    .text               mc_w.l(llushr.o)
    0x08000938   0x08000938   0x00000024   Code   RO         4960    .text               mc_w.l(llsshr.o)
    0x0800095c   0x0800095c   0x00000040   Code   RO         4973    .text               mc_w.l(_sgetc.o)
    0x0800099c   0x0800099c   0x0000009c   Code   RO         4975    .text               mc_w.l(strtod.o)
    0x08000a38   0x08000a38   0x00000070   Code   RO         4977    .text               mc_w.l(strtol.o)
    0x08000aa8   0x08000aa8   0x00000000   Code   RO         4979    .text               mc_w.l(iusefp.o)
    0x08000aa8   0x08000aa8   0x000000ba   Code   RO         4980    .text               mf_w.l(depilogue.o)
    0x08000b62   0x08000b62   0x000000de   Code   RO         4982    .text               mf_w.l(ddiv.o)
    0x08000c40   0x08000c40   0x00000018   Code   RO         4984    .text               mf_w.l(dfltul.o)
    0x08000c58   0x08000c58   0x00000030   Code   RO         4986    .text               mf_w.l(dfixul.o)
    0x08000c88   0x08000c88   0x00000038   Code   RO         4988    .text               mf_w.l(d2f.o)
    0x08000cc0   0x08000cc0   0x00000024   Code   RO         4990    .text               mc_w.l(init.o)
    0x08000ce4   0x08000ce4   0x00000008   Code   RO         4994    .text               mc_w.l(ctype_o.o)
    0x08000cec   0x08000cec   0x00000012   Code   RO         5016    .text               mc_w.l(isspace_o.o)
    0x08000cfe   0x08000cfe   0x0000009e   Code   RO         5024    .text               mc_w.l(_strtoul.o)
    0x08000d9c   0x08000d9c   0x0000006e   Code   RO         5026    .text               mf_w.l(fepilogue.o)
    0x08000e0a   0x08000e0a   0x0000001c   Code   RO         5031    .text               mc_w.l(_chval.o)
    0x08000e26   0x08000e26   0x00000002   PAD
    0x08000e28   0x08000e28   0x0000026c   Code   RO         3883    i.ALiYun_DevLink    mqtt.o
    0x08001094   0x08001094   0x00000090   Code   RO         3692    i.ALiYun_HeartBeat  mqttkit.o
    0x08001124   0x08001124   0x0000006c   Code   RO         3884    i.ALiYun_Publish    mqtt.o
    0x08001190   0x08001190   0x0000047c   Code   RO         3885    i.ALiYun_RevPro     mqtt.o
    0x0800160c   0x0800160c   0x0000006c   Code   RO         3886    i.ALiYun_Subscribe  mqtt.o
    0x08001678   0x08001678   0x00000024   Code   RO         3480    i.Beep_Flag         beep.o
    0x0800169c   0x0800169c   0x00000034   Code   RO         3481    i.Beep_Init         beep.o
    0x080016d0   0x080016d0   0x00000014   Code   RO         3482    i.Beep_OFF          beep.o
    0x080016e4   0x080016e4   0x00000014   Code   RO         3483    i.Beep_ON           beep.o
    0x080016f8   0x080016f8   0x00000004   Code   RO         3566    i.BusFault_Handler  stm32f10x_it.o
    0x080016fc   0x080016fc   0x00000002   Code   RO         3567    i.DebugMon_Handler  stm32f10x_it.o
    0x080016fe   0x080016fe   0x0000003c   Code   RO         3250    i.DelayMs           delay.o
    0x0800173a   0x0800173a   0x00000002   PAD
    0x0800173c   0x0800173c   0x00000048   Code   RO         3252    i.DelayXms          delay.o
    0x08001784   0x08001784   0x00000038   Code   RO         3253    i.Delay_Init        delay.o
    0x080017bc   0x080017bc   0x0000001c   Code   RO         3629    i.ESP8266_Clear     esp_8266.o
    0x080017d8   0x080017d8   0x00000050   Code   RO         3630    i.ESP8266_GetIPD    esp_8266.o
    0x08001828   0x08001828   0x00000224   Code   RO         3631    i.ESP8266_Init      esp_8266.o
    0x08001a4c   0x08001a4c   0x00000054   Code   RO         3632    i.ESP8266_SendCmd   esp_8266.o
    0x08001aa0   0x08001aa0   0x00000048   Code   RO         3633    i.ESP8266_SendData  esp_8266.o
    0x08001ae8   0x08001ae8   0x00000034   Code   RO         3634    i.ESP8266_WaitRecive  esp_8266.o
    0x08001b1c   0x08001b1c   0x00000008   Code   RO         3286    i.Feed_Dog          iwdg.o
    0x08001b24   0x08001b24   0x00000116   Code   RO         1347    i.GPIO_Init         stm32f10x_gpio.o
    0x08001c3a   0x08001c3a   0x00000012   Code   RO         1351    i.GPIO_ReadInputDataBit  stm32f10x_gpio.o
    0x08001c4c   0x08001c4c   0x00000012   Code   RO         1353    i.GPIO_ReadOutputDataBit  stm32f10x_gpio.o
    0x08001c5e   0x08001c5e   0x00000004   Code   RO         1354    i.GPIO_ResetBits    stm32f10x_gpio.o
    0x08001c62   0x08001c62   0x00000004   Code   RO         1355    i.GPIO_SetBits      stm32f10x_gpio.o
    0x08001c66   0x08001c66   0x0000000a   Code   RO         1358    i.GPIO_WriteBit     stm32f10x_gpio.o
    0x08001c70   0x08001c70   0x00000004   Code   RO         3568    i.HardFault_Handler  stm32f10x_it.o
    0x08001c74   0x08001c74   0x00000048   Code   RO         3513    i.Hardware_Init     main.o
    0x08001cbc   0x08001cbc   0x00000010   Code   RO         1665    i.IWDG_Enable       stm32f10x_iwdg.o
    0x08001ccc   0x08001ccc   0x00000026   Code   RO         3287    i.IWDG_Init         iwdg.o
    0x08001cf2   0x08001cf2   0x00000002   PAD
    0x08001cf4   0x08001cf4   0x00000010   Code   RO         1667    i.IWDG_ReloadCounter  stm32f10x_iwdg.o
    0x08001d04   0x08001d04   0x0000000c   Code   RO         1668    i.IWDG_SetPrescaler  stm32f10x_iwdg.o
    0x08001d10   0x08001d10   0x0000000c   Code   RO         1669    i.IWDG_SetReload    stm32f10x_iwdg.o
    0x08001d1c   0x08001d1c   0x0000000c   Code   RO         1670    i.IWDG_WriteAccessCmd  stm32f10x_iwdg.o
    0x08001d28   0x08001d28   0x00000024   Code   RO         3334    i.LED2_Flag         led.o
    0x08001d4c   0x08001d4c   0x00000010   Code   RO         3335    i.LED2_OFF          led.o
    0x08001d5c   0x08001d5c   0x00000010   Code   RO         3336    i.LED2_ON           led.o
    0x08001d6c   0x08001d6c   0x0000001c   Code   RO         3337    i.LED2_Turn         led.o
    0x08001d88   0x08001d88   0x00000034   Code   RO         3338    i.LED_Init          led.o
    0x08001dbc   0x08001dbc   0x0000001c   Code   RO         3693    i.MQTT_DeleteBuffer  mqttkit.o
    0x08001dd8   0x08001dd8   0x0000002e   Code   RO         3694    i.MQTT_DumpLength   mqttkit.o
    0x08001e06   0x08001e06   0x00000058   Code   RO         3695    i.MQTT_NewBuffer    mqttkit.o
    0x08001e5e   0x08001e5e   0x00000002   PAD
    0x08001e60   0x08001e60   0x0000008c   Code   RO         3696    i.MQTT_PacketCmdResp  mqttkit.o
    0x08001eec   0x08001eec   0x000002a0   Code   RO         3697    i.MQTT_PacketConnect  mqttkit.o
    0x0800218c   0x0800218c   0x00000030   Code   RO         3699    i.MQTT_PacketPing   mqttkit.o
    0x080021bc   0x080021bc   0x000001b8   Code   RO         3700    i.MQTT_PacketPublish  mqttkit.o
    0x08002374   0x08002374   0x00000048   Code   RO         3701    i.MQTT_PacketPublishAck  mqttkit.o
    0x080023bc   0x080023bc   0x00000048   Code   RO         3702    i.MQTT_PacketPublishComp  mqttkit.o
    0x08002404   0x08002404   0x00000048   Code   RO         3703    i.MQTT_PacketPublishRec  mqttkit.o
    0x0800244c   0x0800244c   0x00000048   Code   RO         3704    i.MQTT_PacketPublishRel  mqttkit.o
    0x08002494   0x08002494   0x000000fe   Code   RO         3707    i.MQTT_PacketSubscribe  mqttkit.o
    0x08002592   0x08002592   0x00000046   Code   RO         3709    i.MQTT_ReadLength   mqttkit.o
    0x080025d8   0x080025d8   0x0000008c   Code   RO         3710    i.MQTT_UnPacketCmd  mqttkit.o
    0x08002664   0x08002664   0x0000001e   Code   RO         3711    i.MQTT_UnPacketConnectAck  mqttkit.o
    0x08002682   0x08002682   0x00000002   PAD
    0x08002684   0x08002684   0x000001c0   Code   RO         3712    i.MQTT_UnPacketPublish  mqttkit.o
    0x08002844   0x08002844   0x0000001e   Code   RO         3713    i.MQTT_UnPacketPublishAck  mqttkit.o
    0x08002862   0x08002862   0x0000001e   Code   RO         3714    i.MQTT_UnPacketPublishComp  mqttkit.o
    0x08002880   0x08002880   0x0000001e   Code   RO         3715    i.MQTT_UnPacketPublishRec  mqttkit.o
    0x0800289e   0x0800289e   0x00000024   Code   RO         3716    i.MQTT_UnPacketPublishRel  mqttkit.o
    0x080028c2   0x080028c2   0x00000002   PAD
    0x080028c4   0x080028c4   0x00000074   Code   RO         3717    i.MQTT_UnPacketRecv  mqttkit.o
    0x08002938   0x08002938   0x00000034   Code   RO         3718    i.MQTT_UnPacketSubscribe  mqttkit.o
    0x0800296c   0x0800296c   0x00000012   Code   RO         3719    i.MQTT_UnPacketUnSubscribe  mqttkit.o
    0x0800297e   0x0800297e   0x00000004   Code   RO         3569    i.MemManage_Handler  stm32f10x_it.o
    0x08002982   0x08002982   0x00000002   Code   RO         3570    i.NMI_Handler       stm32f10x_it.o
    0x08002984   0x08002984   0x00000070   Code   RO          137    i.NVIC_Init         misc.o
    0x080029f4   0x080029f4   0x00000014   Code   RO          138    i.NVIC_PriorityGroupConfig  misc.o
    0x08002a08   0x08002a08   0x00000002   Code   RO         3571    i.PendSV_Handler    stm32f10x_it.o
    0x08002a0a   0x08002a0a   0x00000002   PAD
    0x08002a0c   0x08002a0c   0x00000020   Code   RO         1776    i.RCC_APB1PeriphClockCmd  stm32f10x_rcc.o
    0x08002a2c   0x08002a2c   0x00000020   Code   RO         1778    i.RCC_APB2PeriphClockCmd  stm32f10x_rcc.o
    0x08002a4c   0x08002a4c   0x0000018c   Code   RO         1786    i.RCC_GetClocksFreq  stm32f10x_rcc.o
    0x08002bd8   0x08002bd8   0x00000002   Code   RO         3572    i.SVC_Handler       stm32f10x_it.o
    0x08002bda   0x08002bda   0x00000008   Code   RO           24    i.SetSysClock       system_stm32f10x.o
    0x08002be2   0x08002be2   0x00000002   PAD
    0x08002be4   0x08002be4   0x00000118   Code   RO           25    i.SetSysClockTo72   system_stm32f10x.o
    0x08002cfc   0x08002cfc   0x00000002   Code   RO         3573    i.SysTick_Handler   stm32f10x_it.o
    0x08002cfe   0x08002cfe   0x00000002   PAD
    0x08002d00   0x08002d00   0x0000006c   Code   RO           27    i.SystemInit        system_stm32f10x.o
    0x08002d6c   0x08002d6c   0x0000003c   Code   RO         3307    i.TIM3_IRQHandler   tim.o
    0x08002da8   0x08002da8   0x00000006   Code   RO         2470    i.TIM_ClearITPendingBit  stm32f10x_tim.o
    0x08002dae   0x08002dae   0x00000022   Code   RO         2496    i.TIM_GetITStatus   stm32f10x_tim.o
    0x08002dd0   0x08002dd0   0x00000020   Code   RO         3376    i.Touch_GetStatus   touch.o
    0x08002df0   0x08002df0   0x0000001c   Code   RO         3401    i.USART1_IRQHandler  uart.o
    0x08002e0c   0x08002e0c   0x0000004c   Code   RO         3635    i.USART2_IRQHandler  esp_8266.o
    0x08002e58   0x08002e58   0x00000012   Code   RO         3010    i.USART_ClearFlag   stm32f10x_usart.o
    0x08002e6a   0x08002e6a   0x00000018   Code   RO         3014    i.USART_Cmd         stm32f10x_usart.o
    0x08002e82   0x08002e82   0x0000001a   Code   RO         3017    i.USART_GetFlagStatus  stm32f10x_usart.o
    0x08002e9c   0x08002e9c   0x00000054   Code   RO         3018    i.USART_GetITStatus  stm32f10x_usart.o
    0x08002ef0   0x08002ef0   0x0000004a   Code   RO         3020    i.USART_ITConfig    stm32f10x_usart.o
    0x08002f3a   0x08002f3a   0x00000002   PAD
    0x08002f3c   0x08002f3c   0x000000d8   Code   RO         3021    i.USART_Init        stm32f10x_usart.o
    0x08003014   0x08003014   0x00000008   Code   RO         3031    i.USART_SendData    stm32f10x_usart.o
    0x0800301c   0x0800301c   0x00000004   Code   RO         3574    i.UsageFault_Handler  stm32f10x_it.o
    0x08003020   0x08003020   0x000000a4   Code   RO         3404    i.Usart1_Init       uart.o
    0x080030c4   0x080030c4   0x000000ac   Code   RO         3405    i.Usart2_Init       uart.o
    0x08003170   0x08003170   0x00000048   Code   RO         3407    i.UsartPrintf       uart.o
    0x080031b8   0x080031b8   0x00000032   Code   RO         3408    i.Usart_SendString  uart.o
    0x080031ea   0x080031ea   0x00000002   PAD
    0x080031ec   0x080031ec   0x00000028   Code   RO         4861    i.__0sprintf        mc_w.l(printfa.o)
    0x08003214   0x08003214   0x0000002c   Code   RO         4864    i.__0vsnprintf      mc_w.l(printfa.o)
    0x08003240   0x08003240   0x00000008   Code   RO         4964    i.__aeabi_errno_addr  mc_w.l(errno.o)
    0x08003248   0x08003248   0x0000005c   Code   RO         4891    i.__free$realloc    mc_w.l(mallocr.o)
    0x080032a4   0x080032a4   0x00000050   Code   RO         4892    i.__malloc$realloc  mc_w.l(mallocr.o)
    0x080032f4   0x080032f4   0x0000000e   Code   RO         5035    i.__scatterload_copy  mc_w.l(handlers.o)
    0x08003302   0x08003302   0x00000002   Code   RO         5036    i.__scatterload_null  mc_w.l(handlers.o)
    0x08003304   0x08003304   0x0000000e   Code   RO         5037    i.__scatterload_zeroinit  mc_w.l(handlers.o)
    0x08003312   0x08003312   0x00000002   PAD
    0x08003314   0x08003314   0x00000184   Code   RO         4866    i._fp_digits        mc_w.l(printfa.o)
    0x08003498   0x08003498   0x0000000e   Code   RO         4919    i._is_digit         mc_w.l(scanf_fp.o)
    0x080034a6   0x080034a6   0x00000002   PAD
    0x080034a8   0x080034a8   0x000006dc   Code   RO         4867    i._printf_core      mc_w.l(printfa.o)
    0x08003b84   0x08003b84   0x00000024   Code   RO         4868    i._printf_post_padding  mc_w.l(printfa.o)
    0x08003ba8   0x08003ba8   0x0000002e   Code   RO         4869    i._printf_pre_padding  mc_w.l(printfa.o)
    0x08003bd6   0x08003bd6   0x00000016   Code   RO         4870    i._snputc           mc_w.l(printfa.o)
    0x08003bec   0x08003bec   0x0000000a   Code   RO         4871    i._sputc            mc_w.l(printfa.o)
    0x08003bf6   0x08003bf6   0x00000048   Code   RO         3930    i.buffer_skip_whitespace  cjson.o
    0x08003c3e   0x08003c3e   0x00000002   PAD
    0x08003c40   0x08003c40   0x00000058   Code   RO         3962    i.cJSON_Delete      cjson.o
    0x08003c98   0x08003c98   0x00000012   Code   RO         3975    i.cJSON_GetObjectItem  cjson.o
    0x08003caa   0x08003caa   0x0000001a   Code   RO         3992    i.cJSON_New_Item    cjson.o
    0x08003cc4   0x08003cc4   0x00000010   Code   RO         3993    i.cJSON_Parse       cjson.o
    0x08003cd4   0x08003cd4   0x000000d4   Code   RO         3995    i.cJSON_ParseWithLengthOpts  cjson.o
    0x08003da8   0x08003da8   0x00000028   Code   RO         3996    i.cJSON_ParseWithOpts  cjson.o
    0x08003dd0   0x08003dd0   0x00000048   Code   RO         4011    i.case_insensitive_strcmp  cjson.o
    0x08003e18   0x08003e18   0x00000004   Code   RO         4017    i.get_decimal_point  cjson.o
    0x08003e1c   0x08003e1c   0x00000052   Code   RO         4018    i.get_object_item   cjson.o
    0x08003e6e   0x08003e6e   0x00000002   PAD
    0x08003e70   0x08003e70   0x00000050   Code   RO         4893    i.internal_alloc    mc_w.l(mallocr.o)
    0x08003ec0   0x08003ec0   0x000001bc   Code   RO         3514    i.main              main.o
    0x0800407c   0x0800407c   0x000000f8   Code   RO         4020    i.parse_array       cjson.o
    0x08004174   0x08004174   0x0000005a   Code   RO         4021    i.parse_hex4        cjson.o
    0x080041ce   0x080041ce   0x00000002   PAD
    0x080041d0   0x080041d0   0x00000138   Code   RO         4022    i.parse_number      cjson.o
    0x08004308   0x08004308   0x0000013e   Code   RO         4023    i.parse_object      cjson.o
    0x08004446   0x08004446   0x0000018c   Code   RO         4024    i.parse_string      cjson.o
    0x080045d2   0x080045d2   0x00000002   PAD
    0x080045d4   0x080045d4   0x0000013c   Code   RO         4025    i.parse_value       cjson.o
    0x08004710   0x08004710   0x0000006c   Code   RO         4894    i.realloc           mc_w.l(mallocr.o)
    0x0800477c   0x0800477c   0x0000003c   Code   RO         4036    i.skip_utf8_bom     cjson.o
    0x080047b8   0x080047b8   0x0000001c   Code   RO         4598    i.strtod            m_ws.l(strtod.o)
    0x080047d4   0x080047d4   0x0000012c   Code   RO         4039    i.utf16_literal_to_utf8  cjson.o
    0x08004900   0x08004900   0x00000004   Data   RO         3515    .constdata          main.o
    0x08004904   0x08004904   0x00000081   Data   RO         4995    .constdata          mc_w.l(ctype_o.o)
    0x08004985   0x08004985   0x00000003   PAD
    0x08004988   0x08004988   0x00000004   Data   RO         4996    .constdata          mc_w.l(ctype_o.o)
    0x0800498c   0x0800498c   0x0000002c   Data   RO         3516    .conststring        main.o
    0x080049b8   0x080049b8   0x0000004c   Data   RO         3637    .conststring        esp_8266.o
    0x08004a04   0x08004a04   0x00000047   Data   RO         3887    .conststring        mqtt.o
    0x08004a4b   0x08004a4b   0x00000001   PAD
    0x08004a4c   0x08004a4c   0x00000020   Data   RO         5033    Region$$Table       anon$$obj.o


    Execution Region RW_IRAM1 (Exec base: 0x20000000, Load base: 0x08004a6c, Size: 0x000006c8, Max: 0x00010000, ABSOLUTE)

    Exec Addr    Load Addr    Size         Type   Attr      Idx    E Section Name        Object

    0x20000000   0x08004a6c   0x00000014   Data   RW         1814    .data               stm32f10x_rcc.o
    0x20000014   0x08004a80   0x00000004   Data   RW         3254    .data               delay.o
    0x20000018   0x08004a84   0x00000004   Data   RW         3517    .data               main.o
    0x2000001c   0x08004a88   0x00000004   Data   RW         3638    .data               esp_8266.o
    0x20000020   0x08004a8c   0x00000002   Data   RW         3888    .data               mqtt.o
    0x20000022   0x08004a8e   0x00000002   PAD
    0x20000024   0x08004a90   0x00000014   Data   RW         4041    .data               cjson.o
    0x20000038   0x08004aa4   0x00000004   Data   RW         4962    .data               mc_w.l(mvars.o)
    0x2000003c   0x08004aa8   0x00000004   Data   RW         4963    .data               mc_w.l(mvars.o)
    0x20000040   0x08004aac   0x00000004   Data   RW         4967    .data               mc_w.l(errno.o)
    0x20000044        -       0x00000080   Zero   RW         3636    .bss                esp_8266.o
    0x200000c4   0x08004ab0   0x00000004   PAD
    0x200000c8        -       0x00000200   Zero   RW            2    HEAP                startup_stm32f10x_md.o
    0x200002c8        -       0x00000400   Zero   RW            1    STACK               startup_stm32f10x_md.o


==============================================================================

Image component sizes


      Code (inc. data)   RO Data    RW Data    ZI Data      Debug   Object Name

       128         16          0          0          0       1685   beep.o
      2670         66          0         20          0      16225   cjson.o
         0          0          0          0          0       4508   core_cm3.o
       188         14          0          4          0       1724   delay.o
       940        340         76          4        128       4711   esp_8266.o
        46          0          0          0          0        891   iwdg.o
       148         18          0          0          0       2084   led.o
       516        160         48          4          0       3227   main.o
       132         22          0          0          0     222471   misc.o
      1984        952         71          2          0       6815   mqtt.o
      3148        102          0          0          0      19590   mqttkit.o
        36          8        236          0       1536        788   startup_stm32f10x_md.o
         0          0          0          0          0       1628   stm32f10x_adc.o
       332          0          0          0          0      12681   stm32f10x_gpio.o
        26          0          0          0          0       3470   stm32f10x_it.o
        68         30          0          0          0       2142   stm32f10x_iwdg.o
       460         34          0         20          0      18162   stm32f10x_rcc.o
        40          0          0          0          0      21826   stm32f10x_tim.o
       450          6          0          0          0      11619   stm32f10x_usart.o
       396         32          0          0          0      29301   system_stm32f10x.o
        60         30          0          0          0        410   tim.o
        32          4          0          0          0        462   touch.o
       486         22          0          0          0       4369   uart.o

    ----------------------------------------------------------------------
     12314       1856        464         56       1668     390789   Object Totals
         0          0         32          0          0          0   (incl. Generated)
        28          0          1          2          4          0   (incl. Padding)

    ----------------------------------------------------------------------

      Code (inc. data)   RO Data    RW Data    ZI Data      Debug   Library Member Name

        28          0          0          0          0         80   strtod.o
        28          0          0          0          0         68   _chval.o
        64          0          0          0          0         84   _sgetc.o
       158          0          0          0          0         92   _strtoul.o
        26          0          0          0          0         80   atoi.o
         8          4        133          0          0         68   ctype_o.o
         0          0          0          0          0          0   entry.o
         0          0          0          0          0          0   entry10a.o
         0          0          0          0          0          0   entry11a.o
         8          4          0          0          0          0   entry2.o
         4          0          0          0          0          0   entry5.o
         0          0          0          0          0          0   entry7b.o
         0          0          0          0          0          0   entry8b.o
         8          4          0          0          0          0   entry9a.o
         8          4          0          4          0         68   errno.o
        30          0          0          0          0          0   handlers.o
        36          8          0          0          0         68   init.o
        18          0          0          0          0         76   isspace_o.o
         0          0          0          0          0          0   iusefp.o
        30          0          0          0          0         68   llshl.o
        36          0          0          0          0         68   llsshr.o
        32          0          0          0          0         68   llushr.o
       360         30          0          0          0        356   mallocr.o
        36          0          0          0          0         68   memcpya.o
        36          0          0          0          0        108   memseta.o
         0          0          0          8          0          0   mvars.o
      2342         90          0          0          0        668   printfa.o
       878         12          0          0          0        216   scanf_fp.o
        20          0          0          0          0         68   strchr.o
        28          0          0          0          0         76   strcmp.o
        14          0          0          0          0         68   strlen.o
        40          0          0          0          0         76   strncat.o
        30          0          0          0          0         80   strncmp.o
        36          0          0          0          0         80   strstr.o
       156         12          0          0          0        120   strtod.o
       112          0          0          0          0         88   strtol.o
        12          0          0          0          0         68   tolower.o
        44          0          0          0          0         80   uidiv.o
        98          0          0          0          0         92   uldiv.o
        48          0          0          0          0         68   cdcmple.o
        48          0          0          0          0         68   cdrcmple.o
        56          0          0          0          0         88   d2f.o
       334          0          0          0          0        148   dadd.o
       222          0          0          0          0        100   ddiv.o
       186          0          0          0          0        176   depilogue.o
        62          0          0          0          0         80   dfixi.o
        48          0          0          0          0         68   dfixul.o
        24          0          0          0          0         76   dfltul.o
       228          0          0          0          0         96   dmul.o
       110          0          0          0          0        168   fepilogue.o

    ----------------------------------------------------------------------
      6138        168        136         12          0       4336   Library Totals
         8          0          3          0          0          0   (incl. Padding)

    ----------------------------------------------------------------------

      Code (inc. data)   RO Data    RW Data    ZI Data      Debug   Library Name

        28          0          0          0          0         80   m_ws.l
      4736        168        133         12          0       3120   mc_w.l
      1366          0          0          0          0       1136   mf_w.l

    ----------------------------------------------------------------------
      6138        168        136         12          0       4336   Library Totals

    ----------------------------------------------------------------------

==============================================================================


      Code (inc. data)   RO Data    RW Data    ZI Data      Debug   

     18452       2024        600         68       1668     387165   Grand Totals
     18452       2024        600         68       1668     387165   ELF Image Totals
     18452       2024        600         68          0          0   ROM Totals

==============================================================================

    Total RO  Size (Code + RO Data)                19052 (  18.61kB)
    Total RW  Size (RW Data + ZI Data)              1736 (   1.70kB)
    Total ROM Size (Code + RO Data + RW Data)      19120 (  18.67kB)

==============================================================================

