Component: ARM Compiler 5.06 update 5 (build 528) Tool: armlink [4d35e2]

==============================================================================

Section Cross References

    startup_stm32f10x_md.o(RESET) refers to startup_stm32f10x_md.o(STACK) for __initial_sp
    startup_stm32f10x_md.o(RESET) refers to startup_stm32f10x_md.o(.text) for Reset_Handler
    startup_stm32f10x_md.o(RESET) refers to stm32f10x_it.o(i.NMI_Handler) for NMI_Handler
    startup_stm32f10x_md.o(RESET) refers to stm32f10x_it.o(i.HardFault_Handler) for HardFault_Handler
    startup_stm32f10x_md.o(RESET) refers to stm32f10x_it.o(i.MemManage_Handler) for MemManage_Handler
    startup_stm32f10x_md.o(RESET) refers to stm32f10x_it.o(i.BusFault_Handler) for BusFault_Handler
    startup_stm32f10x_md.o(RESET) refers to stm32f10x_it.o(i.UsageFault_Handler) for UsageFault_Handler
    startup_stm32f10x_md.o(RESET) refers to stm32f10x_it.o(i.SVC_Handler) for SVC_Handler
    startup_stm32f10x_md.o(RESET) refers to stm32f10x_it.o(i.DebugMon_Handler) for DebugMon_Handler
    startup_stm32f10x_md.o(RESET) refers to stm32f10x_it.o(i.PendSV_Handler) for PendSV_Handler
    startup_stm32f10x_md.o(RESET) refers to stm32f10x_it.o(i.SysTick_Handler) for SysTick_Handler
    startup_stm32f10x_md.o(RESET) refers to tim.o(i.TIM3_IRQHandler) for TIM3_IRQHandler
    startup_stm32f10x_md.o(RESET) refers to uart.o(i.USART1_IRQHandler) for USART1_IRQHandler
    startup_stm32f10x_md.o(RESET) refers to esp_8266.o(i.USART2_IRQHandler) for USART2_IRQHandler
    startup_stm32f10x_md.o(.text) refers to system_stm32f10x.o(i.SystemInit) for SystemInit
    startup_stm32f10x_md.o(.text) refers to entry.o(.ARM.Collect$$$$00000000) for __main
    system_stm32f10x.o(i.SetSysClock) refers to system_stm32f10x.o(i.SetSysClockTo72) for SetSysClockTo72
    system_stm32f10x.o(i.SystemCoreClockUpdate) refers to system_stm32f10x.o(.data) for SystemCoreClock
    system_stm32f10x.o(i.SystemInit) refers to system_stm32f10x.o(i.SetSysClock) for SetSysClock
    stm32f10x_adc.o(i.ADC_DeInit) refers to stm32f10x_rcc.o(i.RCC_APB2PeriphResetCmd) for RCC_APB2PeriphResetCmd
    stm32f10x_bkp.o(i.BKP_DeInit) refers to stm32f10x_rcc.o(i.RCC_BackupResetCmd) for RCC_BackupResetCmd
    stm32f10x_can.o(i.CAN_DeInit) refers to stm32f10x_rcc.o(i.RCC_APB1PeriphResetCmd) for RCC_APB1PeriphResetCmd
    stm32f10x_can.o(i.CAN_GetITStatus) refers to stm32f10x_can.o(i.CheckITStatus) for CheckITStatus
    stm32f10x_cec.o(i.CEC_DeInit) refers to stm32f10x_rcc.o(i.RCC_APB1PeriphResetCmd) for RCC_APB1PeriphResetCmd
    stm32f10x_dac.o(i.DAC_DeInit) refers to stm32f10x_rcc.o(i.RCC_APB1PeriphResetCmd) for RCC_APB1PeriphResetCmd
    stm32f10x_flash.o(i.FLASH_EnableWriteProtection) refers to stm32f10x_flash.o(i.FLASH_WaitForLastOperation) for FLASH_WaitForLastOperation
    stm32f10x_flash.o(i.FLASH_EraseAllBank1Pages) refers to stm32f10x_flash.o(i.FLASH_WaitForLastBank1Operation) for FLASH_WaitForLastBank1Operation
    stm32f10x_flash.o(i.FLASH_EraseAllPages) refers to stm32f10x_flash.o(i.FLASH_WaitForLastOperation) for FLASH_WaitForLastOperation
    stm32f10x_flash.o(i.FLASH_EraseOptionBytes) refers to stm32f10x_flash.o(i.FLASH_GetReadOutProtectionStatus) for FLASH_GetReadOutProtectionStatus
    stm32f10x_flash.o(i.FLASH_EraseOptionBytes) refers to stm32f10x_flash.o(i.FLASH_WaitForLastOperation) for FLASH_WaitForLastOperation
    stm32f10x_flash.o(i.FLASH_ErasePage) refers to stm32f10x_flash.o(i.FLASH_WaitForLastOperation) for FLASH_WaitForLastOperation
    stm32f10x_flash.o(i.FLASH_ProgramHalfWord) refers to stm32f10x_flash.o(i.FLASH_WaitForLastOperation) for FLASH_WaitForLastOperation
    stm32f10x_flash.o(i.FLASH_ProgramOptionByteData) refers to stm32f10x_flash.o(i.FLASH_WaitForLastOperation) for FLASH_WaitForLastOperation
    stm32f10x_flash.o(i.FLASH_ProgramWord) refers to stm32f10x_flash.o(i.FLASH_WaitForLastOperation) for FLASH_WaitForLastOperation
    stm32f10x_flash.o(i.FLASH_ReadOutProtection) refers to stm32f10x_flash.o(i.FLASH_WaitForLastOperation) for FLASH_WaitForLastOperation
    stm32f10x_flash.o(i.FLASH_UserOptionByteConfig) refers to stm32f10x_flash.o(i.FLASH_WaitForLastOperation) for FLASH_WaitForLastOperation
    stm32f10x_flash.o(i.FLASH_WaitForLastBank1Operation) refers to stm32f10x_flash.o(i.FLASH_GetBank1Status) for FLASH_GetBank1Status
    stm32f10x_flash.o(i.FLASH_WaitForLastOperation) refers to stm32f10x_flash.o(i.FLASH_GetBank1Status) for FLASH_GetBank1Status
    stm32f10x_gpio.o(i.GPIO_AFIODeInit) refers to stm32f10x_rcc.o(i.RCC_APB2PeriphResetCmd) for RCC_APB2PeriphResetCmd
    stm32f10x_gpio.o(i.GPIO_DeInit) refers to stm32f10x_rcc.o(i.RCC_APB2PeriphResetCmd) for RCC_APB2PeriphResetCmd
    stm32f10x_i2c.o(i.I2C_DeInit) refers to stm32f10x_rcc.o(i.RCC_APB1PeriphResetCmd) for RCC_APB1PeriphResetCmd
    stm32f10x_i2c.o(i.I2C_Init) refers to stm32f10x_rcc.o(i.RCC_GetClocksFreq) for RCC_GetClocksFreq
[...]
    i.ADC_GetConversionValue                 0x08000f78   Section        0  stm32f10x_adc.o(i.ADC_GetConversionValue)
    i.ADC_GetFlagStatus                      0x08000f80   Section        0  stm32f10x_adc.o(i.ADC_GetFlagStatus)
    i.ADC_GetResetCalibrationStatus          0x08000f92   Section        0  stm32f10x_adc.o(i.ADC_GetResetCalibrationStatus)
    i.ADC_Init                               0x08000fa8   Section        0  stm32f10x_adc.o(i.ADC_Init)
    i.ADC_RegularChannelConfig               0x08000ff8   Section        0  stm32f10x_adc.o(i.ADC_RegularChannelConfig)
    i.ADC_ResetCalibration                   0x080010b0   Section        0  stm32f10x_adc.o(i.ADC_ResetCalibration)
    i.ADC_SoftwareStartConvCmd               0x080010ba   Section        0  stm32f10x_adc.o(i.ADC_SoftwareStartConvCmd)
    i.ADC_StartCalibration                   0x080010d0   Section        0  stm32f10x_adc.o(i.ADC_StartCalibration)
    i.ALiYun_DevLink                         0x080010dc   Section        0  mqtt.o(i.ALiYun_DevLink)
    i.ALiYun_HeartBeat                       0x08001348   Section        0  mqttkit.o(i.ALiYun_HeartBeat)
    i.ALiYun_Publish                         0x080013d8   Section        0  mqtt.o(i.ALiYun_Publish)
    i.ALiYun_RevPro                          0x08001424   Section        0  mqtt.o(i.ALiYun_RevPro)
    i.ALiYun_Subscribe                       0x08001884   Section        0  mqtt.o(i.ALiYun_Subscribe)
    i.Beep_Flag                              0x080018f0   Section        0  beep.o(i.Beep_Flag)
    i.Beep_Init                              0x08001914   Section        0  beep.o(i.Beep_Init)
    i.Beep_OFF                               0x08001948   Section        0  beep.o(i.Beep_OFF)
    i.Beep_ON                                0x0800195c   Section        0  beep.o(i.Beep_ON)
    i.BusFault_Handler                       0x08001970   Section        0  stm32f10x_it.o(i.BusFault_Handler)
    i.DebugMon_Handler                       0x08001974   Section        0  stm32f10x_it.o(i.DebugMon_Handler)
    i.DelayMs                                0x08001976   Section        0  delay.o(i.DelayMs)
    i.DelayXms                               0x080019b4   Section        0  delay.o(i.DelayXms)
    i.Delay_Init                             0x080019fc   Section        0  delay.o(i.Delay_Init)
    i.ESP8266_Clear                          0x08001a34   Section        0  esp_8266.o(i.ESP8266_Clear)
    i.ESP8266_GetIPD                         0x08001a50   Section        0  esp_8266.o(i.ESP8266_GetIPD)
    i.ESP8266_Init                           0x08001aa0   Section        0  esp_8266.o(i.ESP8266_Init)
    i.ESP8266_SendCmd                        0x08001cc4   Section        0  esp_8266.o(i.ESP8266_SendCmd)
    i.ESP8266_SendData                       0x08001d18   Section        0  esp_8266.o(i.ESP8266_SendData)
    i.ESP8266_WaitRecive                     0x08001d60   Section        0  esp_8266.o(i.ESP8266_WaitRecive)
    i.Feed_Dog                               0x08001d94   Section        0  iwdg.o(i.Feed_Dog)
    i.GPIO_Init                              0x08001d9c   Section        0  stm32f10x_gpio.o(i.GPIO_Init)
    i.GPIO_ReadInputDataBit                  0x08001eb2   Section        0  stm32f10x_gpio.o(i.GPIO_ReadInputDataBit)
    i.GPIO_ReadOutputDataBit                 0x08001ec4   Section        0  stm32f10x_gpio.o(i.GPIO_ReadOutputDataBit)
    i.GPIO_ResetBits                         0x08001ed6   Section        0  stm32f10x_gpio.o(i.GPIO_ResetBits)
    i.GPIO_SetBits                           0x08001eda   Section        0  stm32f10x_gpio.o(i.GPIO_SetBits)
    i.GPIO_WriteBit                          0x08001ede   Section        0  stm32f10x_gpio.o(i.GPIO_WriteBit)
    i.GetDataFromSHT31                       0x08001ee8   Section        0  sht31.o(i.GetDataFromSHT31)
    i.Get_Adc                                0x08001fd0   Section        0  adc.o(i.Get_Adc)
    i.Get_Adc_Average                        0x08002004   Section        0  adc.o(i.Get_Adc_Average)
    i.Gui_DrawFont_GBK24                     0x08002034   Section        0  gui.o(i.Gui_DrawFont_GBK24)
    i.Gui_DrawPoint                          0x08002224   Section        0  lcd.o(i.Gui_DrawPoint)
    i.HardFault_Handler                      0x08002244   Section        0  stm32f10x_it.o(i.HardFault_Handler)
    i.Hardware_Init                          0x08002248   Section        0  main.o(i.Hardware_Init)
    i.I2C1_SHT31_Get_RH_And_Tmp              0x080022a4   Section        0  sht31.o(i.I2C1_SHT31_Get_RH_And_Tmp)
    i.I2C1_init                              0x08002344   Section        0  sht31.o(i.I2C1_init)
    i.I2C_AcknowledgeConfig                  0x080023c0   Section        0  stm32f10x_i2c.o(i.I2C_AcknowledgeConfig)
    i.I2C_CheckEvent                         0x080023d8   Section        0  stm32f10x_i2c.o(i.I2C_CheckEvent)
    i.I2C_Cmd                                0x08002402   Section        0  stm32f10x_i2c.o(i.I2C_Cmd)
    i.I2C_CommandWrite                       0x0800241c   Section        0  sht31.o(i.I2C_CommandWrite)
    i.I2C_GenerateSTART                      0x0800246c   Section        0  stm32f10x_i2c.o(i.I2C_GenerateSTART)
    i.I2C_GenerateSTOP                       0x08002484   Section        0  stm32f10x_i2c.o(i.I2C_GenerateSTOP)
    i.I2C_Init                               0x0800249c   Section        0  stm32f10x_i2c.o(i.I2C_Init)
    i.I2C_Read                               0x08002588   Section        0  sht31.o(i.I2C_Read)
    i.I2C_ReceiveData                        0x080025f4   Section        0  stm32f10x_i2c.o(i.I2C_ReceiveData)
    i.I2C_Send7bitAddress                    0x080025fc   Section        0  stm32f10x_i2c.o(i.I2C_Send7bitAddress)
    i.I2C_SendData                           0x0800260e   Section        0  stm32f10x_i2c.o(i.I2C_SendData)
    i.IWDG_Enable                            0x08002614   Section        0  stm32f10x_iwdg.o(i.IWDG_Enable)
    i.IWDG_Init                              0x08002624   Section        0  iwdg.o(i.IWDG_Init)
    i.IWDG_ReloadCounter                     0x0800264c   Section        0  stm32f10x_iwdg.o(i.IWDG_ReloadCounter)
    i.IWDG_SetPrescaler                      0x0800265c   Section        0  stm32f10x_iwdg.o(i.IWDG_SetPrescaler)
    i.IWDG_SetReload                         0x08002668   Section        0  stm32f10x_iwdg.o(i.IWDG_SetReload)
    i.IWDG_WriteAccessCmd                    0x08002674   Section        0  stm32f10x_iwdg.o(i.IWDG_WriteAccessCmd)
    i.LCD_GPIO_Init                          0x08002680   Section        0  lcd.o(i.LCD_GPIO_Init)
    i.LCD_Init                               0x080026f4   Section        0  lcd.o(i.LCD_Init)
    i.LCD_WriteData_16Bit                    0x08002920   Section        0  lcd.o(i.LCD_WriteData_16Bit)
    i.LED2_Flag                              0x08002950   Section        0  led.o(i.LED2_Flag)
    i.LED2_OFF                               0x08002974   Section        0  led.o(i.LED2_OFF)
    i.LED2_ON                                0x08002984   Section        0  led.o(i.LED2_ON)
    i.LED2_Turn                              0x08002994   Section        0  led.o(i.LED2_Turn)
    i.LED_Init                               0x080029b0   Section        0  led.o(i.LED_Init)
    i.Lcd_Color_filter                       0x080029e4   Section        0  lcd.o(i.Lcd_Color_filter)
    i.Lcd_Reset                              0x08002a28   Section        0  lcd.o(i.Lcd_Reset)
    i.Lcd_SetRegion                          0x08002a4c   Section        0  lcd.o(i.Lcd_SetRegion)
    i.Lcd_WriteData                          0x08002a9c   Section        0  lcd.o(i.Lcd_WriteData)
    i.Lcd_WriteIndex                         0x08002ac4   Section        0  lcd.o(i.Lcd_WriteIndex)
    i.MQTT_DeleteBuffer                      0x08002aec   Section        0  mqttkit.o(i.MQTT_DeleteBuffer)
    i.MQTT_DumpLength                        0x08002b08   Section        0  mqttkit.o(i.MQTT_DumpLength)
    i.MQTT_NewBuffer                         0x08002b36   Section        0  mqttkit.o(i.MQTT_NewBuffer)
    i.MQTT_PacketCmdResp                     0x08002b90   Section        0  mqttkit.o(i.MQTT_PacketCmdResp)
    i.MQTT_PacketConnect                     0x08002c1c   Section        0  mqttkit.o(i.MQTT_PacketConnect)
    i.MQTT_PacketPing                        0x08002ebc   Section        0  mqttkit.o(i.MQTT_PacketPing)
    i.MQTT_PacketPublish                     0x08002eec   Section        0  mqttkit.o(i.MQTT_PacketPublish)
    i.MQTT_PacketPublishAck                  0x080030a4   Section        0  mqttkit.o(i.MQTT_PacketPublishAck)
    i.MQTT_PacketPublishComp                 0x080030ec   Section        0  mqttkit.o(i.MQTT_PacketPublishComp)
    i.MQTT_PacketPublishRec                  0x08003134   Section        0  mqttkit.o(i.MQTT_PacketPublishRec)
    i.MQTT_PacketPublishRel                  0x0800317c   Section        0  mqttkit.o(i.MQTT_PacketPublishRel)
    i.MQTT_PacketSubscribe                   0x080031c4   Section        0  mqttkit.o(i.MQTT_PacketSubscribe)
    i.MQTT_ReadLength                        0x080032c2   Section        0  mqttkit.o(i.MQTT_ReadLength)
    i.MQTT_UnPacketCmd                       0x08003308   Section        0  mqttkit.o(i.MQTT_UnPacketCmd)
    i.MQTT_UnPacketConnectAck                0x08003394   Section        0  mqttkit.o(i.MQTT_UnPacketConnectAck)
    i.MQTT_UnPacketPublish                   0x080033b4   Section        0  mqttkit.o(i.MQTT_UnPacketPublish)
    i.MQTT_UnPacketPublishAck                0x08003574   Section        0  mqttkit.o(i.MQTT_UnPacketPublishAck)
    i.MQTT_UnPacketPublishComp               0x08003592   Section        0  mqttkit.o(i.MQTT_UnPacketPublishComp)
    i.MQTT_UnPacketPublishRec                0x080035b0   Section        0  mqttkit.o(i.MQTT_UnPacketPublishRec)
    i.MQTT_UnPacketPublishRel                0x080035ce   Section        0  mqttkit.o(i.MQTT_UnPacketPublishRel)
    i.MQTT_UnPacketRecv                      0x080035f4   Section        0  mqttkit.o(i.MQTT_UnPacketRecv)
    i.MQTT_UnPacketSubscribe                 0x08003668   Section        0  mqttkit.o(i.MQTT_UnPacketSubscribe)
    i.MQTT_UnPacketUnSubscribe               0x0800369c   Section        0  mqttkit.o(i.MQTT_UnPacketUnSubscribe)
    i.MemManage_Handler                      0x080036ae   Section        0  stm32f10x_it.o(i.MemManage_Handler)
    i.NMI_Handler                            0x080036b2   Section        0  stm32f10x_it.o(i.NMI_Handler)
    i.NVIC_Init                              0x080036b4   Section        0  misc.o(i.NVIC_Init)
    i.NVIC_PriorityGroupConfig               0x08003724   Section        0  misc.o(i.NVIC_PriorityGroupConfig)
    i.PendSV_Handler                         0x08003738   Section        0  stm32f10x_it.o(i.PendSV_Handler)
    i.RCC_ADCCLKConfig                       0x0800373c   Section        0  stm32f10x_rcc.o(i.RCC_ADCCLKConfig)
    i.RCC_APB1PeriphClockCmd                 0x08003754   Section        0  stm32f10x_rcc.o(i.RCC_APB1PeriphClockCmd)
    i.RCC_APB2PeriphClockCmd                 0x08003774   Section        0  stm32f10x_rcc.o(i.RCC_APB2PeriphClockCmd)
    i.RCC_APB2PeriphResetCmd                 0x08003794   Section        0  stm32f10x_rcc.o(i.RCC_APB2PeriphResetCmd)
    i.RCC_GetClocksFreq                      0x080037b4   Section        0  stm32f10x_rcc.o(i.RCC_GetClocksFreq)
    i.Relay_Init                             0x08003940   Section        0  relay.o(i.Relay_Init)
    i.Relay_OFF                              0x08003970   Section        0  relay.o(i.Relay_OFF)
    i.Relay_ON                               0x08003980   Section        0  relay.o(i.Relay_ON)
    i.Relay_Turn                             0x08003990   Section        0  relay.o(i.Relay_Turn)
    i.SHT31_send_cmd                         0x080039ac   Section        0  sht31.o(i.SHT31_send_cmd)
    i.SPI_WriteData                          0x080039ec   Section        0  lcd.o(i.SPI_WriteData)
    i.SVC_Handler                            0x08003a28   Section        0  stm32f10x_it.o(i.SVC_Handler)
    i.SetSysClock                            0x08003a2a   Section        0  system_stm32f10x.o(i.SetSysClock)
    SetSysClock                              0x08003a2b   Thumb Code     8  system_stm32f10x.o(i.SetSysClock)
    i.SetSysClockTo72                        0x08003a34   Section        0  system_stm32f10x.o(i.SetSysClockTo72)
    SetSysClockTo72                          0x08003a35   Thumb Code   264  system_stm32f10x.o(i.SetSysClockTo72)
    i.SysTick_Handler                        0x08003b4c   Section        0  stm32f10x_it.o(i.SysTick_Handler)
    i.SystemInit                             0x08003b50   Section        0  system_stm32f10x.o(i.SystemInit)
    i.TIM3_IRQHandler                        0x08003bbc   Section        0  tim.o(i.TIM3_IRQHandler)
    i.TIM_ClearITPendingBit                  0x08003bf8   Section        0  stm32f10x_tim.o(i.TIM_ClearITPendingBit)
    i.TIM_GetITStatus                        0x08003bfe   Section        0  stm32f10x_tim.o(i.TIM_GetITStatus)
    i.TMP_RH_INFO                            0x08003c20   Section        0  lcd.o(i.TMP_RH_INFO)
    i.Touch_GetStatus                        0x08003d6c   Section        0  touch.o(i.Touch_GetStatus)
    i.Touch_Init                             0x08003d90   Section        0  touch.o(i.Touch_Init)
    i.USART1_IRQHandler                      0x08003dbc   Section        0  uart.o(i.USART1_IRQHandler)
    i.USART2_IRQHandler                      0x08003dd8   Section        0  esp_8266.o(i.USART2_IRQHandler)
    i.USART_ClearFlag                        0x08003e24   Section        0  stm32f10x_usart.o(i.USART_ClearFlag)
    i.USART_Cmd                              0x08003e36   Section        0  stm32f10x_usart.o(i.USART_Cmd)
    i.USART_GetFlagStatus                    0x08003e4e   Section        0  stm32f10x_usart.o(i.USART_GetFlagStatus)
    i.USART_GetITStatus                      0x08003e68   Section        0  stm32f10x_usart.o(i.USART_GetITStatus)
    i.USART_ITConfig                         0x08003ebc   Section        0  stm32f10x_usart.o(i.USART_ITConfig)
    i.USART_Init                             0x08003f08   Section        0  stm32f10x_usart.o(i.USART_Init)
    i.USART_SendData                         0x08003fe0   Section        0  stm32f10x_usart.o(i.USART_SendData)
    i.UsageFault_Handler                     0x08003fe8   Section        0  stm32f10x_it.o(i.UsageFault_Handler)
    i.Usart1_Init                            0x08003fec   Section        0  uart.o(i.Usart1_Init)
    i.Usart2_Init                            0x08004090   Section        0  uart.o(i.Usart2_Init)
    i.UsartPrintf                            0x0800413c   Section        0  uart.o(i.UsartPrintf)
    i.Usart_SendString                       0x08004184   Section        0  uart.o(i.Usart_SendString)
    i.__0sprintf                             0x080041b8   Section        0  printfa.o(i.__0sprintf)
    i.__0vsnprintf                           0x080041e0   Section        0  printfa.o(i.__0vsnprintf)
    i.__aeabi_errno_addr                     0x0800420c   Section        0  errno.o(i.__aeabi_errno_addr)
    i.__free$realloc                         0x08004214   Section        0  mallocr.o(i.__free$realloc)
    i.__malloc$realloc                       0x08004270   Section        0  mallocr.o(i.__malloc$realloc)
    i.__scatterload_copy                     0x080042c0   Section       14  handlers.o(i.__scatterload_copy)
    i.__scatterload_null                     0x080042ce   Section        2  handlers.o(i.__scatterload_null)
    i.__scatterload_zeroinit                 0x080042d0   Section       14  handlers.o(i.__scatterload_zeroinit)
    i._fp_digits                             0x080042e0   Section        0  printfa.o(i._fp_digits)
    _fp_digits                               0x080042e1   Thumb Code   366  printfa.o(i._fp_digits)
    i._is_digit                              0x08004464   Section        0  scanf_fp.o(i._is_digit)
    i._printf_core                           0x08004474   Section        0  printfa.o(i._printf_core)
    _printf_core                             0x08004475   Thumb Code  1744  printfa.o(i._printf_core)
    i._printf_post_padding                   0x08004b50   Section        0  printfa.o(i._printf_post_padding)
    _printf_post_padding                     0x08004b51   Thumb Code    36  printfa.o(i._printf_post_padding)
    i._printf_pre_padding                    0x08004b74   Section        0  printfa.o(i._printf_pre_padding)
    _printf_pre_padding                      0x08004b75   Thumb Code    46  printfa.o(i._printf_pre_padding)
    i._snputc                                0x08004ba2   Section        0  printfa.o(i._snputc)
    _snputc                                  0x08004ba3   Thumb Code    22  printfa.o(i._snputc)
    i._sputc                                 0x08004bb8   Section        0  printfa.o(i._sputc)
    _sputc                                   0x08004bb9   Thumb Code    10  printfa.o(i._sputc)
    i.buffer_skip_whitespace                 0x08004bc2   Section        0  cjson.o(i.buffer_skip_whitespace)
    buffer_skip_whitespace                   0x08004bc3   Thumb Code    72  cjson.o(i.buffer_skip_whitespace)
    i.cJSON_Delete                           0x08004c0c   Section        0  cjson.o(i.cJSON_Delete)
    i.cJSON_GetObjectItem                    0x08004c64   Section        0  cjson.o(i.cJSON_GetObjectItem)
    i.cJSON_New_Item                         0x08004c76   Section        0  cjson.o(i.cJSON_New_Item)
    cJSON_New_Item                           0x08004c77   Thumb Code    26  cjson.o(i.cJSON_New_Item)
    i.cJSON_Parse                            0x08004c90   Section        0  cjson.o(i.cJSON_Parse)
    i.cJSON_ParseWithLengthOpts              0x08004ca0   Section        0  cjson.o(i.cJSON_ParseWithLengthOpts)
    i.cJSON_ParseWithOpts                    0x08004d74   Section        0  cjson.o(i.cJSON_ParseWithOpts)
    i.case_insensitive_strcmp                0x08004d9c   Section        0  cjson.o(i.case_insensitive_strcmp)
    case_insensitive_strcmp                  0x08004d9d   Thumb Code    72  cjson.o(i.case_insensitive_strcmp)
    i.crc8                                   0x08004de4   Section        0  sht31.o(i.crc8)
    i.get_decimal_point                      0x08004e1a   Section        0  cjson.o(i.get_decimal_point)
    get_decimal_point                        0x08004e1b   Thumb Code     4  cjson.o(i.get_decimal_point)
    i.get_object_item                        0x08004e1e   Section        0  cjson.o(i.get_object_item)
    get_object_item                          0x08004e1f   Thumb Code    82  cjson.o(i.get_object_item)
    i.internal_alloc                         0x08004e70   Section        0  mallocr.o(i.internal_alloc)
    internal_alloc                           0x08004e71   Thumb Code    76  mallocr.o(i.internal_alloc)
    i.main                                   0x08004ec0   Section        0  main.o(i.main)
    i.parse_array                            0x08005110   Section        0  cjson.o(i.parse_array)
    parse_array                              0x08005111   Thumb Code   248  cjson.o(i.parse_array)
    i.parse_hex4                             0x08005208   Section        0  cjson.o(i.parse_hex4)
    parse_hex4                               0x08005209   Thumb Code    90  cjson.o(i.parse_hex4)
    i.parse_number                           0x08005264   Section        0  cjson.o(i.parse_number)
    parse_number                             0x08005265   Thumb Code   298  cjson.o(i.parse_number)
    i.parse_object                           0x0800539c   Section        0  cjson.o(i.parse_object)
    parse_object                             0x0800539d   Thumb Code   318  cjson.o(i.parse_object)
    i.parse_string                           0x080054da   Section        0  cjson.o(i.parse_string)
    parse_string                             0x080054db   Thumb Code   396  cjson.o(i.parse_string)
    i.parse_value                            0x08005668   Section        0  cjson.o(i.parse_value)
    parse_value                              0x08005669   Thumb Code   290  cjson.o(i.parse_value)
    i.realloc                                0x080057a4   Section        0  mallocr.o(i.realloc)
    i.skip_utf8_bom                          0x08005810   Section        0  cjson.o(i.skip_utf8_bom)
    skip_utf8_bom                            0x08005811   Thumb Code    56  cjson.o(i.skip_utf8_bom)
    i.strtod                                 0x0800584c   Section        0  strtod.o(i.strtod)
    i.utf16_literal_to_utf8                  0x08005868   Section        0  cjson.o(i.utf16_literal_to_utf8)
    utf16_literal_to_utf8                    0x08005869   Thumb Code   300  cjson.o(i.utf16_literal_to_utf8)
    .constdata                               0x08005994   Section        4  main.o(.constdata)
    .constdata                               0x08005998   Section     4938  gui.o(.constdata)
    .constdata                               0x08006ce2   Section      129  ctype_o.o(.constdata)
    .constdata                               0x08006d64   Section        4  ctype_o.o(.constdata)
    table                                    0x08006d64   Data           4  ctype_o.o(.constdata)
    .conststring                             0x08006d68   Section      122  main.o(.conststring)
    .conststring                             0x08006de4   Section       76  esp_8266.o(.conststring)
    .conststring                             0x08006e30   Section       71  mqtt.o(.conststring)
    .data                                    0x20000000   Section       20  stm32f10x_rcc.o(.data)
    APBAHBPrescTable                         0x20000000   Data          16  stm32f10x_rcc.o(.data)
    ADCPrescTable                            0x20000010   Data           4  stm32f10x_rcc.o(.data)
    .data                                    0x20000014   Section        4  delay.o(.data)
    .data                                    0x20000018   Section        4  main.o(.data)
    .data                                    0x2000001c   Section        4  esp_8266.o(.data)
    .data                                    0x20000020   Section        2  mqtt.o(.data)
    pkt_id                                   0x20000020   Data           2  mqtt.o(.data)
    .data                                    0x20000024   Section       20  cjson.o(.data)
    global_error                             0x20000024   Data           8  cjson.o(.data)
    global_hooks                             0x2000002c   Data          12  cjson.o(.data)
    .data                                    0x20000038   Section        4  mvars.o(.data)
    .data                                    0x2000003c   Section        4  mvars.o(.data)
    .data                                    0x20000040   Section        4  errno.o(.data)
    _errno                                   0x20000040   Data           4  errno.o(.data)
    .bss                                     0x20000044   Section      128  esp_8266.o(.bss)
    HEAP                                     0x200000c8   Section      512  startup_stm32f10x_md.o(HEAP)
    STACK                                    0x200002c8   Section     1024  startup_stm32f10x_md.o(STACK)

    Global Symbols

    Symbol Name                              Value     Ov Type        Size  Object(Section)

    BuildAttributes$$THM_ISAv4$P$D$K$B$S$PE$A:L22UL41UL21$X:L11$S22US41US21$IEEE1$IW$USESV6$~STKCKD$USESV7$~SHL$OTIME$ROPI$IEEEJ$EBA8$MICROLIB$REQ8$PRES8$EABIv2 0x00000000   Number         0  anon$$obj.o ABSOLUTE
    __ARM_use_no_argv                        0x00000000   Number         0  main.o ABSOLUTE
    _printf_a                                0x00000000   Number         0  stubs.o ABSOLUTE
    _printf_c                                0x00000000   Number         0  stubs.o ABSOLUTE
    _printf_charcount                        0x00000000   Number         0  stubs.o ABSOLUTE
    _printf_d                                0x00000000   Number         0  stubs.o ABSOLUTE
    _printf_e                                0x00000000   Number         0  stubs.o ABSOLUTE
    _printf_f                                0x00000000   Number         0  stubs.o ABSOLUTE
    _printf_flags                            0x00000000   Number         0  stubs.o ABSOLUTE
    _printf_fp_dec                           0x00000000   Number         0  stubs.o ABSOLUTE
    _printf_fp_hex                           0x00000000   Number         0  stubs.o ABSOLUTE
    _printf_g                                0x00000000   Number         0  stubs.o ABSOLUTE
    _printf_i                                0x00000000   Number         0  stubs.o ABSOLUTE
    _printf_int_dec                          0x00000000   Number         0  stubs.o ABSOLUTE
    _printf_l                                0x00000000   Number         0  stubs.o ABSOLUTE
    _printf_lc                               0x00000000   Number         0  stubs.o ABSOLUTE
    _printf_ll                               0x00000000   Number         0  stubs.o ABSOLUTE
    _printf_lld                              0x00000000   Number         0  stubs.o ABSOLUTE
    _printf_lli                              0x00000000   Number         0  stubs.o ABSOLUTE
    _printf_llo                              0x00000000   Number         0  stubs.o ABSOLUTE
    _printf_llu                              0x00000000   Number         0  stubs.o ABSOLUTE
    _printf_llx                              0x00000000   Number         0  stubs.o ABSOLUTE
    _printf_longlong_dec                     0x00000000   Number         0  stubs.o ABSOLUTE
    _printf_longlong_hex                     0x00000000   Number         0  stubs.o ABSOLUTE
    _printf_longlong_oct                     0x00000000   Number         0  stubs.o ABSOLUTE
    _printf_ls                               0x00000000   Number         0  stubs.o ABSOLUTE
    _printf_mbtowc                           0x00000000   Number         0  stubs.o ABSOLUTE
    _printf_n                                0x00000000   Number         0  stubs.o ABSOLUTE
    _printf_o                                0x00000000   Number         0  stubs.o ABSOLUTE
    _printf_p                                0x00000000   Number         0  stubs.o ABSOLUTE
    _printf_percent                          0x00000000   Number         0  stubs.o ABSOLUTE
    _printf_pre_padding                      0x00000000   Number         0  stubs.o ABSOLUTE
    _printf_return_value                     0x00000000   Number         0  stubs.o ABSOLUTE
    _printf_s                                0x00000000   Number         0  stubs.o ABSOLUTE
    _printf_sizespec                         0x00000000   Number         0  stubs.o ABSOLUTE
    _printf_str                              0x00000000   Number         0  stubs.o ABSOLUTE
    _printf_truncate_signed                  0x00000000   Number         0  stubs.o ABSOLUTE
    _printf_truncate_unsigned                0x00000000   Number         0  stubs.o ABSOLUTE
    _printf_u                                0x00000000   Number         0  stubs.o ABSOLUTE
    _printf_wc                               0x00000000   Number         0  stubs.o ABSOLUTE
    _printf_wctomb                           0x00000000   Number         0  stubs.o ABSOLUTE
    _printf_widthprec                        0x00000000   Number         0  stubs.o ABSOLUTE
    _printf_x                                0x00000000   Number         0  stubs.o ABSOLUTE
    __cpp_initialize__aeabi_                  - Undefined Weak Reference
    __cxa_finalize                            - Undefined Weak Reference
    __decompress                              - Undefined Weak Reference
    _clock_init                               - Undefined Weak Reference
    _microlib_exit                            - Undefined Weak Reference
    _scanf_int                                - Undefined Weak Reference
    _scanf_longlong                           - Undefined Weak Reference
    _scanf_string                             - Undefined Weak Reference
    __Vectors_Size                           0x000000ec   Number         0  startup_stm32f10x_md.o ABSOLUTE
    __Vectors                                0x08000000   Data           4  startup_stm32f10x_md.o(RESET)
    __Vectors_End                            0x080000ec   Data           0  startup_stm32f10x_md.o(RESET)
    __main                                   0x080000ed   Thumb Code     0  entry.o(.ARM.Collect$$$$00000000)
    _main_stk                                0x080000ed   Thumb Code     0  entry2.o(.ARM.Collect$$$$00000001)
    _main_scatterload                        0x080000f1   Thumb Code     0  entry5.o(.ARM.Collect$$$$00000004)
    __main_after_scatterload                 0x080000f5   Thumb Code     0  entry5.o(.ARM.Collect$$$$00000004)
    _main_clock                              0x080000f5   Thumb Code     0  entry7b.o(.ARM.Collect$$$$00000008)
    _main_cpp_init                           0x080000f5   Thumb Code     0  entry8b.o(.ARM.Collect$$$$0000000A)
    _main_init                               0x080000f5   Thumb Code     0  entry9a.o(.ARM.Collect$$$$0000000B)
    __rt_final_cpp                           0x080000fd   Thumb Code     0  entry10a.o(.ARM.Collect$$$$0000000D)
    __rt_final_exit                          0x080000fd   Thumb Code     0  entry11a.o(.ARM.Collect$$$$0000000F)
    Reset_Handler                            0x08000101   Thumb Code     8  startup_stm32f10x_md.o(.text)
    ADC1_2_IRQHandler                        0x0800011b   Thumb Code     0  startup_stm32f10x_md.o(.text)
    CAN1_RX1_IRQHandler                      0x0800011b   Thumb Code     0  startup_stm32f10x_md.o(.text)
    CAN1_SCE_IRQHandler                      0x0800011b   Thumb Code     0  startup_stm32f10x_md.o(.text)
    DMA1_Channel1_IRQHandler                 0x0800011b   Thumb Code     0  startup_stm32f10x_md.o(.text)
    DMA1_Channel2_IRQHandler                 0x0800011b   Thumb Code     0  startup_stm32f10x_md.o(.text)
    DMA1_Channel3_IRQHandler                 0x0800011b   Thumb Code     0  startup_stm32f10x_md.o(.text)
    DMA1_Channel4_IRQHandler                 0x0800011b   Thumb Code     0  startup_stm32f10x_md.o(.text)
    DMA1_Channel5_IRQHandler                 0x0800011b   Thumb Code     0  startup_stm32f10x_md.o(.text)
    DMA1_Channel6_IRQHandler                 0x0800011b   Thumb Code     0  startup_stm32f10x_md.o(.text)
    DMA1_Channel7_IRQHandler                 0x0800011b   Thumb Code     0  startup_stm32f10x_md.o(.text)
    EXTI0_IRQHandler                         0x0800011b   Thumb Code     0  startup_stm32f10x_md.o(.text)
    EXTI15_10_IRQHandler                     0x0800011b   Thumb Code     0  startup_stm32f10x_md.o(.text)
    EXTI1_IRQHandler                         0x0800011b   Thumb Code     0  startup_stm32f10x_md.o(.text)
    EXTI2_IRQHandler                         0x0800011b   Thumb Code     0  startup_stm32f10x_md.o(.text)
    EXTI3_IRQHandler                         0x0800011b   Thumb Code     0  startup_stm32f10x_md.o(.text)
    EXTI4_IRQHandler                         0x0800011b   Thumb Code     0  startup_stm32f10x_md.o(.text)
    EXTI9_5_IRQHandler                       0x0800011b   Thumb Code     0  startup_stm32f10x_md.o(.text)
    FLASH_IRQHandler                         0x0800011b   Thumb Code     0  startup_stm32f10x_md.o(.text)
    I2C1_ER_IRQHandler                       0x0800011b   Thumb Code     0  startup_stm32f10x_md.o(.text)
    I2C1_EV_IRQHandler                       0x0800011b   Thumb Code     0  startup_stm32f10x_md.o(.text)
    I2C2_ER_IRQHandler                       0x0800011b   Thumb Code     0  startup_stm32f10x_md.o(.text)
    I2C2_EV_IRQHandler                       0x0800011b   Thumb Code     0  startup_stm32f10x_md.o(.text)
    PVD_IRQHandler                           0x0800011b   Thumb Code     0  startup_stm32f10x_md.o(.text)
    RCC_IRQHandler                           0x0800011b   Thumb Code     0  startup_stm32f10x_md.o(.text)
    RTCAlarm_IRQHandler                      0x0800011b   Thumb Code     0  startup_stm32f10x_md.o(.text)
    RTC_IRQHandler                           0x0800011b   Thumb Code     0  startup_stm32f10x_md.o(.text)
    SPI1_IRQHandler                          0x0800011b   Thumb Code     0  startup_stm32f10x_md.o(.text)
    SPI2_IRQHandler                          0x0800011b   Thumb Code     0  startup_stm32f10x_md.o(.text)
    TAMPER_IRQHandler                        0x0800011b   Thumb Code     0  startup_stm32f10x_md.o(.text)
    TIM1_BRK_IRQHandler                      0x0800011b   Thumb Code     0  startup_stm32f10x_md.o(.text)
    TIM1_CC_IRQHandler                       0x0800011b   Thumb Code     0  startup_stm32f10x_md.o(.text)
    TIM1_TRG_COM_IRQHandler                  0x0800011b   Thumb Code     0  startup_stm32f10x_md.o(.text)
    TIM1_UP_IRQHandler                       0x0800011b   Thumb Code     0  startup_stm32f10x_md.o(.text)
    TIM2_IRQHandler                          0x0800011b   Thumb Code     0  startup_stm32f10x_md.o(.text)
    TIM4_IRQHandler                          0x0800011b   Thumb Code     0  startup_stm32f10x_md.o(.text)
    USART3_IRQHandler                        0x0800011b   Thumb Code     0  startup_stm32f10x_md.o(.text)
    USBWakeUp_IRQHandler                     0x0800011b   Thumb Code     0  startup_stm32f10x_md.o(.text)
    USB_HP_CAN1_TX_IRQHandler                0x0800011b   Thumb Code     0  startup_stm32f10x_md.o(.text)
    USB_LP_CAN1_RX0_IRQHandler               0x0800011b   Thumb Code     0  startup_stm32f10x_md.o(.text)
    WWDG_IRQHandler                          0x0800011b   Thumb Code     0  startup_stm32f10x_md.o(.text)
    tolower                                  0x08000125   Thumb Code    12  tolower.o(.text)
    __aeabi_memcpy                           0x08000131   Thumb Code    36  memcpya.o(.text)
    __aeabi_memcpy4                          0x08000131   Thumb Code     0  memcpya.o(.text)
    __aeabi_memcpy8                          0x08000131   Thumb Code     0  memcpya.o(.text)
    __aeabi_memset                           0x08000155   Thumb Code    14  memseta.o(.text)
    __aeabi_memset4                          0x08000155   Thumb Code     0  memseta.o(.text)
    __aeabi_memset8                          0x08000155   Thumb Code     0  memseta.o(.text)
    __aeabi_memclr                           0x08000163   Thumb Code     4  memseta.o(.text)
    __aeabi_memclr4                          0x08000163   Thumb Code     0  memseta.o(.text)
    __aeabi_memclr8                          0x08000163   Thumb Code     0  memseta.o(.text)
    _memset$wrapper                          0x08000167   Thumb Code    18  memseta.o(.text)
    strstr                                   0x08000179   Thumb Code    36  strstr.o(.text)
    strchr                                   0x0800019d   Thumb Code    20  strchr.o(.text)
    strlen                                   0x080001b1   Thumb Code    14  strlen.o(.text)
    strcmp                                   0x080001bf   Thumb Code    28  strcmp.o(.text)
    strncat                                  0x080001db   Thumb Code    40  strncat.o(.text)
    strncmp                                  0x08000203   Thumb Code    30  strncmp.o(.text)
    _scanf_real                              0x08000349   Thumb Code     0  scanf_fp.o(.text)
    _scanf_really_real                       0x08000349   Thumb Code   556  scanf_fp.o(.text)
    atoi                                     0x08000581   Thumb Code    26  atoi.o(.text)
    __aeabi_dadd                             0x0800059b   Thumb Code   322  dadd.o(.text)
    __aeabi_dsub                             0x080006dd   Thumb Code     6  dadd.o(.text)
    __aeabi_drsub                            0x080006e3   Thumb Code     6  dadd.o(.text)
    __aeabi_dmul                             0x080006e9   Thumb Code   228  dmul.o(.text)
    __aeabi_ddiv                             0x080007cd   Thumb Code   222  ddiv.o(.text)
    __aeabi_ui2d                             0x080008ab   Thumb Code    26  dfltui.o(.text)
    __aeabi_d2iz                             0x080008c5   Thumb Code    62  dfixi.o(.text)
    __aeabi_f2d                              0x08000903   Thumb Code    38  f2d.o(.text)
    __aeabi_cdcmpeq                          0x08000929   Thumb Code     0  cdcmple.o(.text)
    __aeabi_cdcmple                          0x08000929   Thumb Code    48  cdcmple.o(.text)
    __aeabi_cdrcmple                         0x08000959   Thumb Code    48  cdrcmple.o(.text)
    __aeabi_d2f                              0x08000989   Thumb Code    56  d2f.o(.text)
    __aeabi_uidiv                            0x080009c1   Thumb Code     0  uidiv.o(.text)
    __aeabi_uidivmod                         0x080009c1   Thumb Code    44  uidiv.o(.text)
    __aeabi_uldivmod                         0x080009ed   Thumb Code    98  uldiv.o(.text)
    __aeabi_llsl                             0x08000a4f   Thumb Code    30  llshl.o(.text)
    _ll_shift_l                              0x08000a4f   Thumb Code     0  llshl.o(.text)
    __aeabi_llsr                             0x08000a6d   Thumb Code    32  llushr.o(.text)
    _ll_ushift_r                             0x08000a6d   Thumb Code     0  llushr.o(.text)
    __aeabi_lasr                             0x08000a8d   Thumb Code    36  llsshr.o(.text)
    _ll_sshift_r                             0x08000a8d   Thumb Code     0  llsshr.o(.text)
    _sgetc                                   0x08000ab1   Thumb Code    30  _sgetc.o(.text)
    _sbackspace                              0x08000acf   Thumb Code    34  _sgetc.o(.text)
    __strtod_int                             0x08000b27   Thumb Code    90  strtod.o(.text)
    strtol                                   0x08000b8d   Thumb Code   112  strtol.o(.text)
    __I$use$fp                               0x08000bfd   Thumb Code     0  iusefp.o(.text)
    _float_round                             0x08000bfd   Thumb Code    18  fepilogue.o(.text)
    _float_epilogue                          0x08000c0f   Thumb Code    92  fepilogue.o(.text)
    _double_round                            0x08000c6b   Thumb Code    30  depilogue.o(.text)
    _double_epilogue                         0x08000c89   Thumb Code   156  depilogue.o(.text)
    __aeabi_ul2d                             0x08000d25   Thumb Code    24  dfltul.o(.text)
    __aeabi_d2ulz                            0x08000d3d   Thumb Code    48  dfixul.o(.text)
    __scatterload                            0x08000d6d   Thumb Code    28  init.o(.text)
    __scatterload_rt2                        0x08000d6d   Thumb Code     0  init.o(.text)
    __rt_ctype_table                         0x08000d91   Thumb Code     4  ctype_o.o(.text)
    isspace                                  0x08000d99   Thumb Code    18  isspace_o.o(.text)
    _strtoul                                 0x08000dab   Thumb Code   158  _strtoul.o(.text)
    _chval                                   0x08000e49   Thumb Code    28  _chval.o(.text)
    ADC1_Init                                0x08000e65   Thumb Code   132  adc.o(i.ADC1_Init)
    ADC_Cmd                                  0x08000ef1   Thumb Code    22  stm32f10x_adc.o(i.ADC_Cmd)
    ADC_DeInit                               0x08000f09   Thumb Code    78  stm32f10x_adc.o(i.ADC_DeInit)
    ADC_GetCalibrationStatus                 0x08000f65   Thumb Code    20  stm32f10x_adc.o(i.ADC_GetCalibrationStatus)
    ADC_GetConversionValue                   0x08000f79   Thumb Code     8  stm32f10x_adc.o(i.ADC_GetConversionValue)
    ADC_GetFlagStatus                        0x08000f81   Thumb Code    18  stm32f10x_adc.o(i.ADC_GetFlagStatus)
    ADC_GetResetCalibrationStatus            0x08000f93   Thumb Code    20  stm32f10x_adc.o(i.ADC_GetResetCalibrationStatus)
    ADC_Init                                 0x08000fa9   Thumb Code    70  stm32f10x_adc.o(i.ADC_Init)
    ADC_RegularChannelConfig                 0x08000ff9   Thumb Code   184  stm32f10x_adc.o(i.ADC_RegularChannelConfig)
    ADC_ResetCalibration                     0x080010b1   Thumb Code    10  stm32f10x_adc.o(i.ADC_ResetCalibration)
    ADC_SoftwareStartConvCmd                 0x080010bb   Thumb Code    22  stm32f10x_adc.o(i.ADC_SoftwareStartConvCmd)
    ADC_StartCalibration                     0x080010d1   Thumb Code    10  stm32f10x_adc.o(i.ADC_StartCalibration)
    ALiYun_DevLink                           0x080010dd   Thumb Code   214  mqtt.o(i.ALiYun_DevLink)
    ALiYun_HeartBeat                         0x08001349   Thumb Code    76  mqttkit.o(i.ALiYun_HeartBeat)
    ALiYun_Publish                           0x080013d9   Thumb Code    74  mqtt.o(i.ALiYun_Publish)
    ALiYun_RevPro                            0x08001425   Thumb Code   672  mqtt.o(i.ALiYun_RevPro)
    ALiYun_Subscribe                         0x08001885   Thumb Code    80  mqtt.o(i.ALiYun_Subscribe)
    Beep_Flag                                0x080018f1   Thumb Code    36  beep.o(i.Beep_Flag)
    Beep_Init                                0x08001915   Thumb Code    48  beep.o(i.Beep_Init)
    Beep_OFF                                 0x08001949   Thumb Code    14  beep.o(i.Beep_OFF)
    Beep_ON                                  0x0800195d   Thumb Code    14  beep.o(i.Beep_ON)
    BusFault_Handler                         0x08001971   Thumb Code     4  stm32f10x_it.o(i.BusFault_Handler)
    DebugMon_Handler                         0x08001975   Thumb Code     2  stm32f10x_it.o(i.DebugMon_Handler)
    DelayMs                                  0x08001977   Thumb Code    60  delay.o(i.DelayMs)
    DelayXms                                 0x080019b5   Thumb Code    66  delay.o(i.DelayXms)
    Delay_Init                               0x080019fd   Thumb Code    48  delay.o(i.Delay_Init)
    ESP8266_Clear                            0x08001a35   Thumb Code    18  esp_8266.o(i.ESP8266_Clear)
    ESP8266_GetIPD                           0x08001a51   Thumb Code    68  esp_8266.o(i.ESP8266_GetIPD)
    ESP8266_Init                             0x08001aa1   Thumb Code   288  esp_8266.o(i.ESP8266_Init)
    ESP8266_SendCmd                          0x08001cc5   Thumb Code    76  esp_8266.o(i.ESP8266_SendCmd)
    ESP8266_SendData                         0x08001d19   Thumb Code    46  esp_8266.o(i.ESP8266_SendData)
    ESP8266_WaitRecive                       0x08001d61   Thumb Code    42  esp_8266.o(i.ESP8266_WaitRecive)
    Feed_Dog                                 0x08001d95   Thumb Code     8  iwdg.o(i.Feed_Dog)
    GPIO_Init                                0x08001d9d   Thumb Code   278  stm32f10x_gpio.o(i.GPIO_Init)
    GPIO_ReadInputDataBit                    0x08001eb3   Thumb Code    18  stm32f10x_gpio.o(i.GPIO_ReadInputDataBit)
    GPIO_ReadOutputDataBit                   0x08001ec5   Thumb Code    18  stm32f10x_gpio.o(i.GPIO_ReadOutputDataBit)
    GPIO_ResetBits                           0x08001ed7   Thumb Code     4  stm32f10x_gpio.o(i.GPIO_ResetBits)
    GPIO_SetBits                             0x08001edb   Thumb Code     4  stm32f10x_gpio.o(i.GPIO_SetBits)
    GPIO_WriteBit                            0x08001edf   Thumb Code    10  stm32f10x_gpio.o(i.GPIO_WriteBit)
    GetDataFromSHT31                         0x08001ee9   Thumb Code   146  sht31.o(i.GetDataFromSHT31)
    Get_Adc                                  0x08001fd1   Thumb Code    46  adc.o(i.Get_Adc)
    Get_Adc_Average                          0x08002005   Thumb Code    46  adc.o(i.Get_Adc_Average)
    Gui_DrawFont_GBK24                       0x08002035   Thumb Code   486  gui.o(i.Gui_DrawFont_GBK24)
    Gui_DrawPoint                            0x08002225   Thumb Code    32  lcd.o(i.Gui_DrawPoint)
    HardFault_Handler                        0x08002245   Thumb Code     4  stm32f10x_it.o(i.HardFault_Handler)
    Hardware_Init                            0x08002249   Thumb Code    68  main.o(i.Hardware_Init)
    I2C1_SHT31_Get_RH_And_Tmp                0x080022a5   Thumb Code   144  sht31.o(i.I2C1_SHT31_Get_RH_And_Tmp)
    I2C1_init                                0x08002345   Thumb Code   112  sht31.o(i.I2C1_init)
    I2C_AcknowledgeConfig                    0x080023c1   Thumb Code    24  stm32f10x_i2c.o(i.I2C_AcknowledgeConfig)
    I2C_CheckEvent                           0x080023d9   Thumb Code    42  stm32f10x_i2c.o(i.I2C_CheckEvent)
    I2C_Cmd                                  0x08002403   Thumb Code    24  stm32f10x_i2c.o(i.I2C_Cmd)
    I2C_CommandWrite                         0x0800241d   Thumb Code    66  sht31.o(i.I2C_CommandWrite)
    I2C_GenerateSTART                        0x0800246d   Thumb Code    24  stm32f10x_i2c.o(i.I2C_GenerateSTART)
    I2C_GenerateSTOP                         0x08002485   Thumb Code    24  stm32f10x_i2c.o(i.I2C_GenerateSTOP)
    I2C_Init                                 0x0800249d   Thumb Code   222  stm32f10x_i2c.o(i.I2C_Init)
    I2C_Read                                 0x08002589   Thumb Code   100  sht31.o(i.I2C_Read)
    I2C_ReceiveData                          0x080025f5   Thumb Code     8  stm32f10x_i2c.o(i.I2C_ReceiveData)
    I2C_Send7bitAddress                      0x080025fd   Thumb Code    18  stm32f10x_i2c.o(i.I2C_Send7bitAddress)
    I2C_SendData                             0x0800260f   Thumb Code     4  stm32f10x_i2c.o(i.I2C_SendData)
    IWDG_Enable                              0x08002615   Thumb Code    10  stm32f10x_iwdg.o(i.IWDG_Enable)
    IWDG_Init                                0x08002625   Thumb Code    38  iwdg.o(i.IWDG_Init)
    IWDG_ReloadCounter                       0x0800264d   Thumb Code    10  stm32f10x_iwdg.o(i.IWDG_ReloadCounter)
    IWDG_SetPrescaler                        0x0800265d   Thumb Code     6  stm32f10x_iwdg.o(i.IWDG_SetPrescaler)
    IWDG_SetReload                           0x08002669   Thumb Code     6  stm32f10x_iwdg.o(i.IWDG_SetReload)
    IWDG_WriteAccessCmd                      0x08002675   Thumb Code     6  stm32f10x_iwdg.o(i.IWDG_WriteAccessCmd)
    LCD_GPIO_Init                            0x08002681   Thumb Code   104  lcd.o(i.LCD_GPIO_Init)
    LCD_Init                                 0x080026f5   Thumb Code   552  lcd.o(i.LCD_Init)
    LCD_WriteData_16Bit                      0x08002921   Thumb Code    38  lcd.o(i.LCD_WriteData_16Bit)
    LED2_Flag                                0x08002951   Thumb Code    36  led.o(i.LED2_Flag)
    LED2_OFF                                 0x08002975   Thumb Code    12  led.o(i.LED2_OFF)
    LED2_ON                                  0x08002985   Thumb Code    12  led.o(i.LED2_ON)
    LED2_Turn                                0x08002995   Thumb Code    24  led.o(i.LED2_Turn)
    LED_Init                                 0x080029b1   Thumb Code    46  led.o(i.LED_Init)
    Lcd_Color_filter                         0x080029e5   Thumb Code    66  lcd.o(i.Lcd_Color_filter)
    Lcd_Reset                                0x08002a29   Thumb Code    30  lcd.o(i.Lcd_Reset)
    Lcd_SetRegion                            0x08002a4d   Thumb Code    78  lcd.o(i.Lcd_SetRegion)
    Lcd_WriteData                            0x08002a9d   Thumb Code    32  lcd.o(i.Lcd_WriteData)
    Lcd_WriteIndex                           0x08002ac5   Thumb Code    32  lcd.o(i.Lcd_WriteIndex)
    MQTT_DeleteBuffer                        0x08002aed   Thumb Code    28  mqttkit.o(i.MQTT_DeleteBuffer)
    MQTT_DumpLength                          0x08002b09   Thumb Code    46  mqttkit.o(i.MQTT_DumpLength)
    MQTT_NewBuffer                           0x08002b37   Thumb Code    88  mqttkit.o(i.MQTT_NewBuffer)
    MQTT_PacketCmdResp                       0x08002b91   Thumb Code   132  mqttkit.o(i.MQTT_PacketCmdResp)
    MQTT_PacketConnect                       0x08002c1d   Thumb Code   666  mqttkit.o(i.MQTT_PacketConnect)
    MQTT_PacketPing                          0x08002ebd   Thumb Code    48  mqttkit.o(i.MQTT_PacketPing)
    MQTT_PacketPublish                       0x08002eed   Thumb Code   440  mqttkit.o(i.MQTT_PacketPublish)
    MQTT_PacketPublishAck                    0x080030a5   Thumb Code    72  mqttkit.o(i.MQTT_PacketPublishAck)
    MQTT_PacketPublishComp                   0x080030ed   Thumb Code    72  mqttkit.o(i.MQTT_PacketPublishComp)
    MQTT_PacketPublishRec                    0x08003135   Thumb Code    72  mqttkit.o(i.MQTT_PacketPublishRec)
    MQTT_PacketPublishRel                    0x0800317d   Thumb Code    72  mqttkit.o(i.MQTT_PacketPublishRel)
    MQTT_PacketSubscribe                     0x080031c5   Thumb Code   254  mqttkit.o(i.MQTT_PacketSubscribe)
    MQTT_ReadLength                          0x080032c3   Thumb Code    70  mqttkit.o(i.MQTT_ReadLength)
    MQTT_UnPacketCmd                         0x08003309   Thumb Code   140  mqttkit.o(i.MQTT_UnPacketCmd)
    MQTT_UnPacketConnectAck                  0x08003395   Thumb Code    30  mqttkit.o(i.MQTT_UnPacketConnectAck)
    MQTT_UnPacketPublish                     0x080033b5   Thumb Code   438  mqttkit.o(i.MQTT_UnPacketPublish)
    MQTT_UnPacketPublishAck                  0x08003575   Thumb Code    30  mqttkit.o(i.MQTT_UnPacketPublishAck)
    MQTT_UnPacketPublishComp                 0x08003593   Thumb Code    30  mqttkit.o(i.MQTT_UnPacketPublishComp)
    MQTT_UnPacketPublishRec                  0x080035b1   Thumb Code    30  mqttkit.o(i.MQTT_UnPacketPublishRec)
    MQTT_UnPacketPublishRel                  0x080035cf   Thumb Code    36  mqttkit.o(i.MQTT_UnPacketPublishRel)
    MQTT_UnPacketRecv                        0x080035f5   Thumb Code   106  mqttkit.o(i.MQTT_UnPacketRecv)
    MQTT_UnPacketSubscribe                   0x08003669   Thumb Code    52  mqttkit.o(i.MQTT_UnPacketSubscribe)
    MQTT_UnPacketUnSubscribe                 0x0800369d   Thumb Code    18  mqttkit.o(i.MQTT_UnPacketUnSubscribe)
    MemManage_Handler                        0x080036af   Thumb Code     4  stm32f10x_it.o(i.MemManage_Handler)
    NMI_Handler                              0x080036b3   Thumb Code     2  stm32f10x_it.o(i.NMI_Handler)
    NVIC_Init                                0x080036b5   Thumb Code   100  misc.o(i.NVIC_Init)
    NVIC_PriorityGroupConfig                 0x08003725   Thumb Code    10  misc.o(i.NVIC_PriorityGroupConfig)
    PendSV_Handler                           0x08003739   Thumb Code     2  stm32f10x_it.o(i.PendSV_Handler)
    RCC_ADCCLKConfig                         0x0800373d   Thumb Code    18  stm32f10x_rcc.o(i.RCC_ADCCLKConfig)
    RCC_APB1PeriphClockCmd                   0x08003755   Thumb Code    26  stm32f10x_rcc.o(i.RCC_APB1PeriphClockCmd)
    RCC_APB2PeriphClockCmd                   0x08003775   Thumb Code    26  stm32f10x_rcc.o(i.RCC_APB2PeriphClockCmd)
    RCC_APB2PeriphResetCmd                   0x08003795   Thumb Code    26  stm32f10x_rcc.o(i.RCC_APB2PeriphResetCmd)
    RCC_GetClocksFreq                        0x080037b5   Thumb Code   374  stm32f10x_rcc.o(i.RCC_GetClocksFreq)
    Relay_Init                               0x08003941   Thumb Code    44  relay.o(i.Relay_Init)
    Relay_OFF                                0x08003971   Thumb Code    12  relay.o(i.Relay_OFF)
    Relay_ON                                 0x08003981   Thumb Code    12  relay.o(i.Relay_ON)
    Relay_Turn                               0x08003991   Thumb Code    24  relay.o(i.Relay_Turn)
    SHT31_send_cmd                           0x080039ad   Thumb Code    54  sht31.o(i.SHT31_send_cmd)
    SPI_WriteData                            0x080039ed   Thumb Code    54  lcd.o(i.SPI_WriteData)
    SVC_Handler                              0x08003a29   Thumb Code     2  stm32f10x_it.o(i.SVC_Handler)
    SysTick_Handler                          0x08003b4d   Thumb Code     2  stm32f10x_it.o(i.SysTick_Handler)
    SystemInit                               0x08003b51   Thumb Code    92  system_stm32f10x.o(i.SystemInit)
    TIM3_IRQHandler                          0x08003bbd   Thumb Code    30  tim.o(i.TIM3_IRQHandler)
    TIM_ClearITPendingBit                    0x08003bf9   Thumb Code     6  stm32f10x_tim.o(i.TIM_ClearITPendingBit)
    TIM_GetITStatus                          0x08003bff   Thumb Code    34  stm32f10x_tim.o(i.TIM_GetITStatus)
    TMP_RH_INFO                              0x08003c21   Thumb Code   276  lcd.o(i.TMP_RH_INFO)
    Touch_GetStatus                          0x08003d6d   Thumb Code    30  touch.o(i.Touch_GetStatus)
    Touch_Init                               0x08003d91   Thumb Code    38  touch.o(i.Touch_Init)
    USART1_IRQHandler                        0x08003dbd   Thumb Code    24  uart.o(i.USART1_IRQHandler)
    USART2_IRQHandler                        0x08003dd9   Thumb Code    62  esp_8266.o(i.USART2_IRQHandler)
    USART_ClearFlag                          0x08003e25   Thumb Code    18  stm32f10x_usart.o(i.USART_ClearFlag)
    USART_Cmd                                0x08003e37   Thumb Code    24  stm32f10x_usart.o(i.USART_Cmd)
    USART_GetFlagStatus                      0x08003e4f   Thumb Code    26  stm32f10x_usart.o(i.USART_GetFlagStatus)
    USART_GetITStatus                        0x08003e69   Thumb Code    84  stm32f10x_usart.o(i.USART_GetITStatus)
    USART_ITConfig                           0x08003ebd   Thumb Code    74  stm32f10x_usart.o(i.USART_ITConfig)
    USART_Init                               0x08003f09   Thumb Code   210  stm32f10x_usart.o(i.USART_Init)
    USART_SendData                           0x08003fe1   Thumb Code     8  stm32f10x_usart.o(i.USART_SendData)
    UsageFault_Handler                       0x08003fe9   Thumb Code     4  stm32f10x_it.o(i.UsageFault_Handler)
    Usart1_Init                              0x08003fed   Thumb Code   156  uart.o(i.Usart1_Init)
    Usart2_Init                              0x08004091   Thumb Code   162  uart.o(i.Usart2_Init)
    UsartPrintf                              0x0800413d   Thumb Code    72  uart.o(i.UsartPrintf)
    Usart_SendString                         0x08004185   Thumb Code    50  uart.o(i.Usart_SendString)
    __0sprintf                               0x080041b9   Thumb Code    34  printfa.o(i.__0sprintf)
    __1sprintf                               0x080041b9   Thumb Code     0  printfa.o(i.__0sprintf)
    __2sprintf                               0x080041b9   Thumb Code     0  printfa.o(i.__0sprintf)
    __c89sprintf                             0x080041b9   Thumb Code     0  printfa.o(i.__0sprintf)
    sprintf                                  0x080041b9   Thumb Code     0  printfa.o(i.__0sprintf)
    __0vsnprintf                             0x080041e1   Thumb Code    40  printfa.o(i.__0vsnprintf)
    __1vsnprintf                             0x080041e1   Thumb Code     0  printfa.o(i.__0vsnprintf)
    __2vsnprintf                             0x080041e1   Thumb Code     0  printfa.o(i.__0vsnprintf)
    __c89vsnprintf                           0x080041e1   Thumb Code     0  printfa.o(i.__0vsnprintf)
    vsnprintf                                0x080041e1   Thumb Code     0  printfa.o(i.__0vsnprintf)
    __aeabi_errno_addr                       0x0800420d   Thumb Code     4  errno.o(i.__aeabi_errno_addr)
    __rt_errno_addr                          0x0800420d   Thumb Code     0  errno.o(i.__aeabi_errno_addr)
    free                                     0x08004215   Thumb Code    88  mallocr.o(i.__free$realloc)
    malloc                                   0x08004271   Thumb Code    64  mallocr.o(i.__malloc$realloc)
    __scatterload_copy                       0x080042c1   Thumb Code    14  handlers.o(i.__scatterload_copy)
    __scatterload_null                       0x080042cf   Thumb Code     2  handlers.o(i.__scatterload_null)
    __scatterload_zeroinit                   0x080042d1   Thumb Code    14  handlers.o(i.__scatterload_zeroinit)
    _is_digit                                0x08004465   Thumb Code    14  scanf_fp.o(i._is_digit)
    cJSON_Delete                             0x08004c0d   Thumb Code    84  cjson.o(i.cJSON_Delete)
    cJSON_GetObjectItem                      0x08004c65   Thumb Code    18  cjson.o(i.cJSON_GetObjectItem)
    cJSON_Parse                              0x08004c91   Thumb Code    16  cjson.o(i.cJSON_Parse)
    cJSON_ParseWithLengthOpts                0x08004ca1   Thumb Code   204  cjson.o(i.cJSON_ParseWithLengthOpts)
    cJSON_ParseWithOpts                      0x08004d75   Thumb Code    40  cjson.o(i.cJSON_ParseWithOpts)
    crc8                                     0x08004de5   Thumb Code    54  sht31.o(i.crc8)
    main                                     0x08004ec1   Thumb Code   458  main.o(i.main)
    realloc                                  0x080057a5   Thumb Code   102  mallocr.o(i.realloc)
    strtod                                   0x0800584d   Thumb Code    28  strtod.o(i.strtod)
    asc16                                    0x08005998   Data        1521  gui.o(.constdata)
    sz32                                     0x08005f89   Data        1921  gui.o(.constdata)
    hz16                                     0x0800670a   Data         238  gui.o(.constdata)
    hz24                                     0x080067f8   Data        1258  gui.o(.constdata)
    __ctype_table                            0x08006ce2   Data         129  ctype_o.o(.constdata)
    Region$$Table$$Base                      0x08006e78   Number         0  anon$$obj.o(Region$$Table)
    Region$$Table$$Limit                     0x08006e98   Number         0  anon$$obj.o(Region$$Table)
    UsCount                                  0x20000014   Data           1  delay.o(.data)
    MsCount                                  0x20000016   Data           2  delay.o(.data)
    Beat_fail_num                            0x20000018   Data           4  main.o(.data)
    esp8266_cnt                              0x2000001c   Data           2  esp_8266.o(.data)
    esp8266_cntPre                           0x2000001e   Data           2  esp_8266.o(.data)
    __microlib_freelist                      0x20000038   Data           4  mvars.o(.data)
    __microlib_freelist_initialised          0x2000003c   Data           4  mvars.o(.data)
    esp8266_buf                              0x20000044   Data         128  esp_8266.o(.bss)
    __heap_base                              0x200000c8   Data           0  startup_stm32f10x_md.o(HEAP)
    __heap_limit                             0x200002c8   Data           0  startup_stm32f10x_md.o(HEAP)
    __initial_sp                             0x200006c8   Data           0  startup_stm32f10x_md.o(STACK)



==============================================================================

Memory Map of the image

  Image Entry point : 0x080000ed

  Load Region LR_IROM1 (Base: 0x08000000, Size: 0x00006edc, Max: 0x00020000, ABSOLUTE)

    Execution Region ER_IROM1 (Exec base: 0x08000000, Load base: 0x08000000, Size: 0x00006e98, Max: 0x00020000, ABSOLUTE)

    Exec Addr    Load Addr    Size         Type   Attr      Idx    E Section Name        Object

    0x08000000   0x08000000   0x000000ec   Data   RO            3    RESET               startup_stm32f10x_md.o
    0x080000ec   0x080000ec   0x00000000   Code   RO         4933  * .ARM.Collect$$$$00000000  mc_w.l(entry.o)
    0x080000ec   0x080000ec   0x00000004   Code   RO         5275    .ARM.Collect$$$$00000001  mc_w.l(entry2.o)
    0x080000f0   0x080000f0   0x00000004   Code   RO         5278    .ARM.Collect$$$$00000004  mc_w.l(entry5.o)
    0x080000f4   0x080000f4   0x00000000   Code   RO         5280    .ARM.Collect$$$$00000008  mc_w.l(entry7b.o)
    0x080000f4   0x080000f4   0x00000000   Code   RO         5282    .ARM.Collect$$$$0000000A  mc_w.l(entry8b.o)
    0x080000f4   0x080000f4   0x00000008   Code   RO         5283    .ARM.Collect$$$$0000000B  mc_w.l(entry9a.o)
    0x080000fc   0x080000fc   0x00000000   Code   RO         5285    .ARM.Collect$$$$0000000D  mc_w.l(entry10a.o)
    0x080000fc   0x080000fc   0x00000000   Code   RO         5287    .ARM.Collect$$$$0000000F  mc_w.l(entry11a.o)
    0x080000fc   0x080000fc   0x00000004   Code   RO         5276    .ARM.Collect$$$$00002712  mc_w.l(entry2.o)
    0x08000100   0x08000100   0x00000024   Code   RO            4    .text               startup_stm32f10x_md.o
    0x08000124   0x08000124   0x0000000c   Code   RO         4936    .text               mc_w.l(tolower.o)
    0x08000130   0x08000130   0x00000024   Code   RO         4938    .text               mc_w.l(memcpya.o)
    0x08000154   0x08000154   0x00000024   Code   RO         4940    .text               mc_w.l(memseta.o)
    0x08000178   0x08000178   0x00000024   Code   RO         4942    .text               mc_w.l(strstr.o)
    0x0800019c   0x0800019c   0x00000014   Code   RO         4944    .text               mc_w.l(strchr.o)
    0x080001b0   0x080001b0   0x0000000e   Code   RO         4946    .text               mc_w.l(strlen.o)
    0x080001be   0x080001be   0x0000001c   Code   RO         4948    .text               mc_w.l(strcmp.o)
    0x080001da   0x080001da   0x00000028   Code   RO         4950    .text               mc_w.l(strncat.o)
    0x08000202   0x08000202   0x0000001e   Code   RO         4954    .text               mc_w.l(strncmp.o)
    0x08000220   0x08000220   0x00000360   Code   RO         5249    .text               mc_w.l(scanf_fp.o)
    0x08000580   0x08000580   0x0000001a   Code   RO         5253    .text               mc_w.l(atoi.o)
    0x0800059a   0x0800059a   0x0000014e   Code   RO         5255    .text               mf_w.l(dadd.o)
    0x080006e8   0x080006e8   0x000000e4   Code   RO         5257    .text               mf_w.l(dmul.o)
    0x080007cc   0x080007cc   0x000000de   Code   RO         5259    .text               mf_w.l(ddiv.o)
    0x080008aa   0x080008aa   0x0000001a   Code   RO         5263    .text               mf_w.l(dfltui.o)
    0x080008c4   0x080008c4   0x0000003e   Code   RO         5265    .text               mf_w.l(dfixi.o)
    0x08000902   0x08000902   0x00000026   Code   RO         5267    .text               mf_w.l(f2d.o)
    0x08000928   0x08000928   0x00000030   Code   RO         5269    .text               mf_w.l(cdcmple.o)
    0x08000958   0x08000958   0x00000030   Code   RO         5271    .text               mf_w.l(cdrcmple.o)
    0x08000988   0x08000988   0x00000038   Code   RO         5273    .text               mf_w.l(d2f.o)
    0x080009c0   0x080009c0   0x0000002c   Code   RO         5290    .text               mc_w.l(uidiv.o)
    0x080009ec   0x080009ec   0x00000062   Code   RO         5292    .text               mc_w.l(uldiv.o)
    0x08000a4e   0x08000a4e   0x0000001e   Code   RO         5294    .text               mc_w.l(llshl.o)
    0x08000a6c   0x08000a6c   0x00000020   Code   RO         5296    .text               mc_w.l(llushr.o)
    0x08000a8c   0x08000a8c   0x00000024   Code   RO         5298    .text               mc_w.l(llsshr.o)
    0x08000ab0   0x08000ab0   0x00000040   Code   RO         5311    .text               mc_w.l(_sgetc.o)
    0x08000af0   0x08000af0   0x0000009c   Code   RO         5313    .text               mc_w.l(strtod.o)
    0x08000b8c   0x08000b8c   0x00000070   Code   RO         5315    .text               mc_w.l(strtol.o)
    0x08000bfc   0x08000bfc   0x00000000   Code   RO         5317    .text               mc_w.l(iusefp.o)
    0x08000bfc   0x08000bfc   0x0000006e   Code   RO         5318    .text               mf_w.l(fepilogue.o)
    0x08000c6a   0x08000c6a   0x000000ba   Code   RO         5320    .text               mf_w.l(depilogue.o)
    0x08000d24   0x08000d24   0x00000018   Code   RO         5322    .text               mf_w.l(dfltul.o)
    0x08000d3c   0x08000d3c   0x00000030   Code   RO         5324    .text               mf_w.l(dfixul.o)
    0x08000d6c   0x08000d6c   0x00000024   Code   RO         5326    .text               mc_w.l(init.o)
    0x08000d90   0x08000d90   0x00000008   Code   RO         5330    .text               mc_w.l(ctype_o.o)
    0x08000d98   0x08000d98   0x00000012   Code   RO         5352    .text               mc_w.l(isspace_o.o)
    0x08000daa   0x08000daa   0x0000009e   Code   RO         5360    .text               mc_w.l(_strtoul.o)
    0x08000e48   0x08000e48   0x0000001c   Code   RO         5365    .text               mc_w.l(_chval.o)
    0x08000e64   0x08000e64   0x0000008c   Code   RO         3286    i.ADC1_Init         adc.o
    0x08000ef0   0x08000ef0   0x00000016   Code   RO          202    i.ADC_Cmd           stm32f10x_adc.o
    0x08000f06   0x08000f06   0x00000002   PAD
    0x08000f08   0x08000f08   0x0000005c   Code   RO          204    i.ADC_DeInit        stm32f10x_adc.o
    0x08000f64   0x08000f64   0x00000014   Code   RO          210    i.ADC_GetCalibrationStatus  stm32f10x_adc.o
    0x08000f78   0x08000f78   0x00000008   Code   RO          211    i.ADC_GetConversionValue  stm32f10x_adc.o
    0x08000f80   0x08000f80   0x00000012   Code   RO          213    i.ADC_GetFlagStatus  stm32f10x_adc.o
    0x08000f92   0x08000f92   0x00000014   Code   RO          216    i.ADC_GetResetCalibrationStatus  stm32f10x_adc.o
    0x08000fa6   0x08000fa6   0x00000002   PAD
    0x08000fa8   0x08000fa8   0x00000050   Code   RO          220    i.ADC_Init          stm32f10x_adc.o
    0x08000ff8   0x08000ff8   0x000000b8   Code   RO          224    i.ADC_RegularChannelConfig  stm32f10x_adc.o
    0x080010b0   0x080010b0   0x0000000a   Code   RO          225    i.ADC_ResetCalibration  stm32f10x_adc.o
    0x080010ba   0x080010ba   0x00000016   Code   RO          227    i.ADC_SoftwareStartConvCmd  stm32f10x_adc.o
    0x080010d0   0x080010d0   0x0000000a   Code   RO          229    i.ADC_StartCalibration  stm32f10x_adc.o
    0x080010da   0x080010da   0x00000002   PAD
    0x080010dc   0x080010dc   0x0000026c   Code   RO         3997    i.ALiYun_DevLink    mqtt.o
    0x08001348   0x08001348   0x00000090   Code   RO         3806    i.ALiYun_HeartBeat  mqttkit.o
    0x080013d8   0x080013d8   0x0000004a   Code   RO         3998    i.ALiYun_Publish    mqtt.o
    0x08001422   0x08001422   0x00000002   PAD
    0x08001424   0x08001424   0x00000460   Code   RO         3999    i.ALiYun_RevPro     mqtt.o
    0x08001884   0x08001884   0x0000006c   Code   RO         4000    i.ALiYun_Subscribe  mqtt.o
    0x080018f0   0x080018f0   0x00000024   Code   RO         3498    i.Beep_Flag         beep.o
    0x08001914   0x08001914   0x00000034   Code   RO         3499    i.Beep_Init         beep.o
    0x08001948   0x08001948   0x00000014   Code   RO         3500    i.Beep_OFF          beep.o
    0x0800195c   0x0800195c   0x00000014   Code   RO         3501    i.Beep_ON           beep.o
    0x08001970   0x08001970   0x00000004   Code   RO         3683    i.BusFault_Handler  stm32f10x_it.o
    0x08001974   0x08001974   0x00000002   Code   RO         3684    i.DebugMon_Handler  stm32f10x_it.o
    0x08001976   0x08001976   0x0000003c   Code   RO         3250    i.DelayMs           delay.o
    0x080019b2   0x080019b2   0x00000002   PAD
    0x080019b4   0x080019b4   0x00000048   Code   RO         3252    i.DelayXms          delay.o
    0x080019fc   0x080019fc   0x00000038   Code   RO         3253    i.Delay_Init        delay.o
    0x08001a34   0x08001a34   0x0000001c   Code   RO         3746    i.ESP8266_Clear     esp_8266.o
    0x08001a50   0x08001a50   0x00000050   Code   RO         3747    i.ESP8266_GetIPD    esp_8266.o
    0x08001aa0   0x08001aa0   0x00000224   Code   RO         3748    i.ESP8266_Init      esp_8266.o
    0x08001cc4   0x08001cc4   0x00000054   Code   RO         3749    i.ESP8266_SendCmd   esp_8266.o
    0x08001d18   0x08001d18   0x00000048   Code   RO         3750    i.ESP8266_SendData  esp_8266.o
    0x08001d60   0x08001d60   0x00000034   Code   RO         3751    i.ESP8266_WaitRecive  esp_8266.o
    0x08001d94   0x08001d94   0x00000008   Code   RO         3310    i.Feed_Dog          iwdg.o
    0x08001d9c   0x08001d9c   0x00000116   Code   RO         1347    i.GPIO_Init         stm32f10x_gpio.o
    0x08001eb2   0x08001eb2   0x00000012   Code   RO         1351    i.GPIO_ReadInputDataBit  stm32f10x_gpio.o
    0x08001ec4   0x08001ec4   0x00000012   Code   RO         1353    i.GPIO_ReadOutputDataBit  stm32f10x_gpio.o
    0x08001ed6   0x08001ed6   0x00000004   Code   RO         1354    i.GPIO_ResetBits    stm32f10x_gpio.o
    0x08001eda   0x08001eda   0x00000004   Code   RO         1355    i.GPIO_SetBits      stm32f10x_gpio.o
    0x08001ede   0x08001ede   0x0000000a   Code   RO         1358    i.GPIO_WriteBit     stm32f10x_gpio.o
    0x08001ee8   0x08001ee8   0x000000e8   Code   RO         3564    i.GetDataFromSHT31  sht31.o
    0x08001fd0   0x08001fd0   0x00000034   Code   RO         3287    i.Get_Adc           adc.o
    0x08002004   0x08002004   0x0000002e   Code   RO         3288    i.Get_Adc_Average   adc.o
    0x08002032   0x08002032   0x00000002   PAD
    0x08002034   0x08002034   0x000001f0   Code   RO         4715    i.Gui_DrawFont_GBK24  gui.o
    0x08002224   0x08002224   0x00000020   Code   RO         4786    i.Gui_DrawPoint     lcd.o
    0x08002244   0x08002244   0x00000004   Code   RO         3685    i.HardFault_Handler  stm32f10x_it.o
    0x08002248   0x08002248   0x0000005c   Code   RO         3618    i.Hardware_Init     main.o
    0x080022a4   0x080022a4   0x000000a0   Code   RO         3565    i.I2C1_SHT31_Get_RH_And_Tmp  sht31.o
    0x08002344   0x08002344   0x0000007c   Code   RO         3566    i.I2C1_init         sht31.o
    0x080023c0   0x080023c0   0x00000018   Code   RO         1459    i.I2C_AcknowledgeConfig  stm32f10x_i2c.o
    0x080023d8   0x080023d8   0x0000002a   Code   RO         1461    i.I2C_CheckEvent    stm32f10x_i2c.o
    0x08002402   0x08002402   0x00000018   Code   RO         1464    i.I2C_Cmd           stm32f10x_i2c.o
    0x0800241a   0x0800241a   0x00000002   PAD
    0x0800241c   0x0800241c   0x00000050   Code   RO         3567    i.I2C_CommandWrite  sht31.o
    0x0800246c   0x0800246c   0x00000018   Code   RO         1471    i.I2C_GenerateSTART  stm32f10x_i2c.o
    0x08002484   0x08002484   0x00000018   Code   RO         1472    i.I2C_GenerateSTOP  stm32f10x_i2c.o
    0x0800249c   0x0800249c   0x000000ec   Code   RO         1478    i.I2C_Init          stm32f10x_i2c.o
    0x08002588   0x08002588   0x0000006c   Code   RO         3568    i.I2C_Read          sht31.o
    0x080025f4   0x080025f4   0x00000008   Code   RO         1483    i.I2C_ReceiveData   stm32f10x_i2c.o
    0x080025fc   0x080025fc   0x00000012   Code   RO         1485    i.I2C_Send7bitAddress  stm32f10x_i2c.o
    0x0800260e   0x0800260e   0x00000004   Code   RO         1486    i.I2C_SendData      stm32f10x_i2c.o
    0x08002612   0x08002612   0x00000002   PAD
    0x08002614   0x08002614   0x00000010   Code   RO         1665    i.IWDG_Enable       stm32f10x_iwdg.o
    0x08002624   0x08002624   0x00000026   Code   RO         3311    i.IWDG_Init         iwdg.o
    0x0800264a   0x0800264a   0x00000002   PAD
    0x0800264c   0x0800264c   0x00000010   Code   RO         1667    i.IWDG_ReloadCounter  stm32f10x_iwdg.o
    0x0800265c   0x0800265c   0x0000000c   Code   RO         1668    i.IWDG_SetPrescaler  stm32f10x_iwdg.o
    0x08002668   0x08002668   0x0000000c   Code   RO         1669    i.IWDG_SetReload    stm32f10x_iwdg.o
    0x08002674   0x08002674   0x0000000c   Code   RO         1670    i.IWDG_WriteAccessCmd  stm32f10x_iwdg.o
    0x08002680   0x08002680   0x00000074   Code   RO         4787    i.LCD_GPIO_Init     lcd.o
    0x080026f4   0x080026f4   0x0000022c   Code   RO         4788    i.LCD_Init          lcd.o
    0x08002920   0x08002920   0x00000030   Code   RO         4789    i.LCD_WriteData_16Bit  lcd.o
    0x08002950   0x08002950   0x00000024   Code   RO         3358    i.LED2_Flag         led.o
    0x08002974   0x08002974   0x00000010   Code   RO         3359    i.LED2_OFF          led.o
    0x08002984   0x08002984   0x00000010   Code   RO         3360    i.LED2_ON           led.o
    0x08002994   0x08002994   0x0000001c   Code   RO         3361    i.LED2_Turn         led.o
    0x080029b0   0x080029b0   0x00000034   Code   RO         3362    i.LED_Init          led.o
    0x080029e4   0x080029e4   0x00000042   Code   RO         4791    i.Lcd_Color_filter  lcd.o
    0x08002a26   0x08002a26   0x00000002   PAD
    0x08002a28   0x08002a28   0x00000024   Code   RO         4793    i.Lcd_Reset         lcd.o
    0x08002a4c   0x08002a4c   0x0000004e   Code   RO         4794    i.Lcd_SetRegion     lcd.o
    0x08002a9a   0x08002a9a   0x00000002   PAD
    0x08002a9c   0x08002a9c   0x00000028   Code   RO         4796    i.Lcd_WriteData     lcd.o
    0x08002ac4   0x08002ac4   0x00000028   Code   RO         4797    i.Lcd_WriteIndex    lcd.o
    0x08002aec   0x08002aec   0x0000001c   Code   RO         3807    i.MQTT_DeleteBuffer  mqttkit.o
    0x08002b08   0x08002b08   0x0000002e   Code   RO         3808    i.MQTT_DumpLength   mqttkit.o
    0x08002b36   0x08002b36   0x00000058   Code   RO         3809    i.MQTT_NewBuffer    mqttkit.o
    0x08002b8e   0x08002b8e   0x00000002   PAD
    0x08002b90   0x08002b90   0x0000008c   Code   RO         3810    i.MQTT_PacketCmdResp  mqttkit.o
    0x08002c1c   0x08002c1c   0x000002a0   Code   RO         3811    i.MQTT_PacketConnect  mqttkit.o
    0x08002ebc   0x08002ebc   0x00000030   Code   RO         3813    i.MQTT_PacketPing   mqttkit.o
    0x08002eec   0x08002eec   0x000001b8   Code   RO         3814    i.MQTT_PacketPublish  mqttkit.o
    0x080030a4   0x080030a4   0x00000048   Code   RO         3815    i.MQTT_PacketPublishAck  mqttkit.o
    0x080030ec   0x080030ec   0x00000048   Code   RO         3816    i.MQTT_PacketPublishComp  mqttkit.o
    0x08003134   0x08003134   0x00000048   Code   RO         3817    i.MQTT_PacketPublishRec  mqttkit.o
    0x0800317c   0x0800317c   0x00000048   Code   RO         3818    i.MQTT_PacketPublishRel  mqttkit.o
    0x080031c4   0x080031c4   0x000000fe   Code   RO         3821    i.MQTT_PacketSubscribe  mqttkit.o
    0x080032c2   0x080032c2   0x00000046   Code   RO         3823    i.MQTT_ReadLength   mqttkit.o
    0x08003308   0x08003308   0x0000008c   Code   RO         3824    i.MQTT_UnPacketCmd  mqttkit.o
    0x08003394   0x08003394   0x0000001e   Code   RO         3825    i.MQTT_UnPacketConnectAck  mqttkit.o
    0x080033b2   0x080033b2   0x00000002   PAD
    0x080033b4   0x080033b4   0x000001c0   Code   RO         3826    i.MQTT_UnPacketPublish  mqttkit.o
    0x08003574   0x08003574   0x0000001e   Code   RO         3827    i.MQTT_UnPacketPublishAck  mqttkit.o
    0x08003592   0x08003592   0x0000001e   Code   RO         3828    i.MQTT_UnPacketPublishComp  mqttkit.o
    0x080035b0   0x080035b0   0x0000001e   Code   RO         3829    i.MQTT_UnPacketPublishRec  mqttkit.o
    0x080035ce   0x080035ce   0x00000024   Code   RO         3830    i.MQTT_UnPacketPublishRel  mqttkit.o
    0x080035f2   0x080035f2   0x00000002   PAD
    0x080035f4   0x080035f4   0x00000074   Code   RO         3831    i.MQTT_UnPacketRecv  mqttkit.o
    0x08003668   0x08003668   0x00000034   Code   RO         3832    i.MQTT_UnPacketSubscribe  mqttkit.o
    0x0800369c   0x0800369c   0x00000012   Code   RO         3833    i.MQTT_UnPacketUnSubscribe  mqttkit.o
    0x080036ae   0x080036ae   0x00000004   Code   RO         3686    i.MemManage_Handler  stm32f10x_it.o
    0x080036b2   0x080036b2   0x00000002   Code   RO         3687    i.NMI_Handler       stm32f10x_it.o
    0x080036b4   0x080036b4   0x00000070   Code   RO          137    i.NVIC_Init         misc.o
    0x08003724   0x08003724   0x00000014   Code   RO          138    i.NVIC_PriorityGroupConfig  misc.o
    0x08003738   0x08003738   0x00000002   Code   RO         3688    i.PendSV_Handler    stm32f10x_it.o
    0x0800373a   0x0800373a   0x00000002   PAD
    0x0800373c   0x0800373c   0x00000018   Code   RO         1773    i.RCC_ADCCLKConfig  stm32f10x_rcc.o
    0x08003754   0x08003754   0x00000020   Code   RO         1776    i.RCC_APB1PeriphClockCmd  stm32f10x_rcc.o
    0x08003774   0x08003774   0x00000020   Code   RO         1778    i.RCC_APB2PeriphClockCmd  stm32f10x_rcc.o
    0x08003794   0x08003794   0x00000020   Code   RO         1779    i.RCC_APB2PeriphResetCmd  stm32f10x_rcc.o
    0x080037b4   0x080037b4   0x0000018c   Code   RO         1786    i.RCC_GetClocksFreq  stm32f10x_rcc.o
    0x08003940   0x08003940   0x00000030   Code   RO         3531    i.Relay_Init        relay.o
    0x08003970   0x08003970   0x00000010   Code   RO         3532    i.Relay_OFF         relay.o
    0x08003980   0x08003980   0x00000010   Code   RO         3533    i.Relay_ON          relay.o
    0x08003990   0x08003990   0x0000001c   Code   RO         3534    i.Relay_Turn        relay.o
    0x080039ac   0x080039ac   0x00000040   Code   RO         3569    i.SHT31_send_cmd    sht31.o
    0x080039ec   0x080039ec   0x0000003c   Code   RO         4798    i.SPI_WriteData     lcd.o
    0x08003a28   0x08003a28   0x00000002   Code   RO         3689    i.SVC_Handler       stm32f10x_it.o
    0x08003a2a   0x08003a2a   0x00000008   Code   RO           24    i.SetSysClock       system_stm32f10x.o
    0x08003a32   0x08003a32   0x00000002   PAD
    0x08003a34   0x08003a34   0x00000118   Code   RO           25    i.SetSysClockTo72   system_stm32f10x.o
    0x08003b4c   0x08003b4c   0x00000002   Code   RO         3690    i.SysTick_Handler   stm32f10x_it.o
    0x08003b4e   0x08003b4e   0x00000002   PAD
    0x08003b50   0x08003b50   0x0000006c   Code   RO           27    i.SystemInit        system_stm32f10x.o
    0x08003bbc   0x08003bbc   0x0000003c   Code   RO         3331    i.TIM3_IRQHandler   tim.o
    0x08003bf8   0x08003bf8   0x00000006   Code   RO         2470    i.TIM_ClearITPendingBit  stm32f10x_tim.o
    0x08003bfe   0x08003bfe   0x00000022   Code   RO         2496    i.TIM_GetITStatus   stm32f10x_tim.o
    0x08003c20   0x08003c20   0x0000014c   Code   RO         4799    i.TMP_RH_INFO       lcd.o
    0x08003d6c   0x08003d6c   0x00000024   Code   RO         3400    i.Touch_GetStatus   touch.o
    0x08003d90   0x08003d90   0x0000002c   Code   RO         3401    i.Touch_Init        touch.o
    0x08003dbc   0x08003dbc   0x0000001c   Code   RO         3425    i.USART1_IRQHandler  uart.o
    0x08003dd8   0x08003dd8   0x0000004c   Code   RO         3752    i.USART2_IRQHandler  esp_8266.o
    0x08003e24   0x08003e24   0x00000012   Code   RO         3010    i.USART_ClearFlag   stm32f10x_usart.o
    0x08003e36   0x08003e36   0x00000018   Code   RO         3014    i.USART_Cmd         stm32f10x_usart.o
    0x08003e4e   0x08003e4e   0x0000001a   Code   RO         3017    i.USART_GetFlagStatus  stm32f10x_usart.o
    0x08003e68   0x08003e68   0x00000054   Code   RO         3018    i.USART_GetITStatus  stm32f10x_usart.o
    0x08003ebc   0x08003ebc   0x0000004a   Code   RO         3020    i.USART_ITConfig    stm32f10x_usart.o
    0x08003f06   0x08003f06   0x00000002   PAD
    0x08003f08   0x08003f08   0x000000d8   Code   RO         3021    i.USART_Init        stm32f10x_usart.o
    0x08003fe0   0x08003fe0   0x00000008   Code   RO         3031    i.USART_SendData    stm32f10x_usart.o
    0x08003fe8   0x08003fe8   0x00000004   Code   RO         3691    i.UsageFault_Handler  stm32f10x_it.o
    0x08003fec   0x08003fec   0x000000a4   Code   RO         3428    i.Usart1_Init       uart.o
    0x08004090   0x08004090   0x000000ac   Code   RO         3429    i.Usart2_Init       uart.o
    0x0800413c   0x0800413c   0x00000048   Code   RO         3430    i.UsartPrintf       uart.o
    0x08004184   0x08004184   0x00000032   Code   RO         3431    i.Usart_SendString  uart.o
    0x080041b6   0x080041b6   0x00000002   PAD
    0x080041b8   0x080041b8   0x00000028   Code   RO         5193    i.__0sprintf        mc_w.l(printfa.o)
    0x080041e0   0x080041e0   0x0000002c   Code   RO         5196    i.__0vsnprintf      mc_w.l(printfa.o)
    0x0800420c   0x0800420c   0x00000008   Code   RO         5302    i.__aeabi_errno_addr  mc_w.l(errno.o)
    0x08004214   0x08004214   0x0000005c   Code   RO         5223    i.__free$realloc    mc_w.l(mallocr.o)
    0x08004270   0x08004270   0x00000050   Code   RO         5224    i.__malloc$realloc  mc_w.l(mallocr.o)
    0x080042c0   0x080042c0   0x0000000e   Code   RO         5369    i.__scatterload_copy  mc_w.l(handlers.o)
    0x080042ce   0x080042ce   0x00000002   Code   RO         5370    i.__scatterload_null  mc_w.l(handlers.o)
    0x080042d0   0x080042d0   0x0000000e   Code   RO         5371    i.__scatterload_zeroinit  mc_w.l(handlers.o)
    0x080042de   0x080042de   0x00000002   PAD
    0x080042e0   0x080042e0   0x00000184   Code   RO         5198    i._fp_digits        mc_w.l(printfa.o)
    0x08004464   0x08004464   0x0000000e   Code   RO         5251    i._is_digit         mc_w.l(scanf_fp.o)
    0x08004472   0x08004472   0x00000002   PAD
    0x08004474   0x08004474   0x000006dc   Code   RO         5199    i._printf_core      mc_w.l(printfa.o)
    0x08004b50   0x08004b50   0x00000024   Code   RO         5200    i._printf_post_padding  mc_w.l(printfa.o)
    0x08004b74   0x08004b74   0x0000002e   Code   RO         5201    i._printf_pre_padding  mc_w.l(printfa.o)
    0x08004ba2   0x08004ba2   0x00000016   Code   RO         5202    i._snputc           mc_w.l(printfa.o)
    0x08004bb8   0x08004bb8   0x0000000a   Code   RO         5203    i._sputc            mc_w.l(printfa.o)
    0x08004bc2   0x08004bc2   0x00000048   Code   RO         4044    i.buffer_skip_whitespace  cjson.o
    0x08004c0a   0x08004c0a   0x00000002   PAD
    0x08004c0c   0x08004c0c   0x00000058   Code   RO         4076    i.cJSON_Delete      cjson.o
    0x08004c64   0x08004c64   0x00000012   Code   RO         4089    i.cJSON_GetObjectItem  cjson.o
    0x08004c76   0x08004c76   0x0000001a   Code   RO         4106    i.cJSON_New_Item    cjson.o
    0x08004c90   0x08004c90   0x00000010   Code   RO         4107    i.cJSON_Parse       cjson.o
    0x08004ca0   0x08004ca0   0x000000d4   Code   RO         4109    i.cJSON_ParseWithLengthOpts  cjson.o
    0x08004d74   0x08004d74   0x00000028   Code   RO         4110    i.cJSON_ParseWithOpts  cjson.o
    0x08004d9c   0x08004d9c   0x00000048   Code   RO         4125    i.case_insensitive_strcmp  cjson.o
    0x08004de4   0x08004de4   0x00000036   Code   RO         3570    i.crc8              sht31.o
    0x08004e1a   0x08004e1a   0x00000004   Code   RO         4131    i.get_decimal_point  cjson.o
    0x08004e1e   0x08004e1e   0x00000052   Code   RO         4132    i.get_object_item   cjson.o
    0x08004e70   0x08004e70   0x00000050   Code   RO         5225    i.internal_alloc    mc_w.l(mallocr.o)
    0x08004ec0   0x08004ec0   0x00000250   Code   RO         3619    i.main              main.o
    0x08005110   0x08005110   0x000000f8   Code   RO         4134    i.parse_array       cjson.o
    0x08005208   0x08005208   0x0000005a   Code   RO         4135    i.parse_hex4        cjson.o
    0x08005262   0x08005262   0x00000002   PAD
    0x08005264   0x08005264   0x00000138   Code   RO         4136    i.parse_number      cjson.o
    0x0800539c   0x0800539c   0x0000013e   Code   RO         4137    i.parse_object      cjson.o
    0x080054da   0x080054da   0x0000018c   Code   RO         4138    i.parse_string      cjson.o
    0x08005666   0x08005666   0x00000002   PAD
    0x08005668   0x08005668   0x0000013c   Code   RO         4139    i.parse_value       cjson.o
    0x080057a4   0x080057a4   0x0000006c   Code   RO         5226    i.realloc           mc_w.l(mallocr.o)
    0x08005810   0x08005810   0x0000003c   Code   RO         4150    i.skip_utf8_bom     cjson.o
    0x0800584c   0x0800584c   0x0000001c   Code   RO         4930    i.strtod            m_ws.l(strtod.o)
    0x08005868   0x08005868   0x0000012c   Code   RO         4153    i.utf16_literal_to_utf8  cjson.o
    0x08005994   0x08005994   0x00000004   Data   RO         3620    .constdata          main.o
    0x08005998   0x08005998   0x0000134a   Data   RO         4721    .constdata          gui.o
    0x08006ce2   0x08006ce2   0x00000081   Data   RO         5331    .constdata          mc_w.l(ctype_o.o)
    0x08006d63   0x08006d63   0x00000001   PAD
    0x08006d64   0x08006d64   0x00000004   Data   RO         5332    .constdata          mc_w.l(ctype_o.o)
    0x08006d68   0x08006d68   0x0000007a   Data   RO         3621    .conststring        main.o
    0x08006de2   0x08006de2   0x00000002   PAD
    0x08006de4   0x08006de4   0x0000004c   Data   RO         3754    .conststring        esp_8266.o
    0x08006e30   0x08006e30   0x00000047   Data   RO         4001    .conststring        mqtt.o
    0x08006e77   0x08006e77   0x00000001   PAD
    0x08006e78   0x08006e78   0x00000020   Data   RO         5367    Region$$Table       anon$$obj.o


    Execution Region RW_IRAM1 (Exec base: 0x20000000, Load base: 0x08006e98, Size: 0x000006c8, Max: 0x00010000, ABSOLUTE)

    Exec Addr    Load Addr    Size         Type   Attr      Idx    E Section Name        Object

    0x20000000   0x08006e98   0x00000014   Data   RW         1814    .data               stm32f10x_rcc.o
    0x20000014   0x08006eac   0x00000004   Data   RW         3254    .data               delay.o
    0x20000018   0x08006eb0   0x00000004   Data   RW         3622    .data               main.o
    0x2000001c   0x08006eb4   0x00000004   Data   RW         3755    .data               esp_8266.o
    0x20000020   0x08006eb8   0x00000002   Data   RW         4002    .data               mqtt.o
    0x20000022   0x08006eba   0x00000002   PAD
    0x20000024   0x08006ebc   0x00000014   Data   RW         4155    .data               cjson.o
    0x20000038   0x08006ed0   0x00000004   Data   RW         5300    .data               mc_w.l(mvars.o)
    0x2000003c   0x08006ed4   0x00000004   Data   RW         5301    .data               mc_w.l(mvars.o)
    0x20000040   0x08006ed8   0x00000004   Data   RW         5305    .data               mc_w.l(errno.o)
    0x20000044        -       0x00000080   Zero   RW         3753    .bss                esp_8266.o
    0x200000c4   0x08006edc   0x00000004   PAD
    0x200000c8        -       0x00000200   Zero   RW            2    HEAP                startup_stm32f10x_md.o
    0x200002c8        -       0x00000400   Zero   RW            1    STACK               startup_stm32f10x_md.o


==============================================================================

Image component sizes


      Code (inc. data)   RO Data    RW Data    ZI Data      Debug   Object Name

       238         14          0          0          0       1680   adc.o
       128         16          0          0          0       1777   beep.o
      2670         66          0         20          0      16701   cjson.o
         0          0          0          0          0       4508   core_cm3.o
       188         14          0          4          0       1820   delay.o
       940        340         76          4        128       4751   esp_8266.o
       496         10       4938          0          0       2128   gui.o
        46          0          0          0          0        935   iwdg.o
      1404        110          0          0          0       6319   lcd.o
       148         18          0          0          0       2196   led.o
       684        158        126          4          0       3487   main.o
       132         22          0          0          0     231591   misc.o
      1922        902         71          2          0       6979   mqtt.o
      3148        102          0          0          0      20210   mqttkit.o
       108         16          0          0          0       1729   relay.o
       822        146          0          0          0       5637   sht31.o
        36          8        236          0       1536        808   startup_stm32f10x_md.o
       486         24          0          0          0      18726   stm32f10x_adc.o
       332          0          0          0          0      12865   stm32f10x_gpio.o
       404         14          0          0          0      14476   stm32f10x_i2c.o
        26          0          0          0          0       3674   stm32f10x_it.o
        68         30          0          0          0       2254   stm32f10x_iwdg.o
       516         46          0         20          0      19342   stm32f10x_rcc.o
        40          0          0          0          0      21918   stm32f10x_tim.o
       450          6          0          0          0      11827   stm32f10x_usart.o
       396         32          0          0          0      37385   system_stm32f10x.o
        60         30          0          0          0        430   tim.o
        80         12          0          0          0        939   touch.o
       486         22          0          0          0       4509   uart.o

    ----------------------------------------------------------------------
     16498       2158       5482         56       1668     461601   Object Totals
         0          0         32          0          0          0   (incl. Generated)
        44          0          3          2          4          0   (incl. Padding)

    ----------------------------------------------------------------------

      Code (inc. data)   RO Data    RW Data    ZI Data      Debug   Library Member Name

        28          0          0          0          0         80   strtod.o
        28          0          0          0          0         68   _chval.o
        64          0          0          0          0         84   _sgetc.o
       158          0          0          0          0         92   _strtoul.o
        26          0          0          0          0         80   atoi.o
         8          4        133          0          0         68   ctype_o.o
         0          0          0          0          0          0   entry.o
         0          0          0          0          0          0   entry10a.o
         0          0          0          0          0          0   entry11a.o
         8          4          0          0          0          0   entry2.o
         4          0          0          0          0          0   entry5.o
         0          0          0          0          0          0   entry7b.o
         0          0          0          0          0          0   entry8b.o
         8          4          0          0          0          0   entry9a.o
         8          4          0          4          0         68   errno.o
        30          0          0          0          0          0   handlers.o
        36          8          0          0          0         68   init.o
        18          0          0          0          0         76   isspace_o.o
         0          0          0          0          0          0   iusefp.o
        30          0          0          0          0         68   llshl.o
        36          0          0          0          0         68   llsshr.o
        32          0          0          0          0         68   llushr.o
       360         30          0          0          0        356   mallocr.o
        36          0          0          0          0         68   memcpya.o
        36          0          0          0          0        108   memseta.o
         0          0          0          8          0          0   mvars.o
      2342         90          0          0          0        668   printfa.o
       878         12          0          0          0        216   scanf_fp.o
        20          0          0          0          0         68   strchr.o
        28          0          0          0          0         76   strcmp.o
        14          0          0          0          0         68   strlen.o
        40          0          0          0          0         76   strncat.o
        30          0          0          0          0         80   strncmp.o
        36          0          0          0          0         80   strstr.o
       156         12          0          0          0        120   strtod.o
       112          0          0          0          0         88   strtol.o
        12          0          0          0          0         68   tolower.o
        44          0          0          0          0         80   uidiv.o
        98          0          0          0          0         92   uldiv.o
        48          0          0          0          0         68   cdcmple.o
        48          0          0          0          0         68   cdrcmple.o
        56          0          0          0          0         88   d2f.o
       334          0          0          0          0        148   dadd.o
       222          0          0          0          0        100   ddiv.o
       186          0          0          0          0        176   depilogue.o
        62          0          0          0          0         80   dfixi.o
        48          0          0          0          0         68   dfixul.o
        26          0          0          0          0         76   dfltui.o
        24          0          0          0          0         76   dfltul.o
       228          0          0          0          0         96   dmul.o
        38          0          0          0          0         68   f2d.o
       110          0          0          0          0        168   fepilogue.o

    ----------------------------------------------------------------------
      6198        168        134         12          0       4480   Library Totals
         4          0          1          0          0          0   (incl. Padding)

    ----------------------------------------------------------------------

      Code (inc. data)   RO Data    RW Data    ZI Data      Debug   Library Name

        28          0          0          0          0         80   m_ws.l
      4736        168        133         12          0       3120   mc_w.l
      1430          0          0          0          0       1280   mf_w.l

    ----------------------------------------------------------------------
      6198        168        134         12          0       4480   Library Totals

    ----------------------------------------------------------------------

==============================================================================


      Code (inc. data)   RO Data    RW Data    ZI Data      Debug   

     22696       2326       5616         68       1668     455469   Grand Totals
     22696       2326       5616         68       1668     455469   ELF Image Totals
     22696       2326       5616         68          0          0   ROM Totals

==============================================================================

    Total RO  Size (Code + RO Data)                28312 (  27.65kB)
    Total RW  Size (RW Data + ZI Data)              1736 (   1.70kB)
    Total ROM Size (Code + RO Data + RW Data)      28380 (  27.71kB)

==============================================================================

